n0054
Wed Mar 25 11:31:35 PM EDT 2026
/home/sm3934/miniconda3/envs/ipm_rcrl_env/bin/python
run= 2 seed= 2 env= CartPoleCostEnv
env=CartPoleCostEnv
state_dim=4
action_dim=1
max_action=10.0
max_episode_steps=1000
No env selected
------use_orthogonal_init------
------use_orthogonal_init------
------use_orthogonal_init------
evaluate_num:1 	 evaluate_reward:41.333333333333336 	 evaluate_cost:10.0 	 evaluate_max_cost:10.0
ch, vs_mean, vl_pi, beta penalty= 0 -0.02256813645362854 13.3101806640625 282.7545166015625
ch, vs_mean, vl_pi, beta penalty= 0 7.652968406677246 37.929908752441406 898.2477188110352
evaluate_num:2 	 evaluate_reward:56.0 	 evaluate_cost:10.0 	 evaluate_max_cost:10.0
ch, vs_mean, vl_pi, beta penalty= 0 15.073710441589355 20.76053237915039 469.01330947875977
ch, vs_mean, vl_pi, beta penalty= 0 17.993635177612305 25.845125198364258 596.1281299591064
evaluate_num:3 	 evaluate_reward:88.66666666666667 	 evaluate_cost:10.0 	 evaluate_max_cost:10.0
ch, vs_mean, vl_pi, beta penalty= 0 23.062068939208984 33.533851623535156 788.3462905883789
ch, vs_mean, vl_pi, beta penalty= 0 30.62879753112793 41.06731414794922 976.6828536987305
ch, vs_mean, vl_pi, beta penalty= 0 40.4525260925293 48.461875915527344 1161.5468978881836
ch, vs_mean, vl_pi, beta penalty= 0 48.17548370361328 56.216190338134766 1355.4047584533691
ch, vs_mean, vl_pi, beta penalty= 0 53.33293914794922 60.74473571777344 1468.618392944336
ch, vs_mean, vl_pi, beta penalty= 0 56.94199752807617 64.73908996582031 1568.4772491455078
ch, vs_mean, vl_pi, beta penalty= 0 59.28151321411133 68.98914337158203 1674.7285842895508
ch, vs_mean, vl_pi, beta penalty= 0 61.842491149902344 71.7046890258789 1742.6172256469727
ch, vs_mean, vl_pi, beta penalty= 0 62.765018463134766 75.48169708251953 1837.0424270629883
evaluate_num:4 	 evaluate_reward:235.0 	 evaluate_cost:135.58417347918595 	 evaluate_max_cost:12.415848586578026
ch, vs_mean, vl_pi, beta penalty= 1 65.31585693359375 79.84146118164062 1946.0365295410156
ch, vs_mean, vl_pi, beta penalty= 1 25.357206344604492 12.90260124206543 272.56503105163574
ch, vs_mean, vl_pi, beta penalty= 1 8.554214477539062 12.836639404296875 270.9159851074219
ch, vs_mean, vl_pi, beta penalty= 1 3.406346321105957 12.778241157531738 269.45602893829346
ch, vs_mean, vl_pi, beta penalty= 1 9.104135513305664 12.712637901306152 267.8159475326538
ch, vs_mean, vl_pi, beta penalty= 1 3.0167932510375977 12.677087783813477 266.9271945953369
ch, vs_mean, vl_pi, beta penalty= 1 8.97377872467041 12.644571304321289 266.1142826080322
ch, vs_mean, vl_pi, beta penalty= 1 2.820214033126831 12.607195854187012 265.1798963546753
ch, vs_mean, vl_pi, beta penalty= 1 8.443802833557129 12.57695198059082 264.4237995147705
ch, vs_mean, vl_pi, beta penalty= 1 2.9608731269836426 12.562111854553223 264.05279636383057
evaluate_num:5 	 evaluate_reward:209.0 	 evaluate_cost:128.23046687832448 	 evaluate_max_cost:12.423974957339237
ch, vs_mean, vl_pi, beta penalty= 1 8.452346801757812 12.533703804016113 263.34259510040283
ch, vs_mean, vl_pi, beta penalty= 1 2.4588096141815186 12.515440940856934 262.88602352142334
ch, vs_mean, vl_pi, beta penalty= 1 9.707637786865234 12.50460433959961 262.61510848999023
ch, vs_mean, vl_pi, beta penalty= 1 2.7380008697509766 12.48094367980957 262.02359199523926
ch, vs_mean, vl_pi, beta penalty= 1 9.083147048950195 12.470122337341309 261.7530584335327
ch, vs_mean, vl_pi, beta penalty= 1 2.5824382305145264 12.459537506103516 261.4884376525879
ch, vs_mean, vl_pi, beta penalty= 1 8.722724914550781 12.45128059387207 261.28201484680176
ch, vs_mean, vl_pi, beta penalty= 1 3.2941794395446777 12.435918807983398 260.89797019958496
ch, vs_mean, vl_pi, beta penalty= 1 8.281222343444824 12.421026229858398 260.52565574645996
ch, vs_mean, vl_pi, beta penalty= 1 3.327225685119629 12.42314338684082 260.5785846710205
evaluate_num:6 	 evaluate_reward:196.66666666666666 	 evaluate_cost:124.53583643293341 	 evaluate_max_cost:12.422309815145208
ch, vs_mean, vl_pi, beta penalty= 1 8.448246002197266 12.405335426330566 260.13338565826416
ch, vs_mean, vl_pi, beta penalty= 1 3.2474117279052734 12.403563499450684 260.0890874862671
ch, vs_mean, vl_pi, beta penalty= 1 8.831360816955566 12.373129844665527 259.3282461166382
ch, vs_mean, vl_pi, beta penalty= 1 3.311734914779663 11.758532524108887 243.96331310272217
ch, vs_mean, vl_pi, beta penalty= 1 8.705236434936523 12.182312965393066 254.55782413482666
ch, vs_mean, vl_pi, beta penalty= 1 3.2481932640075684 11.674874305725098 241.87185764312744
ch, vs_mean, vl_pi, beta penalty= 1 8.460480690002441 12.353331565856934 258.83328914642334
ch, vs_mean, vl_pi, beta penalty= 1 2.942704439163208 12.362897872924805 259.0724468231201
ch, vs_mean, vl_pi, beta penalty= 1 8.690589904785156 12.258810043334961 256.470251083374
evaluate_num:7 	 evaluate_reward:194.33333333333334 	 evaluate_cost:122.1107368356055 	 evaluate_max_cost:12.423911461197138
ch, vs_mean, vl_pi, beta penalty= 1 2.902980327606201 12.236023902893066 255.90059757232666
ch, vs_mean, vl_pi, beta penalty= 1 8.819620132446289 12.356154441833496 258.9038610458374
ch, vs_mean, vl_pi, beta penalty= 1 2.7760496139526367 12.347736358642578 258.69340896606445
ch, vs_mean, vl_pi, beta penalty= 1 8.697399139404297 12.113256454467773 252.83141136169434
ch, vs_mean, vl_pi, beta penalty= 1 2.977290630340576 12.274301528930664 256.8575382232666
ch, vs_mean, vl_pi, beta penalty= 1 9.043625831604004 12.332171440124512 258.3042860031128
ch, vs_mean, vl_pi, beta penalty= 1 3.2005209922790527 12.341373443603516 258.5343360900879
ch, vs_mean, vl_pi, beta penalty= 1 8.931071281433105 12.342947006225586 258.57367515563965
ch, vs_mean, vl_pi, beta penalty= 1 3.0980615615844727 12.338823318481445 258.47058296203613
ch, vs_mean, vl_pi, beta penalty= 1 9.008883476257324 12.32638168334961 258.15954208374023
evaluate_num:8 	 evaluate_reward:202.0 	 evaluate_cost:120.25014304160557 	 evaluate_max_cost:12.42483216415701
ch, vs_mean, vl_pi, beta penalty= 1 3.112733840942383 12.332531929016113 258.31329822540283
ch, vs_mean, vl_pi, beta penalty= 1 9.113838195800781 12.329416275024414 258.23540687561035
ch, vs_mean, vl_pi, beta penalty= 1 2.8579607009887695 12.32744026184082 258.1860065460205
ch, vs_mean, vl_pi, beta penalty= 1 8.487711906433105 12.329604148864746 258.24010372161865
ch, vs_mean, vl_pi, beta penalty= 1 3.3909568786621094 12.313691139221191 257.8422784805298
ch, vs_mean, vl_pi, beta penalty= 1 8.78510856628418 12.315339088439941 257.88347721099854
ch, vs_mean, vl_pi, beta penalty= 1 3.4289443492889404 12.318981170654297 257.9745292663574
ch, vs_mean, vl_pi, beta penalty= 1 8.779611587524414 12.321435928344727 258.03589820861816
ch, vs_mean, vl_pi, beta penalty= 1 3.395659923553467 12.29800033569336 257.450008392334
evaluate_num:9 	 evaluate_reward:184.66666666666666 	 evaluate_cost:120.30592257438076 	 evaluate_max_cost:12.421129884841273
ch, vs_mean, vl_pi, beta penalty= 1 7.899469375610352 12.308684349060059 257.71710872650146
ch, vs_mean, vl_pi, beta penalty= 1 4.012451648712158 12.315045356750488 257.8761339187622
ch, vs_mean, vl_pi, beta penalty= 1 7.813016414642334 12.308551788330078 257.71379470825195
ch, vs_mean, vl_pi, beta penalty= 1 3.804793119430542 12.30691909790039 257.67297744750977
ch, vs_mean, vl_pi, beta penalty= 1 7.869980335235596 12.310079574584961 257.751989364624
ch, vs_mean, vl_pi, beta penalty= 1 3.8726680278778076 12.300640106201172 257.5160026550293
ch, vs_mean, vl_pi, beta penalty= 1 7.893898963928223 12.308106422424316 257.7026605606079
ch, vs_mean, vl_pi, beta penalty= 1 3.611307382583618 12.307699203491211 257.6924800872803
ch, vs_mean, vl_pi, beta penalty= 1 8.339805603027344 12.286321640014648 257.1580410003662
ch, vs_mean, vl_pi, beta penalty= 1 3.7089357376098633 12.296538352966309 257.4134588241577
evaluate_num:10 	 evaluate_reward:195.0 	 evaluate_cost:118.21015260520171 	 evaluate_max_cost:12.415585599998652
ch, vs_mean, vl_pi, beta penalty= 1 7.945425033569336 12.282415390014648 257.0603847503662
ch, vs_mean, vl_pi, beta penalty= 1 4.005450248718262 12.067590713500977 251.6897678375244
ch, vs_mean, vl_pi, beta penalty= 1 7.68788480758667 12.301794052124023 257.5448513031006
ch, vs_mean, vl_pi, beta penalty= 1 3.912745952606201 12.296381950378418 257.40954875946045
ch, vs_mean, vl_pi, beta penalty= 1 7.975958347320557 12.29881477355957 257.47036933898926
ch, vs_mean, vl_pi, beta penalty= 1 4.386043548583984 12.289508819580078 257.23772048950195
ch, vs_mean, vl_pi, beta penalty= 1 7.35389518737793 12.294351577758789 257.3587894439697
ch, vs_mean, vl_pi, beta penalty= 1 4.0259294509887695 12.29631233215332 257.407808303833
ch, vs_mean, vl_pi, beta penalty= 1 7.664338111877441 12.29300308227539 257.32507705688477
evaluate_num:11 	 evaluate_reward:185.33333333333334 	 evaluate_cost:118.74807034365745 	 evaluate_max_cost:12.421240380456432
ch, vs_mean, vl_pi, beta penalty= 1 4.505397796630859 12.290950775146484 257.2737693786621
ch, vs_mean, vl_pi, beta penalty= 1 7.900337219238281 12.29227066040039 257.30676651000977
ch, vs_mean, vl_pi, beta penalty= 1 4.505918979644775 12.286816596984863 257.1704149246216
ch, vs_mean, vl_pi, beta penalty= 1 7.265929698944092 12.284374237060547 257.1093559265137
ch, vs_mean, vl_pi, beta penalty= 1 4.6339030265808105 12.28976821899414 257.2442054748535
ch, vs_mean, vl_pi, beta penalty= 1 7.191999435424805 12.284872055053711 257.1218013763428
ch, vs_mean, vl_pi, beta penalty= 1 4.697931289672852 12.287446022033691 257.1861505508423
ch, vs_mean, vl_pi, beta penalty= 1 6.7334303855896 12.287591934204102 257.18979835510254
ch, vs_mean, vl_pi, beta penalty= 1 4.661920547485352 12.280719757080078 257.01799392700195
evaluate_num:12 	 evaluate_reward:186.66666666666666 	 evaluate_cost:117.74591616931423 	 evaluate_max_cost:12.421184822986348
ch, vs_mean, vl_pi, beta penalty= 1 7.518368721008301 12.285883903503418 257.14709758758545
ch, vs_mean, vl_pi, beta penalty= 1 4.851855754852295 12.277294158935547 256.9323539733887
ch, vs_mean, vl_pi, beta penalty= 1 7.367912769317627 12.284379959106445 257.10949897766113
ch, vs_mean, vl_pi, beta penalty= 1 4.821115970611572 12.280834197998047 257.0208549499512
ch, vs_mean, vl_pi, beta penalty= 1 6.955719947814941 12.281052589416504 257.0263147354126
ch, vs_mean, vl_pi, beta penalty= 1 4.638850688934326 12.281193733215332 257.0298433303833
ch, vs_mean, vl_pi, beta penalty= 1 6.879528999328613 12.278944969177246 256.97362422943115
ch, vs_mean, vl_pi, beta penalty= 1 4.4529619216918945 12.27371597290039 256.84289932250977
ch, vs_mean, vl_pi, beta penalty= 1 6.951992034912109 12.277130126953125 256.9282531738281
ch, vs_mean, vl_pi, beta penalty= 1 4.416501522064209 12.278802871704102 256.97007179260254
evaluate_num:13 	 evaluate_reward:190.66666666666666 	 evaluate_cost:116.96060771292413 	 evaluate_max_cost:12.408236582991101
ch, vs_mean, vl_pi, beta penalty= 1 7.303703784942627 12.276937484741211 256.9234371185303
ch, vs_mean, vl_pi, beta penalty= 1 4.546356201171875 12.275206565856934 256.88016414642334
ch, vs_mean, vl_pi, beta penalty= 1 7.385000228881836 12.271778106689453 256.7944526672363
ch, vs_mean, vl_pi, beta penalty= 1 4.700118541717529 12.273436546325684 256.8359136581421
ch, vs_mean, vl_pi, beta penalty= 1 7.149720668792725 12.275598526000977 256.8899631500244
ch, vs_mean, vl_pi, beta penalty= 1 4.541061878204346 12.27456283569336 256.864070892334
ch, vs_mean, vl_pi, beta penalty= 1 7.464789390563965 12.273197174072266 256.82992935180664
ch, vs_mean, vl_pi, beta penalty= 1 4.678014278411865 12.270319938659668 256.7579984664917
ch, vs_mean, vl_pi, beta penalty= 1 7.469546794891357 12.273244857788086 256.83112144470215
evaluate_num:14 	 evaluate_reward:187.33333333333334 	 evaluate_cost:118.72109653552575 	 evaluate_max_cost:12.426338985119855
ch, vs_mean, vl_pi, beta penalty= 1 4.776182651519775 12.270483016967773 256.76207542419434
ch, vs_mean, vl_pi, beta penalty= 1 7.3935017585754395 12.270956039428711 256.7739009857178
ch, vs_mean, vl_pi, beta penalty= 1 4.446833610534668 12.272134780883789 256.8033695220947
ch, vs_mean, vl_pi, beta penalty= 1 7.325655460357666 12.271862030029297 256.7965507507324
ch, vs_mean, vl_pi, beta penalty= 1 4.702876567840576 12.26872444152832 256.718111038208
ch, vs_mean, vl_pi, beta penalty= 1 7.47282075881958 12.270628929138184 256.7657232284546
ch, vs_mean, vl_pi, beta penalty= 1 4.784465789794922 12.265764236450195 256.6441059112549
ch, vs_mean, vl_pi, beta penalty= 1 7.217635631561279 12.267590522766113 256.68976306915283
ch, vs_mean, vl_pi, beta penalty= 1 4.536661148071289 12.266834259033203 256.6708564758301
evaluate_num:15 	 evaluate_reward:191.0 	 evaluate_cost:117.26618201510087 	 evaluate_max_cost:12.42607111328809
ch, vs_mean, vl_pi, beta penalty= 1 7.11578369140625 12.267961502075195 256.6990375518799
ch, vs_mean, vl_pi, beta penalty= 1 5.147744655609131 12.259603500366211 256.4900875091553
ch, vs_mean, vl_pi, beta penalty= 1 6.686614990234375 12.266515731811523 256.6628932952881
ch, vs_mean, vl_pi, beta penalty= 1 4.997751235961914 12.267436981201172 256.6859245300293
ch, vs_mean, vl_pi, beta penalty= 1 6.654821872711182 12.265302658081055 256.63256645202637
ch, vs_mean, vl_pi, beta penalty= 1 5.138186454772949 12.26148796081543 256.53719902038574
ch, vs_mean, vl_pi, beta penalty= 1 6.9285125732421875 12.265920639038086 256.64801597595215
ch, vs_mean, vl_pi, beta penalty= 1 5.344490051269531 12.265674591064453 256.6418647766113
ch, vs_mean, vl_pi, beta penalty= 1 6.931238651275635 12.263814926147461 256.5953731536865
evaluate_num:16 	 evaluate_reward:186.0 	 evaluate_cost:116.34009972178602 	 evaluate_max_cost:12.422755991371739
ch, vs_mean, vl_pi, beta penalty= 1 5.287868022918701 12.264952659606934 256.62381649017334
ch, vs_mean, vl_pi, beta penalty= 1 7.068274021148682 12.263962745666504 256.5990686416626
ch, vs_mean, vl_pi, beta penalty= 1 4.847266674041748 12.259593963623047 256.4898490905762
ch, vs_mean, vl_pi, beta penalty= 1 6.5568318367004395 12.263132095336914 256.57830238342285
ch, vs_mean, vl_pi, beta penalty= 1 5.168307304382324 12.26399040222168 256.599760055542
ch, vs_mean, vl_pi, beta penalty= 1 6.537089824676514 12.262612342834473 256.5653085708618
ch, vs_mean, vl_pi, beta penalty= 1 5.467496871948242 12.262517929077148 256.5629482269287
ch, vs_mean, vl_pi, beta penalty= 1 6.3825602531433105 12.248559951782227 256.21399879455566
ch, vs_mean, vl_pi, beta penalty= 1 5.325808048248291 12.260393142700195 256.5098285675049
ch, vs_mean, vl_pi, beta penalty= 1 6.64028263092041 12.263123512268066 256.57808780670166
evaluate_num:17 	 evaluate_reward:191.0 	 evaluate_cost:117.08465290714531 	 evaluate_max_cost:12.41703965914863
ch, vs_mean, vl_pi, beta penalty= 1 5.411367893218994 12.263164520263672 256.5791130065918
ch, vs_mean, vl_pi, beta penalty= 1 6.646455764770508 12.258156776428223 256.45391941070557
ch, vs_mean, vl_pi, beta penalty= 1 5.19156551361084 12.260381698608398 256.50954246520996
ch, vs_mean, vl_pi, beta penalty= 1 6.450710773468018 12.262430191040039 256.560754776001
ch, vs_mean, vl_pi, beta penalty= 1 5.276383876800537 12.25863265991211 256.46581649780273
ch, vs_mean, vl_pi, beta penalty= 1 6.750675201416016 12.260173797607422 256.50434494018555
ch, vs_mean, vl_pi, beta penalty= 1 5.489564895629883 12.260807991027832 256.5201997756958
ch, vs_mean, vl_pi, beta penalty= 1 6.995133399963379 12.260544776916504 256.5136194229126
ch, vs_mean, vl_pi, beta penalty= 1 4.881808280944824 12.260137557983398 256.50343894958496
evaluate_num:18 	 evaluate_reward:193.66666666666666 	 evaluate_cost:115.37787243906143 	 evaluate_max_cost:12.41493394322459
ch, vs_mean, vl_pi, beta penalty= 1 6.647612571716309 12.257823944091797 256.4455986022949
ch, vs_mean, vl_pi, beta penalty= 1 4.855876445770264 12.259998321533203 256.4999580383301
ch, vs_mean, vl_pi, beta penalty= 1 7.322207450866699 12.260628700256348 256.5157175064087
ch, vs_mean, vl_pi, beta penalty= 1 4.914163589477539 12.253414154052734 256.33535385131836
ch, vs_mean, vl_pi, beta penalty= 1 6.817584991455078 12.258615493774414 256.46538734436035
ch, vs_mean, vl_pi, beta penalty= 1 5.554720878601074 12.258893966674805 256.4723491668701
ch, vs_mean, vl_pi, beta penalty= 1 6.306247711181641 12.259954452514648 256.4988613128662
ch, vs_mean, vl_pi, beta penalty= 1 5.759242057800293 12.259459495544434 256.48648738861084
ch, vs_mean, vl_pi, beta penalty= 1 6.594815731048584 12.253625869750977 256.3406467437744
evaluate_num:19 	 evaluate_reward:191.66666666666666 	 evaluate_cost:116.25722615113199 	 evaluate_max_cost:12.421771740769403
ch, vs_mean, vl_pi, beta penalty= 1 5.280502796173096 12.258581161499023 256.4645290374756
ch, vs_mean, vl_pi, beta penalty= 1 6.275662422180176 12.255829811096191 256.3957452774048
ch, vs_mean, vl_pi, beta penalty= 1 5.497028350830078 12.258806228637695 256.4701557159424
ch, vs_mean, vl_pi, beta penalty= 1 6.719818592071533 12.256891250610352 256.4222812652588
ch, vs_mean, vl_pi, beta penalty= 1 5.211791038513184 12.255681991577148 256.3920497894287
ch, vs_mean, vl_pi, beta penalty= 1 6.446920871734619 12.258031845092773 256.45079612731934
ch, vs_mean, vl_pi, beta penalty= 1 5.364272594451904 12.257287979125977 256.4321994781494
ch, vs_mean, vl_pi, beta penalty= 1 6.706780433654785 12.257872581481934 256.44681453704834
ch, vs_mean, vl_pi, beta penalty= 1 5.55966854095459 12.25328254699707 256.33206367492676
evaluate_num:20 	 evaluate_reward:183.66666666666666 	 evaluate_cost:116.74989343653465 	 evaluate_max_cost:12.417683945201572
ch, vs_mean, vl_pi, beta penalty= 1 6.659276008605957 12.254522323608398 256.36305809020996
ch, vs_mean, vl_pi, beta penalty= 1 5.597607135772705 12.253724098205566 256.34310245513916
ch, vs_mean, vl_pi, beta penalty= 1 6.158017158508301 12.248758316040039 256.218957901001
ch, vs_mean, vl_pi, beta penalty= 1 5.288364887237549 12.252036094665527 256.3009023666382
ch, vs_mean, vl_pi, beta penalty= 1 6.695646286010742 12.257328987121582 256.43322467803955
ch, vs_mean, vl_pi, beta penalty= 1 5.703686714172363 12.25345230102539 256.33630752563477
ch, vs_mean, vl_pi, beta penalty= 1 6.191515922546387 12.254141807556152 256.3535451889038
ch, vs_mean, vl_pi, beta penalty= 1 5.782068729400635 12.253396987915039 256.334924697876
ch, vs_mean, vl_pi, beta penalty= 1 6.248025417327881 12.253442764282227 256.33606910705566
ch, vs_mean, vl_pi, beta penalty= 1 5.748569488525391 12.255290985107422 256.38227462768555
evaluate_num:21 	 evaluate_reward:187.0 	 evaluate_cost:116.96538148878358 	 evaluate_max_cost:12.425453294983413
ch, vs_mean, vl_pi, beta penalty= 1 6.031879901885986 12.255664825439453 256.3916206359863
ch, vs_mean, vl_pi, beta penalty= 1 5.959595203399658 12.25405502319336 256.351375579834
ch, vs_mean, vl_pi, beta penalty= 1 5.741337776184082 12.256760597229004 256.4190149307251
ch, vs_mean, vl_pi, beta penalty= 1 6.353947639465332 12.246185302734375 256.1546325683594
ch, vs_mean, vl_pi, beta penalty= 1 5.378657341003418 12.253129959106445 256.32824897766113
ch, vs_mean, vl_pi, beta penalty= 1 6.12929105758667 12.256422996520996 256.4105749130249
ch, vs_mean, vl_pi, beta penalty= 1 5.943384170532227 12.249246597290039 256.231164932251
ch, vs_mean, vl_pi, beta penalty= 1 6.036947250366211 12.250853538513184 256.2713384628296
ch, vs_mean, vl_pi, beta penalty= 1 5.821495532989502 12.25497817993164 256.374454498291
evaluate_num:22 	 evaluate_reward:209.66666666666666 	 evaluate_cost:114.29964897714395 	 evaluate_max_cost:12.417701879572451
ch, vs_mean, vl_pi, beta penalty= 1 6.200957775115967 12.256755828857422 256.41889572143555
ch, vs_mean, vl_pi, beta penalty= 1 5.878678798675537 12.251704216003418 256.29260540008545
ch, vs_mean, vl_pi, beta penalty= 1 5.863987445831299 12.255304336547852 256.3826084136963
ch, vs_mean, vl_pi, beta penalty= 1 5.729799270629883 12.254705429077148 256.3676357269287
ch, vs_mean, vl_pi, beta penalty= 1 6.062713623046875 12.255942344665527 256.3985586166382
ch, vs_mean, vl_pi, beta penalty= 1 5.907773971557617 12.254262924194336 256.3565731048584
ch, vs_mean, vl_pi, beta penalty= 1 5.867319107055664 12.256224632263184 256.4056158065796
ch, vs_mean, vl_pi, beta penalty= 1 6.039179801940918 12.25629997253418 256.4074993133545
ch, vs_mean, vl_pi, beta penalty= 1 5.913991928100586 12.255766868591309 256.3941717147827
evaluate_num:23 	 evaluate_reward:183.66666666666666 	 evaluate_cost:116.5525555294631 	 evaluate_max_cost:12.424942937561562
ch, vs_mean, vl_pi, beta penalty= 1 6.236830711364746 12.254302024841309 256.3575506210327
ch, vs_mean, vl_pi, beta penalty= 1 5.908061981201172 12.255550384521484 256.3887596130371
ch, vs_mean, vl_pi, beta penalty= 1 6.2004570960998535 12.250596046447754 256.26490116119385
ch, vs_mean, vl_pi, beta penalty= 1 5.789281845092773 12.255237579345703 256.3809394836426
ch, vs_mean, vl_pi, beta penalty= 1 6.00189733505249 12.254230499267578 256.35576248168945
ch, vs_mean, vl_pi, beta penalty= 1 6.006897926330566 12.255536079406738 256.38840198516846
ch, vs_mean, vl_pi, beta penalty= 1 6.030474662780762 12.256126403808594 256.40316009521484
ch, vs_mean, vl_pi, beta penalty= 1 5.822254657745361 12.25505256652832 256.376314163208
ch, vs_mean, vl_pi, beta penalty= 1 6.076685905456543 12.239104270935059 255.97760677337646
evaluate_num:24 	 evaluate_reward:177.66666666666666 	 evaluate_cost:117.36950359819757 	 evaluate_max_cost:12.424713889706975
ch, vs_mean, vl_pi, beta penalty= 1 5.886983394622803 12.247387886047363 256.1846971511841
ch, vs_mean, vl_pi, beta penalty= 1 6.011083602905273 12.253133773803711 256.3283443450928
ch, vs_mean, vl_pi, beta penalty= 1 5.858906269073486 12.252778053283691 256.3194513320923
ch, vs_mean, vl_pi, beta penalty= 1 6.450564384460449 12.25411605834961 256.35290145874023
ch, vs_mean, vl_pi, beta penalty= 1 5.6216721534729 12.243124008178711 256.0781002044678
ch, vs_mean, vl_pi, beta penalty= 1 6.225528717041016 12.254057884216309 256.3514471054077
ch, vs_mean, vl_pi, beta penalty= 1 5.644458293914795 12.252729415893555 256.31823539733887
ch, vs_mean, vl_pi, beta penalty= 1 6.571087837219238 12.248859405517578 256.22148513793945
ch, vs_mean, vl_pi, beta penalty= 1 5.25954532623291 12.254253387451172 256.3563346862793
ch, vs_mean, vl_pi, beta penalty= 1 6.403618335723877 12.246679306030273 256.16698265075684
evaluate_num:25 	 evaluate_reward:190.0 	 evaluate_cost:115.33227352101623 	 evaluate_max_cost:12.422106863298087
ch, vs_mean, vl_pi, beta penalty= 1 5.521737098693848 12.253753662109375 256.3438415527344
ch, vs_mean, vl_pi, beta penalty= 1 6.10020637512207 12.248189926147461 256.2047481536865
ch, vs_mean, vl_pi, beta penalty= 1 5.591775894165039 12.254657745361328 256.3664436340332
ch, vs_mean, vl_pi, beta penalty= 1 6.340992450714111 12.255230903625488 256.3807725906372
ch, vs_mean, vl_pi, beta penalty= 1 5.594064712524414 12.252435684204102 256.31089210510254
ch, vs_mean, vl_pi, beta penalty= 1 6.313333988189697 12.255117416381836 256.3779354095459
ch, vs_mean, vl_pi, beta penalty= 1 6.003634929656982 12.251313209533691 256.2828302383423
ch, vs_mean, vl_pi, beta penalty= 1 5.889112949371338 12.249608993530273 256.24022483825684
ch, vs_mean, vl_pi, beta penalty= 1 5.8237175941467285 12.252045631408691 256.3011407852173
evaluate_num:26 	 evaluate_reward:180.33333333333334 	 evaluate_cost:115.99682963500146 	 evaluate_max_cost:12.423240170718529
ch, vs_mean, vl_pi, beta penalty= 1 6.380693435668945 12.255258560180664 256.3814640045166
ch, vs_mean, vl_pi, beta penalty= 1 5.864076137542725 12.252420425415039 256.310510635376
ch, vs_mean, vl_pi, beta penalty= 1 6.200676918029785 12.250543594360352 256.2635898590088
ch, vs_mean, vl_pi, beta penalty= 1 5.581724166870117 12.254983901977539 256.3745975494385
ch, vs_mean, vl_pi, beta penalty= 1 5.985266208648682 12.254619598388672 256.3654899597168
ch, vs_mean, vl_pi, beta penalty= 1 5.927718639373779 12.253722190856934 256.34305477142334
ch, vs_mean, vl_pi, beta penalty= 1 5.792821884155273 12.24785041809082 256.1962604522705
ch, vs_mean, vl_pi, beta penalty= 1 6.345500469207764 12.255062103271484 256.3765525817871
ch, vs_mean, vl_pi, beta penalty= 1 5.942770957946777 12.246450424194336 256.1612606048584
ch, vs_mean, vl_pi, beta penalty= 1 6.040790557861328 12.252179145812988 256.3044786453247
evaluate_num:27 	 evaluate_reward:212.66666666666666 	 evaluate_cost:114.88416984009258 	 evaluate_max_cost:12.425032663682986
ch, vs_mean, vl_pi, beta penalty= 1 5.688528060913086 12.255659103393555 256.39147758483887
ch, vs_mean, vl_pi, beta penalty= 1 6.665838718414307 12.254663467407227 256.36658668518066
ch, vs_mean, vl_pi, beta penalty= 1 5.375021934509277 12.251726150512695 256.2931537628174
ch, vs_mean, vl_pi, beta penalty= 1 6.456746578216553 12.251147270202637 256.2786817550659
ch, vs_mean, vl_pi, beta penalty= 1 5.5771164894104 12.253826141357422 256.34565353393555
ch, vs_mean, vl_pi, beta penalty= 1 6.2458672523498535 12.254114151000977 256.3528537750244
ch, vs_mean, vl_pi, beta penalty= 1 5.626101016998291 12.252580642700195 256.3145160675049
ch, vs_mean, vl_pi, beta penalty= 1 6.563145637512207 12.254125595092773 256.35313987731934
ch, vs_mean, vl_pi, beta penalty= 1 5.7628374099731445 12.252599716186523 256.3149929046631
evaluate_num:28 	 evaluate_reward:200.0 	 evaluate_cost:114.29091177967295 	 evaluate_max_cost:12.421095951418954
ch, vs_mean, vl_pi, beta penalty= 1 6.011246204376221 12.25156021118164 256.289005279541
ch, vs_mean, vl_pi, beta penalty= 1 5.756018161773682 12.25589370727539 256.39734268188477
ch, vs_mean, vl_pi, beta penalty= 1 5.939554691314697 12.253371238708496 256.3342809677124
ch, vs_mean, vl_pi, beta penalty= 1 5.859079837799072 12.253255844116211 256.3313961029053
ch, vs_mean, vl_pi, beta penalty= 1 5.851083755493164 12.255858421325684 256.3964605331421
ch, vs_mean, vl_pi, beta penalty= 1 5.6535139083862305 12.253622055053711 256.3405513763428
ch, vs_mean, vl_pi, beta penalty= 1 5.967896461486816 12.253698348999023 256.3424587249756
ch, vs_mean, vl_pi, beta penalty= 1 5.919461727142334 12.255959510803223 256.39898777008057
ch, vs_mean, vl_pi, beta penalty= 1 6.009693622589111 12.254587173461914 256.36467933654785
evaluate_num:29 	 evaluate_reward:186.33333333333334 	 evaluate_cost:115.14681634828956 	 evaluate_max_cost:12.420949523497757
ch, vs_mean, vl_pi, beta penalty= 1 5.684893608093262 12.251595497131348 256.2898874282837
ch, vs_mean, vl_pi, beta penalty= 1 6.127962112426758 12.255768775939941 256.39421939849854
ch, vs_mean, vl_pi, beta penalty= 1 5.348317623138428 12.253644943237305 256.3411235809326
ch, vs_mean, vl_pi, beta penalty= 1 6.75014591217041 12.249634742736816 256.2408685684204
ch, vs_mean, vl_pi, beta penalty= 1 5.501500129699707 12.253742218017578 256.34355545043945
ch, vs_mean, vl_pi, beta penalty= 1 6.488900184631348 12.255197525024414 256.37993812561035
ch, vs_mean, vl_pi, beta penalty= 1 4.9770941734313965 12.255309104919434 256.38272762298584
ch, vs_mean, vl_pi, beta penalty= 1 6.665151596069336 12.253543853759766 256.33859634399414
ch, vs_mean, vl_pi, beta penalty= 1 4.995571136474609 12.250975608825684 256.2743902206421
evaluate_num:30 	 evaluate_reward:195.66666666666666 	 evaluate_cost:114.15238588453246 	 evaluate_max_cost:12.427856462628752
ch, vs_mean, vl_pi, beta penalty= 1 6.935624122619629 12.251745223999023 256.2936305999756
ch, vs_mean, vl_pi, beta penalty= 1 5.3038010597229 12.250539779663086 256.26349449157715
ch, vs_mean, vl_pi, beta penalty= 1 6.993715763092041 12.250683784484863 256.2670946121216
ch, vs_mean, vl_pi, beta penalty= 1 5.298925399780273 12.250614166259766 256.26535415649414
ch, vs_mean, vl_pi, beta penalty= 1 6.4704813957214355 12.25535774230957 256.38394355773926
ch, vs_mean, vl_pi, beta penalty= 1 4.911669731140137 12.248388290405273 256.20970726013184
ch, vs_mean, vl_pi, beta penalty= 1 6.753585338592529 12.253907203674316 256.3476800918579
ch, vs_mean, vl_pi, beta penalty= 1 4.522391319274902 12.249711990356445 256.24279975891113
ch, vs_mean, vl_pi, beta penalty= 1 7.016800403594971 12.25558853149414 256.3897132873535
ch, vs_mean, vl_pi, beta penalty= 1 4.411263465881348 12.255209922790527 256.3802480697632
evaluate_num:31 	 evaluate_reward:192.0 	 evaluate_cost:113.41280683487692 	 evaluate_max_cost:12.41061044253885
ch, vs_mean, vl_pi, beta penalty= 1 7.43520975112915 12.243570327758789 256.0892581939697
ch, vs_mean, vl_pi, beta penalty= 1 4.065849304199219 12.250993728637695 256.2748432159424
ch, vs_mean, vl_pi, beta penalty= 1 8.022994995117188 12.254380226135254 256.35950565338135
ch, vs_mean, vl_pi, beta penalty= 1 3.6762564182281494 12.245932579040527 256.1483144760132
ch, vs_mean, vl_pi, beta penalty= 1 8.409211158752441 12.252381324768066 256.30953311920166
ch, vs_mean, vl_pi, beta penalty= 1 3.740786552429199 12.25444221496582 256.3610553741455
ch, vs_mean, vl_pi, beta penalty= 1 8.63152027130127 12.254840850830078 256.37102127075195
ch, vs_mean, vl_pi, beta penalty= 1 3.459235191345215 12.248035430908203 256.2008857727051
ch, vs_mean, vl_pi, beta penalty= 1 8.562544822692871 12.25103759765625 256.27593994140625
evaluate_num:32 	 evaluate_reward:177.33333333333334 	 evaluate_cost:114.77527486737286 	 evaluate_max_cost:12.426730817446956
ch, vs_mean, vl_pi, beta penalty= 1 3.085381507873535 12.254312515258789 256.3578128814697
ch, vs_mean, vl_pi, beta penalty= 1 8.649368286132812 12.248636245727539 256.2159061431885
ch, vs_mean, vl_pi, beta penalty= 1 2.5805482864379883 12.251015663146973 256.2753915786743
ch, vs_mean, vl_pi, beta penalty= 1 8.724220275878906 12.251300811767578 256.28252029418945
ch, vs_mean, vl_pi, beta penalty= 1 2.184119939804077 12.254088401794434 256.35221004486084
ch, vs_mean, vl_pi, beta penalty= 1 9.143392562866211 12.252605438232422 256.31513595581055
ch, vs_mean, vl_pi, beta penalty= 1 2.6630699634552 12.25156021118164 256.289005279541
ch, vs_mean, vl_pi, beta penalty= 1 8.930150985717773 12.254181861877441 256.35454654693604
ch, vs_mean, vl_pi, beta penalty= 1 2.3417742252349854 12.255071640014648 256.3767910003662
evaluate_num:33 	 evaluate_reward:183.0 	 evaluate_cost:113.9268545807091 	 evaluate_max_cost:12.417260755018296
ch, vs_mean, vl_pi, beta penalty= 1 9.165283203125 12.254485130310059 256.36212825775146
ch, vs_mean, vl_pi, beta penalty= 1 2.580113410949707 12.252660751342773 256.31651878356934
ch, vs_mean, vl_pi, beta penalty= 1 9.237171173095703 12.250248908996582 256.25622272491455
ch, vs_mean, vl_pi, beta penalty= 1 2.516674280166626 12.25432014465332 256.358003616333
ch, vs_mean, vl_pi, beta penalty= 1 8.838702201843262 12.254430770874023 256.3607692718506
ch, vs_mean, vl_pi, beta penalty= 1 2.279860258102417 12.253332138061523 256.3333034515381
ch, vs_mean, vl_pi, beta penalty= 1 8.81132698059082 12.246735572814941 256.16838932037354
ch, vs_mean, vl_pi, beta penalty= 1 2.856900453567505 12.244945526123047 256.1236381530762
ch, vs_mean, vl_pi, beta penalty= 1 9.046152114868164 12.250448226928711 256.2612056732178
evaluate_num:34 	 evaluate_reward:205.0 	 evaluate_cost:111.7859853493556 	 evaluate_max_cost:12.407869190642087
ch, vs_mean, vl_pi, beta penalty= 1 2.2516279220581055 12.248778343200684 256.2194585800171
ch, vs_mean, vl_pi, beta penalty= 1 8.851372718811035 12.254569053649902 256.36422634124756
ch, vs_mean, vl_pi, beta penalty= 1 2.377959728240967 12.251313209533691 256.2828302383423
ch, vs_mean, vl_pi, beta penalty= 1 8.680957794189453 12.254297256469727 256.35743141174316
ch, vs_mean, vl_pi, beta penalty= 1 2.8299098014831543 12.250484466552734 256.26211166381836
ch, vs_mean, vl_pi, beta penalty= 1 9.280132293701172 12.251572608947754 256.28931522369385
ch, vs_mean, vl_pi, beta penalty= 1 2.6073269844055176 12.253026962280273 256.32567405700684
ch, vs_mean, vl_pi, beta penalty= 1 8.940531730651855 12.252710342407227 256.31775856018066
ch, vs_mean, vl_pi, beta penalty= 1 2.3602681159973145 12.248566627502441 256.21416568756104
ch, vs_mean, vl_pi, beta penalty= 1 8.848987579345703 12.25444221496582 256.3610553741455
evaluate_num:35 	 evaluate_reward:190.0 	 evaluate_cost:113.39996424906076 	 evaluate_max_cost:12.423169490980984
ch, vs_mean, vl_pi, beta penalty= 1 2.5019586086273193 12.258404731750488 256.4601182937622
ch, vs_mean, vl_pi, beta penalty= 1 8.762653350830078 12.250898361206055 256.27245903015137
ch, vs_mean, vl_pi, beta penalty= 1 2.748076915740967 12.255127906799316 256.3781976699829
ch, vs_mean, vl_pi, beta penalty= 1 9.095226287841797 12.254638671875 256.365966796875
ch, vs_mean, vl_pi, beta penalty= 1 3.1128737926483154 12.25351333618164 256.337833404541
ch, vs_mean, vl_pi, beta penalty= 1 9.226892471313477 12.256342887878418 256.40857219696045
ch, vs_mean, vl_pi, beta penalty= 1 2.7425856590270996 12.248822212219238 256.22055530548096
ch, vs_mean, vl_pi, beta penalty= 1 8.51955509185791 12.255483627319336 256.3870906829834
ch, vs_mean, vl_pi, beta penalty= 1 2.870211124420166 12.253479957580566 256.33699893951416
evaluate_num:36 	 evaluate_reward:192.66666666666666 	 evaluate_cost:112.93091253198268 	 evaluate_max_cost:12.421978446048973
ch, vs_mean, vl_pi, beta penalty= 1 8.869887351989746 12.249663352966309 256.2415838241577
ch, vs_mean, vl_pi, beta penalty= 1 2.8092947006225586 12.255865097045898 256.39662742614746
ch, vs_mean, vl_pi, beta penalty= 1 8.564315795898438 12.255636215209961 256.390905380249
ch, vs_mean, vl_pi, beta penalty= 1 3.2280101776123047 12.237714767456055 255.94286918640137
ch, vs_mean, vl_pi, beta penalty= 1 8.675701141357422 12.255207061767578 256.38017654418945
ch, vs_mean, vl_pi, beta penalty= 1 2.9804956912994385 12.255640029907227 256.39100074768066
ch, vs_mean, vl_pi, beta penalty= 1 9.328634262084961 12.250265121459961 256.256628036499
ch, vs_mean, vl_pi, beta penalty= 1 3.353426456451416 12.255684852600098 256.39212131500244
ch, vs_mean, vl_pi, beta penalty= 1 8.302637100219727 12.256185531616211 256.4046382904053
evaluate_num:37 	 evaluate_reward:196.33333333333334 	 evaluate_cost:112.3113447430158 	 evaluate_max_cost:12.411274038444706
ch, vs_mean, vl_pi, beta penalty= 1 2.685406446456909 12.256274223327637 256.4068555831909
ch, vs_mean, vl_pi, beta penalty= 1 8.698785781860352 12.2515869140625 256.2896728515625
ch, vs_mean, vl_pi, beta penalty= 1 3.320840358734131 12.254450798034668 256.3612699508667
ch, vs_mean, vl_pi, beta penalty= 1 8.458466529846191 12.254993438720703 256.3748359680176
ch, vs_mean, vl_pi, beta penalty= 1 2.962651014328003 12.25466537475586 256.3666343688965
ch, vs_mean, vl_pi, beta penalty= 1 8.977118492126465 12.24477767944336 256.119441986084
ch, vs_mean, vl_pi, beta penalty= 1 3.507925510406494 12.250121116638184 256.2530279159546
ch, vs_mean, vl_pi, beta penalty= 1 8.260047912597656 12.25528335571289 256.38208389282227
ch, vs_mean, vl_pi, beta penalty= 1 3.110790252685547 12.247763633728027 256.1940908432007
evaluate_num:38 	 evaluate_reward:177.0 	 evaluate_cost:112.6978226430697 	 evaluate_max_cost:12.406711895565067
ch, vs_mean, vl_pi, beta penalty= 1 8.208817481994629 12.25517463684082 256.3793659210205
ch, vs_mean, vl_pi, beta penalty= 1 3.2699854373931885 12.251357078552246 256.28392696380615
ch, vs_mean, vl_pi, beta penalty= 1 8.377440452575684 12.252613067626953 256.3153266906738
ch, vs_mean, vl_pi, beta penalty= 1 3.451040506362915 12.254278182983398 256.35695457458496
ch, vs_mean, vl_pi, beta penalty= 1 8.122825622558594 12.254499435424805 256.3624858856201
ch, vs_mean, vl_pi, beta penalty= 1 3.1892142295837402 12.254146575927734 256.35366439819336
ch, vs_mean, vl_pi, beta penalty= 1 8.008130073547363 12.253022193908691 256.3255548477173
ch, vs_mean, vl_pi, beta penalty= 1 3.1368792057037354 12.254355430603027 256.3588857650757
ch, vs_mean, vl_pi, beta penalty= 1 8.397107124328613 12.256204605102539 256.4051151275635
evaluate_num:39 	 evaluate_reward:187.33333333333334 	 evaluate_cost:112.97293713633371 	 evaluate_max_cost:12.419967451825997
ch, vs_mean, vl_pi, beta penalty= 1 3.446024179458618 12.254985809326172 256.3746452331543
ch, vs_mean, vl_pi, beta penalty= 1 8.187020301818848 12.253968238830566 256.34920597076416
ch, vs_mean, vl_pi, beta penalty= 1 3.55120587348938 12.251784324645996 256.2946081161499
ch, vs_mean, vl_pi, beta penalty= 1 8.65085506439209 12.254956245422363 256.3739061355591
ch, vs_mean, vl_pi, beta penalty= 1 3.749138593673706 12.256021499633789 256.4005374908447
ch, vs_mean, vl_pi, beta penalty= 1 7.907050132751465 12.248932838439941 256.22332096099854
ch, vs_mean, vl_pi, beta penalty= 1 3.284444808959961 12.252202987670898 256.30507469177246
ch, vs_mean, vl_pi, beta penalty= 1 8.158653259277344 12.25369644165039 256.34241104125977
ch, vs_mean, vl_pi, beta penalty= 1 3.7754416465759277 12.255105972290039 256.377649307251
evaluate_num:40 	 evaluate_reward:177.0 	 evaluate_cost:114.0719623662058 	 evaluate_max_cost:12.424600531875734
ch, vs_mean, vl_pi, beta penalty= 1 8.28864574432373 12.25928020477295 256.48200511932373
ch, vs_mean, vl_pi, beta penalty= 1 3.7928898334503174 12.25527572631836 256.381893157959
ch, vs_mean, vl_pi, beta penalty= 1 8.332194328308105 12.254589080810547 256.3647270202637
ch, vs_mean, vl_pi, beta penalty= 1 4.133659839630127 12.257305145263672 256.4326286315918
ch, vs_mean, vl_pi, beta penalty= 1 7.614960193634033 12.253515243530273 256.33788108825684
ch, vs_mean, vl_pi, beta penalty= 1 4.108189105987549 12.24482536315918 256.1206340789795
ch, vs_mean, vl_pi, beta penalty= 1 7.888210296630859 12.254578590393066 256.36446475982666
ch, vs_mean, vl_pi, beta penalty= 1 3.847226619720459 12.254962921142578 256.37407302856445
ch, vs_mean, vl_pi, beta penalty= 1 7.798808574676514 12.25439453125 256.35986328125
ch, vs_mean, vl_pi, beta penalty= 1 3.868363380432129 12.256397247314453 256.4099311828613
evaluate_num:41 	 evaluate_reward:178.66666666666666 	 evaluate_cost:113.48721620336744 	 evaluate_max_cost:12.4212060090417
ch, vs_mean, vl_pi, beta penalty= 1 7.820181369781494 12.253090858459473 256.3272714614868
ch, vs_mean, vl_pi, beta penalty= 1 4.054045677185059 12.256250381469727 256.40625953674316
ch, vs_mean, vl_pi, beta penalty= 1 7.600550651550293 12.255071640014648 256.3767910003662
ch, vs_mean, vl_pi, beta penalty= 1 4.745249271392822 12.253854751586914 256.34636878967285
ch, vs_mean, vl_pi, beta penalty= 1 7.2480878829956055 12.255139350891113 256.37848377227783
ch, vs_mean, vl_pi, beta penalty= 1 4.243595600128174 12.256378173828125 256.4094543457031
ch, vs_mean, vl_pi, beta penalty= 1 7.7049384117126465 12.24992561340332 256.248140335083
ch, vs_mean, vl_pi, beta penalty= 1 3.919431686401367 12.255022048950195 256.3755512237549
ch, vs_mean, vl_pi, beta penalty= 1 7.712433338165283 12.255311012268066 256.38277530670166
evaluate_num:42 	 evaluate_reward:190.0 	 evaluate_cost:114.0504337264661 	 evaluate_max_cost:12.427661874173479
ch, vs_mean, vl_pi, beta penalty= 1 4.120029926300049 12.253252983093262 256.33132457733154
ch, vs_mean, vl_pi, beta penalty= 1 7.655289649963379 12.255754470825195 256.3938617706299
ch, vs_mean, vl_pi, beta penalty= 1 4.39938497543335 12.251799583435059 256.29498958587646
ch, vs_mean, vl_pi, beta penalty= 1 8.108020782470703 12.254926681518555 256.37316703796387
ch, vs_mean, vl_pi, beta penalty= 1 4.374834060668945 12.251855850219727 256.29639625549316
ch, vs_mean, vl_pi, beta penalty= 1 7.297843933105469 12.256580352783203 256.4145088195801
ch, vs_mean, vl_pi, beta penalty= 1 4.088847637176514 12.255156517028809 256.3789129257202
ch, vs_mean, vl_pi, beta penalty= 1 7.3170576095581055 12.253347396850586 256.33368492126465
ch, vs_mean, vl_pi, beta penalty= 1 4.303914546966553 12.258763313293457 256.4690828323364
evaluate_num:43 	 evaluate_reward:189.33333333333334 	 evaluate_cost:113.08623560283796 	 evaluate_max_cost:12.42675878459827
ch, vs_mean, vl_pi, beta penalty= 1 7.358254909515381 12.254569053649902 256.36422634124756
ch, vs_mean, vl_pi, beta penalty= 1 4.428189754486084 12.256674766540527 256.4168691635132
ch, vs_mean, vl_pi, beta penalty= 1 7.269278049468994 12.25377082824707 256.34427070617676
ch, vs_mean, vl_pi, beta penalty= 1 4.197249889373779 12.253640174865723 256.34100437164307
ch, vs_mean, vl_pi, beta penalty= 1 7.134283065795898 12.255990982055664 256.3997745513916
ch, vs_mean, vl_pi, beta penalty= 1 4.997893333435059 12.252445220947266 256.31113052368164
ch, vs_mean, vl_pi, beta penalty= 1 6.783257961273193 12.252196311950684 256.3049077987671
ch, vs_mean, vl_pi, beta penalty= 1 5.200148582458496 12.252208709716797 256.3052177429199
ch, vs_mean, vl_pi, beta penalty= 1 6.546993255615234 12.25074577331543 256.26864433288574
evaluate_num:44 	 evaluate_reward:178.33333333333334 	 evaluate_cost:113.69086854398294 	 evaluate_max_cost:12.426649985710856
ch, vs_mean, vl_pi, beta penalty= 1 5.250749588012695 12.255234718322754 256.38086795806885
ch, vs_mean, vl_pi, beta penalty= 1 7.1357951164245605 12.256529808044434 256.41324520111084
ch, vs_mean, vl_pi, beta penalty= 1 5.200413703918457 12.254322052001953 256.3580513000488
ch, vs_mean, vl_pi, beta penalty= 1 7.023800849914551 12.25599479675293 256.39986991882324
ch, vs_mean, vl_pi, beta penalty= 1 4.8422746658325195 12.256567001342773 256.41417503356934
ch, vs_mean, vl_pi, beta penalty= 1 6.8854169845581055 12.254980087280273 256.37450218200684
ch, vs_mean, vl_pi, beta penalty= 1 4.678382873535156 12.256488800048828 256.4122200012207
ch, vs_mean, vl_pi, beta penalty= 1 7.097878456115723 12.256542205810547 256.4135551452637
ch, vs_mean, vl_pi, beta penalty= 1 4.68841552734375 12.256606101989746 256.41515254974365
evaluate_num:45 	 evaluate_reward:187.33333333333334 	 evaluate_cost:112.82829527141035 	 evaluate_max_cost:12.41675414707965
ch, vs_mean, vl_pi, beta penalty= 1 7.188142776489258 12.255112648010254 256.37781620025635
ch, vs_mean, vl_pi, beta penalty= 1 5.065174579620361 12.256732940673828 256.4183235168457
ch, vs_mean, vl_pi, beta penalty= 1 6.83809757232666 12.251842498779297 256.2960624694824
ch, vs_mean, vl_pi, beta penalty= 1 4.818713188171387 12.255746841430664 256.3936710357666
ch, vs_mean, vl_pi, beta penalty= 1 6.773594379425049 12.253042221069336 256.3260555267334
ch, vs_mean, vl_pi, beta penalty= 1 5.075397968292236 12.255227088928223 256.38067722320557
ch, vs_mean, vl_pi, beta penalty= 1 7.203798294067383 12.253814697265625 256.3453674316406
ch, vs_mean, vl_pi, beta penalty= 1 4.8827595710754395 12.255184173583984 256.3796043395996
ch, vs_mean, vl_pi, beta penalty= 1 6.423491477966309 12.25473403930664 256.368350982666
evaluate_num:46 	 evaluate_reward:197.33333333333334 	 evaluate_cost:110.8234444350943 	 evaluate_max_cost:12.41068892521518
ch, vs_mean, vl_pi, beta penalty= 1 4.924198150634766 12.25 256.25
ch, vs_mean, vl_pi, beta penalty= 1 6.689046859741211 12.25535774230957 256.38394355773926
ch, vs_mean, vl_pi, beta penalty= 1 4.875021934509277 12.255941390991211 256.3985347747803
ch, vs_mean, vl_pi, beta penalty= 1 6.9552083015441895 12.247803688049316 256.1950922012329
ch, vs_mean, vl_pi, beta penalty= 1 5.1400346755981445 12.252013206481934 256.30033016204834
ch, vs_mean, vl_pi, beta penalty= 1 6.457616806030273 12.256699562072754 256.41748905181885
ch, vs_mean, vl_pi, beta penalty= 1 5.224488735198975 12.25284194946289 256.32104873657227
ch, vs_mean, vl_pi, beta penalty= 1 6.53597354888916 12.255634307861328 256.3908576965332
ch, vs_mean, vl_pi, beta penalty= 1 5.048340797424316 12.251016616821289 256.2754154205322
ch, vs_mean, vl_pi, beta penalty= 1 6.868136882781982 12.253774642944336 256.3443660736084
evaluate_num:47 	 evaluate_reward:199.33333333333334 	 evaluate_cost:112.17462830666956 	 evaluate_max_cost:12.420146540527742
ch, vs_mean, vl_pi, beta penalty= 1 5.508739948272705 12.255784034729004 256.3946008682251
ch, vs_mean, vl_pi, beta penalty= 1 6.8823418617248535 12.256102561950684 256.4025640487671
ch, vs_mean, vl_pi, beta penalty= 1 5.149791717529297 12.252280235290527 256.3070058822632
ch, vs_mean, vl_pi, beta penalty= 1 6.209600925445557 12.25572395324707 256.39309883117676
ch, vs_mean, vl_pi, beta penalty= 1 5.704289436340332 12.254018783569336 256.3504695892334
ch, vs_mean, vl_pi, beta penalty= 1 6.551437854766846 12.253522872924805 256.3380718231201
ch, vs_mean, vl_pi, beta penalty= 1 5.4547553062438965 12.251435279846191 256.2858819961548
ch, vs_mean, vl_pi, beta penalty= 1 6.421721935272217 12.257099151611328 256.4274787902832
ch, vs_mean, vl_pi, beta penalty= 1 5.33820104598999 12.25634765625 256.40869140625
evaluate_num:48 	 evaluate_reward:187.66666666666666 	 evaluate_cost:111.48447769306411 	 evaluate_max_cost:12.416666300640422
ch, vs_mean, vl_pi, beta penalty= 1 6.432043075561523 12.253266334533691 256.3316583633423
ch, vs_mean, vl_pi, beta penalty= 1 5.380992412567139 12.248739242553711 256.2184810638428
ch, vs_mean, vl_pi, beta penalty= 1 6.2079176902771 12.250314712524414 256.25786781311035
ch, vs_mean, vl_pi, beta penalty= 1 5.395903587341309 12.255379676818848 256.3844919204712
ch, vs_mean, vl_pi, beta penalty= 1 6.53847599029541 12.25587272644043 256.39681816101074
ch, vs_mean, vl_pi, beta penalty= 1 5.3940839767456055 12.255147933959961 256.378698348999
ch, vs_mean, vl_pi, beta penalty= 1 6.631621360778809 12.244441986083984 256.1110496520996
ch, vs_mean, vl_pi, beta penalty= 1 5.6407999992370605 12.253398895263672 256.3349723815918
ch, vs_mean, vl_pi, beta penalty= 1 5.932535171508789 12.250650405883789 256.2662601470947
evaluate_num:49 	 evaluate_reward:185.33333333333334 	 evaluate_cost:112.10682574012058 	 evaluate_max_cost:12.42183265502321
ch, vs_mean, vl_pi, beta penalty= 1 5.5596184730529785 12.255766868591309 256.3941717147827
ch, vs_mean, vl_pi, beta penalty= 1 5.828564643859863 12.254253387451172 256.3563346862793
ch, vs_mean, vl_pi, beta penalty= 1 5.953531742095947 12.246877670288086 256.17194175720215
ch, vs_mean, vl_pi, beta penalty= 1 6.020216464996338 12.254375457763672 256.3593864440918
ch, vs_mean, vl_pi, beta penalty= 1 6.194421768188477 12.256348609924316 256.4087152481079
ch, vs_mean, vl_pi, beta penalty= 1 5.94887113571167 12.256397247314453 256.4099311828613
ch, vs_mean, vl_pi, beta penalty= 1 6.469424247741699 12.256628036499023 256.4157009124756
ch, vs_mean, vl_pi, beta penalty= 1 5.72957706451416 12.25401496887207 256.35037422180176
ch, vs_mean, vl_pi, beta penalty= 1 6.19528865814209 12.249999046325684 256.2499761581421
evaluate_num:50 	 evaluate_reward:176.33333333333334 	 evaluate_cost:112.40754974143253 	 evaluate_max_cost:12.425579109761223
ch, vs_mean, vl_pi, beta penalty= 1 5.822750568389893 12.256975173950195 256.4243793487549
ch, vs_mean, vl_pi, beta penalty= 1 6.1913862228393555 12.245962142944336 256.1490535736084
ch, vs_mean, vl_pi, beta penalty= 1 5.773622989654541 12.256573677062988 256.4143419265747
ch, vs_mean, vl_pi, beta penalty= 1 6.146090507507324 12.248557090759277 256.21392726898193
ch, vs_mean, vl_pi, beta penalty= 1 5.937837600708008 12.254698753356934 256.36746883392334
ch, vs_mean, vl_pi, beta penalty= 1 5.847951889038086 12.256145477294922 256.40363693237305
ch, vs_mean, vl_pi, beta penalty= 1 5.939666748046875 12.257950782775879 256.448769569397
ch, vs_mean, vl_pi, beta penalty= 1 5.828094959259033 12.251873016357422 256.29682540893555
ch, vs_mean, vl_pi, beta penalty= 1 5.843873023986816 12.256025314331055 256.40063285827637
