n0006
Sat Mar 28 03:52:44 PM EDT 2026
/home/sm3934/miniconda3/envs/ipm_rcrl_env/bin/python
run= 1 seed= 1 env= CartPolePerturbedEnv
env=CartPolePerturbedEnv
state_dim=4
action_dim=1
max_action=10.0
max_episode_steps=1000
No env selected
------use_orthogonal_init------
------use_orthogonal_init------
------use_orthogonal_init------
evaluate_num:1 	 evaluate_reward:32.0 	 evaluate_cost:5.10630323130797 	 evaluate_max_cost:1.0
New best model found! Saving model with reward: 32.0 and max cost: 1.0
ch, vs_mean, vl_pi, beta penalty= 0 0.031178608536720276 1.0000349283218384 -24.99912679195404
ch, vs_mean, vl_pi, beta penalty= 0 7.441465854644775 35.707942962646484 842.6985740661621
evaluate_num:2 	 evaluate_reward:41.666666666666664 	 evaluate_cost:5.581524535279503 	 evaluate_max_cost:1.0
New best model found! Saving model with reward: 41.666666666666664 and max cost: 1.0
ch, vs_mean, vl_pi, beta penalty= 0 14.693581581115723 20.641035079956055 466.02587699890137
ch, vs_mean, vl_pi, beta penalty= 0 18.630327224731445 28.647336959838867 666.1834239959717
evaluate_num:3 	 evaluate_reward:114.0 	 evaluate_cost:6.646004877979224 	 evaluate_max_cost:1.0
New best model found! Saving model with reward: 114.0 and max cost: 1.0
ch, vs_mean, vl_pi, beta penalty= 0 23.144014358520508 38.058902740478516 901.4725685119629
ch, vs_mean, vl_pi, beta penalty= 0 31.635990142822266 40.239437103271484 955.9859275817871
ch, vs_mean, vl_pi, beta penalty= 0 42.532493591308594 47.821571350097656 1145.5392837524414
ch, vs_mean, vl_pi, beta penalty= 0 49.49217224121094 54.625545501708984 1315.6386375427246
ch, vs_mean, vl_pi, beta penalty= 0 56.144775390625 58.94119644165039 1423.5299110412598
ch, vs_mean, vl_pi, beta penalty= 0 61.37922286987305 63.97331237792969 1549.3328094482422
ch, vs_mean, vl_pi, beta penalty= 0 64.45549774169922 68.00569152832031 1650.1422882080078
ch, vs_mean, vl_pi, beta penalty= 0 66.81232452392578 73.07991027832031 1776.9977569580078
ch, vs_mean, vl_pi, beta penalty= 0 69.21515655517578 78.03277587890625 1900.8193969726562
ch, vs_mean, vl_pi, beta penalty= 0 68.57235717773438 79.56525421142578 1939.1313552856445
ch, vs_mean, vl_pi, beta penalty= 0 72.03047180175781 81.04902648925781 1976.2256622314453
ch, vs_mean, vl_pi, beta penalty= 0 73.8847427368164 83.62907409667969 2040.7268524169922
ch, vs_mean, vl_pi, beta penalty= 0 75.22930145263672 85.42847442626953 2085.7118606567383
ch, vs_mean, vl_pi, beta penalty= 0 74.88764953613281 87.16670227050781 2129.1675567626953
ch, vs_mean, vl_pi, beta penalty= 0 76.51029205322266 88.20449829101562 2155.1124572753906
evaluate_num:4 	 evaluate_reward:292.0 	 evaluate_cost:64.68481200680345 	 evaluate_max_cost:1.0
New best model found! Saving model with reward: 292.0 and max cost: 1.0
ch, vs_mean, vl_pi, beta penalty= 1 76.72540283203125 91.553955078125 2238.848876953125
ch, vs_mean, vl_pi, beta penalty= 1 16.773723602294922 5.09834623336792 77.458655834198
ch, vs_mean, vl_pi, beta penalty= 1 11.986603736877441 13.965545654296875 299.1386413574219
ch, vs_mean, vl_pi, beta penalty= 1 1.0832654237747192 2.1332008838653564 3.330022096633911
ch, vs_mean, vl_pi, beta penalty= 1 1.275195837020874 2.1084706783294678 2.7117669582366943
ch, vs_mean, vl_pi, beta penalty= 1 1.5157660245895386 2.4085533618927 10.213834047317505
ch, vs_mean, vl_pi, beta penalty= 0 0.4510003328323364 1.0373636484146118 -24.065908789634705
ch, vs_mean, vl_pi, beta penalty= 1 15.859262466430664 18.71730613708496 417.932653427124
ch, vs_mean, vl_pi, beta penalty= 0 0.36698442697525024 1.0281394720077515 -24.296513199806213
ch, vs_mean, vl_pi, beta penalty= 1 16.283279418945312 17.753623962402344 393.8405990600586
ch, vs_mean, vl_pi, beta penalty= 0 0.2004437893629074 1.0009522438049316 -24.97619390487671
ch, vs_mean, vl_pi, beta penalty= 1 15.844038009643555 17.67327308654785 391.8318271636963
ch, vs_mean, vl_pi, beta penalty= 0 0.38619372248649597 1.0057226419448853 -24.85693395137787
evaluate_num:5 	 evaluate_reward:264.6666666666667 	 evaluate_cost:48.246341940410645 	 evaluate_max_cost:1.0
ch, vs_mean, vl_pi, beta penalty= 1 16.03049087524414 19.288972854614258 432.22432136535645
ch, vs_mean, vl_pi, beta penalty= 0 0.5423653721809387 1.0048671960830688 -24.87832009792328
ch, vs_mean, vl_pi, beta penalty= 1 16.107994079589844 18.590604782104492 414.7651195526123
ch, vs_mean, vl_pi, beta penalty= 0 0.2706020474433899 1.0271942615509033 -24.320143461227417
ch, vs_mean, vl_pi, beta penalty= 1 16.052406311035156 18.042903900146484 401.0725975036621
ch, vs_mean, vl_pi, beta penalty= 0 0.19885247945785522 1.0003679990768433 -24.99080002307892
ch, vs_mean, vl_pi, beta penalty= 1 15.712719917297363 18.26776123046875 406.69403076171875
ch, vs_mean, vl_pi, beta penalty= 0 0.32924339175224304 1.2356083393096924 -19.10979151725769
ch, vs_mean, vl_pi, beta penalty= 1 15.97169303894043 18.081449508666992 402.0362377166748
ch, vs_mean, vl_pi, beta penalty= 0 0.2897688150405884 1.005267858505249 -24.868303537368774
ch, vs_mean, vl_pi, beta penalty= 1 15.850653648376465 19.714595794677734 442.86489486694336
ch, vs_mean, vl_pi, beta penalty= 0 0.1666364222764969 1.0016287565231323 -24.959281086921692
ch, vs_mean, vl_pi, beta penalty= 1 15.905261039733887 18.47016716003418 411.7541790008545
evaluate_num:6 	 evaluate_reward:225.33333333333334 	 evaluate_cost:35.347045330270056 	 evaluate_max_cost:1.0
ch, vs_mean, vl_pi, beta penalty= 0 0.16619780659675598 1.0005320310592651 -24.98669922351837
ch, vs_mean, vl_pi, beta penalty= 1 15.51900863647461 17.42072296142578 385.51807403564453
ch, vs_mean, vl_pi, beta penalty= 0 0.10645078867673874 1.0003913640975952 -24.99021589756012
ch, vs_mean, vl_pi, beta penalty= 1 15.577644348144531 17.748607635498047 393.7151908874512
ch, vs_mean, vl_pi, beta penalty= 0 0.5050513744354248 1.0531277656555176 -23.67180585861206
ch, vs_mean, vl_pi, beta penalty= 1 15.64118480682373 17.822921752929688 395.5730438232422
ch, vs_mean, vl_pi, beta penalty= 1 0.044142454862594604 2.287027597427368 7.175689935684204
ch, vs_mean, vl_pi, beta penalty= 1 1.1296840906143188 2.0885517597198486 2.213793992996216
evaluate_num:7 	 evaluate_reward:218.33333333333334 	 evaluate_cost:31.514501448067005 	 evaluate_max_cost:1.0
ch, vs_mean, vl_pi, beta penalty= 1 0.6819555759429932 2.1131420135498047 2.828550338745117
ch, vs_mean, vl_pi, beta penalty= 1 0.8512516617774963 2.3703958988189697 9.259897470474243
ch, vs_mean, vl_pi, beta penalty= 0 0.5697420239448547 1.6828323602676392 -7.929190993309021
ch, vs_mean, vl_pi, beta penalty= 1 14.821537971496582 18.394575119018555 409.86437797546387
evaluate_num:8 	 evaluate_reward:183.0 	 evaluate_cost:25.714751154065492 	 evaluate_max_cost:1.0
ch, vs_mean, vl_pi, beta penalty= 0 0.745085597038269 1.3078439235687256 -17.30390191078186
ch, vs_mean, vl_pi, beta penalty= 1 14.321538925170898 17.449871063232422 386.24677658081055
ch, vs_mean, vl_pi, beta penalty= 0 0.751366138458252 1.4307788610458374 -14.230528473854065
ch, vs_mean, vl_pi, beta penalty= 1 14.33757209777832 17.802696228027344 395.0674057006836
ch, vs_mean, vl_pi, beta penalty= 0 0.9552786350250244 1.5154398679733276 -12.114003300666809
evaluate_num:9 	 evaluate_reward:188.0 	 evaluate_cost:26.62855382291134 	 evaluate_max_cost:1.0
ch, vs_mean, vl_pi, beta penalty= 1 10.670762062072754 17.452714920043945 386.31787300109863
ch, vs_mean, vl_pi, beta penalty= 1 0.8053882122039795 2.6302826404571533 15.757066011428833
ch, vs_mean, vl_pi, beta penalty= 0 0.8895856142044067 1.4221899509429932 -14.445251226425171
ch, vs_mean, vl_pi, beta penalty= 1 15.464272499084473 18.8277587890625 420.6939697265625
ch, vs_mean, vl_pi, beta penalty= 0 0.6085261106491089 1.140860915184021 -21.478477120399475
evaluate_num:10 	 evaluate_reward:182.0 	 evaluate_cost:29.055389697794528 	 evaluate_max_cost:1.0
ch, vs_mean, vl_pi, beta penalty= 1 14.679398536682129 22.590099334716797 514.7524833679199
ch, vs_mean, vl_pi, beta penalty= 0 0.513588011264801 1.1223331689834595 -21.941670775413513
ch, vs_mean, vl_pi, beta penalty= 1 14.92154598236084 17.995410919189453 399.8852729797363
ch, vs_mean, vl_pi, beta penalty= 0 0.694011926651001 1.5845375061035156 -10.38656234741211
ch, vs_mean, vl_pi, beta penalty= 1 15.305009841918945 18.727609634399414 418.19024085998535
ch, vs_mean, vl_pi, beta penalty= 0 0.47133833169937134 1.0516341924667358 -23.709145188331604
ch, vs_mean, vl_pi, beta penalty= 1 15.79770278930664 18.185213088989258 404.63032722473145
evaluate_num:11 	 evaluate_reward:229.33333333333334 	 evaluate_cost:30.98977307789463 	 evaluate_max_cost:1.0
ch, vs_mean, vl_pi, beta penalty= 0 0.4997139871120453 1.0104902982711792 -24.73774254322052
ch, vs_mean, vl_pi, beta penalty= 1 15.844552993774414 17.681617736816406 392.04044342041016
ch, vs_mean, vl_pi, beta penalty= 0 0.06569492816925049 1.0002045631408691 -24.99488592147827
ch, vs_mean, vl_pi, beta penalty= 1 15.32492733001709 17.223386764526367 380.5846691131592
ch, vs_mean, vl_pi, beta penalty= 0 0.1594477891921997 1.000515341758728 -24.9871164560318
ch, vs_mean, vl_pi, beta penalty= 1 15.568157196044922 17.711559295654297 392.7889823913574
ch, vs_mean, vl_pi, beta penalty= 0 0.35297974944114685 1.003386378288269 -24.915340542793274
ch, vs_mean, vl_pi, beta penalty= 1 15.756701469421387 17.338075637817383 383.45189094543457
ch, vs_mean, vl_pi, beta penalty= 0 0.038429971784353256 1.0000638961791992 -24.99840259552002
ch, vs_mean, vl_pi, beta penalty= 1 15.792593955993652 17.26898765563965 381.7246913909912
ch, vs_mean, vl_pi, beta penalty= 0 -0.00403425982221961 1.003589153289795 -24.910271167755127
evaluate_num:12 	 evaluate_reward:229.33333333333334 	 evaluate_cost:35.40166606722165 	 evaluate_max_cost:1.0
ch, vs_mean, vl_pi, beta penalty= 1 15.390010833740234 16.847633361816406 371.19083404541016
ch, vs_mean, vl_pi, beta penalty= 0 0.35749319195747375 1.778727412223816 -5.531814694404602
ch, vs_mean, vl_pi, beta penalty= 1 15.42019271850586 16.978771209716797 374.4692802429199
ch, vs_mean, vl_pi, beta penalty= 0 0.17250023782253265 1.0069912672042847 -24.825218319892883
ch, vs_mean, vl_pi, beta penalty= 1 15.658611297607422 17.404386520385742 385.10966300964355
ch, vs_mean, vl_pi, beta penalty= 0 0.1971823275089264 1.0015158653259277 -24.962103366851807
ch, vs_mean, vl_pi, beta penalty= 1 15.241218566894531 17.402448654174805 385.0612163543701
ch, vs_mean, vl_pi, beta penalty= 0 0.3590518832206726 1.0069888830184937 -24.82527792453766
evaluate_num:13 	 evaluate_reward:209.0 	 evaluate_cost:33.05053329074288 	 evaluate_max_cost:1.0
ch, vs_mean, vl_pi, beta penalty= 1 15.18523120880127 17.44782257080078 386.19556427001953
ch, vs_mean, vl_pi, beta penalty= 0 0.4121846556663513 1.0390280485153198 -24.024298787117004
ch, vs_mean, vl_pi, beta penalty= 1 14.784420013427734 17.299898147583008 382.4974536895752
ch, vs_mean, vl_pi, beta penalty= 0 0.39882534742355347 1.0242881774902344 -24.39279556274414
ch, vs_mean, vl_pi, beta penalty= 1 15.385504722595215 17.303714752197266 382.59286880493164
ch, vs_mean, vl_pi, beta penalty= 0 0.4300268888473511 1.0527355670928955 -23.681610822677612
evaluate_num:14 	 evaluate_reward:131.0 	 evaluate_cost:23.87850027510812 	 evaluate_max_cost:1.0
ch, vs_mean, vl_pi, beta penalty= 1 15.389325141906738 17.774158477783203 394.3539619445801
ch, vs_mean, vl_pi, beta penalty= 1 0.33398115634918213 2.3772456645965576 9.43114161491394
ch, vs_mean, vl_pi, beta penalty= 0 1.0566890239715576 1.3961117267608643 -15.097206830978394
ch, vs_mean, vl_pi, beta penalty= 1 15.724431991577148 18.097923278808594 402.44808197021484
ch, vs_mean, vl_pi, beta penalty= 0 0.38868626952171326 1.0361287593841553 -24.096781015396118
ch, vs_mean, vl_pi, beta penalty= 1 15.513374328613281 17.412303924560547 385.3075981140137
ch, vs_mean, vl_pi, beta penalty= 1 1.5811057090759277 9.1816987991333 179.54246997833252
ch, vs_mean, vl_pi, beta penalty= 1 3.2602603435516357 3.6621782779693604 41.55445694923401
evaluate_num:15 	 evaluate_reward:212.0 	 evaluate_cost:33.90708380966345 	 evaluate_max_cost:1.0
ch, vs_mean, vl_pi, beta penalty= 0 0.15831363201141357 1.0002777576446533 -24.993056058883667
ch, vs_mean, vl_pi, beta penalty= 1 15.418521881103516 17.280954360961914 382.02385902404785
ch, vs_mean, vl_pi, beta penalty= 0 0.3481351137161255 1.1338921785354614 -21.652695536613464
ch, vs_mean, vl_pi, beta penalty= 1 15.35560417175293 17.732667922973633 393.3166980743408
ch, vs_mean, vl_pi, beta penalty= 0 0.35810667276382446 1.1275429725646973 -21.81142568588257
ch, vs_mean, vl_pi, beta penalty= 1 15.711982727050781 17.692808151245117 392.32020378112793
ch, vs_mean, vl_pi, beta penalty= 0 0.6154100894927979 1.6300606727600098 -9.248483180999756
ch, vs_mean, vl_pi, beta penalty= 1 15.347793579101562 17.77733039855957 394.43325996398926
evaluate_num:16 	 evaluate_reward:196.66666666666666 	 evaluate_cost:32.989255606341615 	 evaluate_max_cost:1.0
ch, vs_mean, vl_pi, beta penalty= 0 0.6547357439994812 1.568812608718872 -10.779684782028198
ch, vs_mean, vl_pi, beta penalty= 1 15.48442268371582 17.566144943237305 389.1536235809326
ch, vs_mean, vl_pi, beta penalty= 0 0.5991914868354797 1.8176906108856201 -4.557734727859497
ch, vs_mean, vl_pi, beta penalty= 1 15.660442352294922 18.034664154052734 400.86660385131836
ch, vs_mean, vl_pi, beta penalty= 0 0.31079161167144775 1.8415228128433228 -3.961929678916931
ch, vs_mean, vl_pi, beta penalty= 1 15.012956619262695 16.800703048706055 370.01757621765137
ch, vs_mean, vl_pi, beta penalty= 0 0.6656076908111572 1.6884303092956543 -7.789242267608643
ch, vs_mean, vl_pi, beta penalty= 1 15.606585502624512 18.126623153686523 403.1655788421631
evaluate_num:17 	 evaluate_reward:146.0 	 evaluate_cost:24.09044036157344 	 evaluate_max_cost:1.0
ch, vs_mean, vl_pi, beta penalty= 0 0.4774959087371826 1.7760610580444336 -5.59847354888916
ch, vs_mean, vl_pi, beta penalty= 1 15.515032768249512 17.6436824798584 391.09206199645996
ch, vs_mean, vl_pi, beta penalty= 1 0.7114114165306091 2.339500665664673 8.487516641616821
ch, vs_mean, vl_pi, beta penalty= 1 1.4990155696868896 3.6129753589630127 40.32438397407532
ch, vs_mean, vl_pi, beta penalty= 0 0.402617484331131 1.2471611499786377 -18.820971250534058
ch, vs_mean, vl_pi, beta penalty= 1 15.623494148254395 17.275026321411133 381.8756580352783
ch, vs_mean, vl_pi, beta penalty= 0 0.2630704343318939 1.0516693592071533 -23.708266019821167
ch, vs_mean, vl_pi, beta penalty= 1 15.713855743408203 17.43950653076172 385.98766326904297
evaluate_num:18 	 evaluate_reward:215.66666666666666 	 evaluate_cost:37.69999178691922 	 evaluate_max_cost:1.0
ch, vs_mean, vl_pi, beta penalty= 1 0.554237961769104 5.946531772613525 98.66329431533813
ch, vs_mean, vl_pi, beta penalty= 1 1.1028631925582886 2.2118985652923584 5.29746413230896
ch, vs_mean, vl_pi, beta penalty= 0 0.26753902435302734 1.5966395139694214 -10.084012150764465
ch, vs_mean, vl_pi, beta penalty= 1 15.150677680969238 17.196697235107422 379.91743087768555
ch, vs_mean, vl_pi, beta penalty= 1 0.912656843662262 2.2558982372283936 6.397455930709839
ch, vs_mean, vl_pi, beta penalty= 1 1.1400346755981445 2.495945692062378 12.398642301559448
ch, vs_mean, vl_pi, beta penalty= 0 0.5320377349853516 1.0995217561721802 -22.511956095695496
ch, vs_mean, vl_pi, beta penalty= 1 15.45888614654541 17.847471237182617 396.18678092956543
evaluate_num:19 	 evaluate_reward:212.0 	 evaluate_cost:34.5390228280041 	 evaluate_max_cost:1.0
ch, vs_mean, vl_pi, beta penalty= 0 1.02383291721344 1.3965977430343628 -15.08505642414093
ch, vs_mean, vl_pi, beta penalty= 1 16.183307647705078 17.8288631439209 395.72157859802246
ch, vs_mean, vl_pi, beta penalty= 0 0.6090098023414612 1.2058463096618652 -19.85384225845337
ch, vs_mean, vl_pi, beta penalty= 1 15.717204093933105 18.7003231048584 417.50807762145996
ch, vs_mean, vl_pi, beta penalty= 1 0.6169213056564331 2.2286553382873535 5.716383457183838
ch, vs_mean, vl_pi, beta penalty= 0 1.2680367231369019 1.8686162233352661 -3.284594416618347
ch, vs_mean, vl_pi, beta penalty= 1 16.09912109375 17.980493545532227 399.51233863830566
ch, vs_mean, vl_pi, beta penalty= 0 0.6208591461181641 1.4330551624298096 -14.17362093925476
evaluate_num:20 	 evaluate_reward:200.66666666666666 	 evaluate_cost:36.169269666159856 	 evaluate_max_cost:1.0
ch, vs_mean, vl_pi, beta penalty= 1 15.877269744873047 18.369962692260742 409.24906730651855
ch, vs_mean, vl_pi, beta penalty= 0 0.4656003415584564 1.1502900123596191 -21.24274969100952
ch, vs_mean, vl_pi, beta penalty= 1 15.741592407226562 18.071107864379883 401.77769660949707
ch, vs_mean, vl_pi, beta penalty= 0 0.4401068687438965 1.106450080871582 -22.33874797821045
ch, vs_mean, vl_pi, beta penalty= 1 15.97091293334961 17.606813430786133 390.1703357696533
ch, vs_mean, vl_pi, beta penalty= 0 0.3593800663948059 1.0302027463912964 -24.24493134021759
ch, vs_mean, vl_pi, beta penalty= 1 15.773734092712402 17.662967681884766 391.57419204711914
ch, vs_mean, vl_pi, beta penalty= 0 0.41546377539634705 1.0486377477645874 -23.784056305885315
ch, vs_mean, vl_pi, beta penalty= 1 15.704548835754395 18.12073516845703 403.0183792114258
ch, vs_mean, vl_pi, beta penalty= 1 1.1964406967163086 2.8866946697235107 22.16736674308777
evaluate_num:21 	 evaluate_reward:196.66666666666666 	 evaluate_cost:37.292677988138884 	 evaluate_max_cost:1.0
ch, vs_mean, vl_pi, beta penalty= 0 1.555788516998291 1.7830368280410767 -5.4240792989730835
ch, vs_mean, vl_pi, beta penalty= 1 16.677797317504883 18.350006103515625 408.7501525878906
ch, vs_mean, vl_pi, beta penalty= 0 0.45579707622528076 1.027795672416687 -24.305108189582825
ch, vs_mean, vl_pi, beta penalty= 1 15.9830322265625 17.72854995727539 393.21374893188477
ch, vs_mean, vl_pi, beta penalty= 0 0.3319348394870758 1.0820209980010986 -22.949475049972534
ch, vs_mean, vl_pi, beta penalty= 1 15.898626327514648 17.535558700561523 388.3889675140381
ch, vs_mean, vl_pi, beta penalty= 0 0.3646424412727356 1.012613296508789 -24.684667587280273
ch, vs_mean, vl_pi, beta penalty= 1 15.761336326599121 18.00965690612793 400.24142265319824
ch, vs_mean, vl_pi, beta penalty= 0 0.6522118449211121 1.128849744796753 -21.778756380081177
ch, vs_mean, vl_pi, beta penalty= 1 15.898263931274414 19.35297203063965 433.8243007659912
evaluate_num:22 	 evaluate_reward:211.0 	 evaluate_cost:38.32951739580671 	 evaluate_max_cost:1.0
ch, vs_mean, vl_pi, beta penalty= 0 0.5533263683319092 1.0193073749542236 -24.51731562614441
ch, vs_mean, vl_pi, beta penalty= 1 15.958070755004883 17.742406845092773 393.56017112731934
ch, vs_mean, vl_pi, beta penalty= 0 0.43714237213134766 1.1036279201507568 -22.40930199623108
ch, vs_mean, vl_pi, beta penalty= 1 15.78006362915039 17.484220504760742 387.10551261901855
ch, vs_mean, vl_pi, beta penalty= 0 0.2740178108215332 1.0152548551559448 -24.61862862110138
ch, vs_mean, vl_pi, beta penalty= 1 15.552913665771484 17.859941482543945 396.49853706359863
ch, vs_mean, vl_pi, beta penalty= 0 0.3664698004722595 1.2134932279586792 -19.66266930103302
ch, vs_mean, vl_pi, beta penalty= 1 15.705290794372559 17.585826873779297 389.6456718444824
ch, vs_mean, vl_pi, beta penalty= 0 0.3238672614097595 1.0201400518417358 -24.496498703956604
ch, vs_mean, vl_pi, beta penalty= 1 15.8357572555542 17.626628875732422 390.66572189331055
ch, vs_mean, vl_pi, beta penalty= 0 0.17077648639678955 1.000420331954956 -24.9894917011261
evaluate_num:23 	 evaluate_reward:217.66666666666666 	 evaluate_cost:37.069152444455234 	 evaluate_max_cost:1.0
ch, vs_mean, vl_pi, beta penalty= 1 15.616451263427734 17.451353073120117 386.28382682800293
ch, vs_mean, vl_pi, beta penalty= 0 0.20861366391181946 1.0004161596298218 -24.989596009254456
ch, vs_mean, vl_pi, beta penalty= 1 15.654800415039062 17.387348175048828 384.6837043762207
ch, vs_mean, vl_pi, beta penalty= 0 0.2545611560344696 1.0061767101287842 -24.845582246780396
ch, vs_mean, vl_pi, beta penalty= 1 15.528533935546875 17.425918579101562 385.64796447753906
ch, vs_mean, vl_pi, beta penalty= 0 0.27093279361724854 1.0011701583862305 -24.97074604034424
ch, vs_mean, vl_pi, beta penalty= 1 15.677696228027344 17.309860229492188 382.7465057373047
ch, vs_mean, vl_pi, beta penalty= 0 0.2698403000831604 1.0005437135696411 -24.986407160758972
ch, vs_mean, vl_pi, beta penalty= 1 15.553874969482422 17.36264419555664 384.066104888916
ch, vs_mean, vl_pi, beta penalty= 0 0.2656114399433136 1.0086745023727417 -24.783137440681458
evaluate_num:24 	 evaluate_reward:215.0 	 evaluate_cost:37.62312042542176 	 evaluate_max_cost:1.0
ch, vs_mean, vl_pi, beta penalty= 1 15.58934497833252 17.476045608520508 386.9011402130127
ch, vs_mean, vl_pi, beta penalty= 0 0.32645606994628906 1.0034220218658447 -24.914449453353882
ch, vs_mean, vl_pi, beta penalty= 1 15.688908576965332 17.736194610595703 393.4048652648926
ch, vs_mean, vl_pi, beta penalty= 0 0.37237682938575745 1.0064117908477783 -24.839705228805542
ch, vs_mean, vl_pi, beta penalty= 1 15.708192825317383 17.468364715576172 386.7091178894043
ch, vs_mean, vl_pi, beta penalty= 0 0.33068281412124634 1.0018842220306396 -24.95289444923401
ch, vs_mean, vl_pi, beta penalty= 1 15.680192947387695 17.34614372253418 383.6535930633545
ch, vs_mean, vl_pi, beta penalty= 0 0.28827521204948425 1.0277009010314941 -24.307477474212646
ch, vs_mean, vl_pi, beta penalty= 1 15.796243667602539 17.520593643188477 388.0148410797119
ch, vs_mean, vl_pi, beta penalty= 0 0.3449885845184326 1.002082347869873 -24.947941303253174
ch, vs_mean, vl_pi, beta penalty= 1 15.885454177856445 17.60050392150879 390.0125980377197
evaluate_num:25 	 evaluate_reward:220.33333333333334 	 evaluate_cost:37.941987474934876 	 evaluate_max_cost:1.0
ch, vs_mean, vl_pi, beta penalty= 0 0.28537964820861816 1.0004922151565552 -24.98769462108612
ch, vs_mean, vl_pi, beta penalty= 1 15.913467407226562 17.31106185913086 382.7765464782715
ch, vs_mean, vl_pi, beta penalty= 0 0.13194496929645538 1.0044482946395874 -24.888792634010315
ch, vs_mean, vl_pi, beta penalty= 1 15.5065279006958 17.29949378967285 382.4873447418213
ch, vs_mean, vl_pi, beta penalty= 0 0.19441469013690948 1.0035793781280518 -24.910515546798706
ch, vs_mean, vl_pi, beta penalty= 1 15.723892211914062 17.281543731689453 382.0385932922363
ch, vs_mean, vl_pi, beta penalty= 0 0.2536468505859375 1.0060546398162842 -24.848634004592896
ch, vs_mean, vl_pi, beta penalty= 1 15.768735885620117 17.339309692382812 383.4827423095703
ch, vs_mean, vl_pi, beta penalty= 0 0.2120065838098526 1.004109501838684 -24.897262454032898
ch, vs_mean, vl_pi, beta penalty= 1 15.794290542602539 17.179443359375 379.486083984375
ch, vs_mean, vl_pi, beta penalty= 0 0.2570744752883911 1.2658289670944214 -18.354275822639465
evaluate_num:26 	 evaluate_reward:208.0 	 evaluate_cost:38.0547029239524 	 evaluate_max_cost:1.0
ch, vs_mean, vl_pi, beta penalty= 1 15.748388290405273 17.248336791992188 381.2084197998047
ch, vs_mean, vl_pi, beta penalty= 0 0.24281440675258636 1.003543734550476 -24.911406636238098
ch, vs_mean, vl_pi, beta penalty= 1 15.652536392211914 17.539770126342773 388.49425315856934
ch, vs_mean, vl_pi, beta penalty= 0 0.4990512430667877 1.0688941478729248 -23.27764630317688
ch, vs_mean, vl_pi, beta penalty= 1 15.931253433227539 17.712553024291992 392.8138256072998
ch, vs_mean, vl_pi, beta penalty= 0 0.26513564586639404 1.0012089014053345 -24.969777464866638
ch, vs_mean, vl_pi, beta penalty= 1 15.480008125305176 17.44268798828125 386.06719970703125
ch, vs_mean, vl_pi, beta penalty= 0 0.4066595435142517 1.0137404203414917 -24.656489491462708
ch, vs_mean, vl_pi, beta penalty= 1 15.94261646270752 16.41815185546875 360.45379638671875
ch, vs_mean, vl_pi, beta penalty= 0 0.435371458530426 1.3326246738433838 -16.684383153915405
evaluate_num:27 	 evaluate_reward:216.33333333333334 	 evaluate_cost:39.54888970515935 	 evaluate_max_cost:1.0
ch, vs_mean, vl_pi, beta penalty= 1 15.872026443481445 18.258811950683594 406.47029876708984
ch, vs_mean, vl_pi, beta penalty= 0 0.38683050870895386 1.3324629068374634 -16.688427329063416
ch, vs_mean, vl_pi, beta penalty= 1 15.93438720703125 21.691011428833008 492.2752857208252
ch, vs_mean, vl_pi, beta penalty= 0 0.49736058712005615 1.3299355506896973 -16.75161123275757
ch, vs_mean, vl_pi, beta penalty= 1 15.975417137145996 19.262876510620117 431.57191276550293
ch, vs_mean, vl_pi, beta penalty= 0 0.33508482575416565 1.424638271331787 -14.384043216705322
ch, vs_mean, vl_pi, beta penalty= 1 15.874248504638672 16.974245071411133 374.3561267852783
ch, vs_mean, vl_pi, beta penalty= 0 0.49084198474884033 1.644673466682434 -8.883163332939148
ch, vs_mean, vl_pi, beta penalty= 1 16.181230545043945 16.60042953491211 365.01073837280273
ch, vs_mean, vl_pi, beta penalty= 1 0.65741366147995 2.0375289916992188 0.9382247924804688
ch, vs_mean, vl_pi, beta penalty= 0 1.545714259147644 1.8493468761444092 -3.7663280963897705
ch, vs_mean, vl_pi, beta penalty= 1 16.868314743041992 21.415180206298828 485.3795051574707
evaluate_num:28 	 evaluate_reward:232.66666666666666 	 evaluate_cost:42.83217785730693 	 evaluate_max_cost:1.0
ch, vs_mean, vl_pi, beta penalty= 0 0.37092697620391846 1.414720892906189 -14.631977677345276
ch, vs_mean, vl_pi, beta penalty= 1 15.470927238464355 18.323326110839844 408.0831527709961
ch, vs_mean, vl_pi, beta penalty= 0 0.2575604319572449 1.3026902675628662 -17.432743310928345
ch, vs_mean, vl_pi, beta penalty= 1 15.33405876159668 19.04778289794922 426.19457244873047
ch, vs_mean, vl_pi, beta penalty= 0 0.480834424495697 1.403470516204834 -14.91323709487915
ch, vs_mean, vl_pi, beta penalty= 1 15.44288158416748 19.707876205444336 442.6969051361084
ch, vs_mean, vl_pi, beta penalty= 0 0.6962217092514038 1.376287817955017 -15.592804551124573
ch, vs_mean, vl_pi, beta penalty= 1 15.188477516174316 16.18182945251465 354.5457363128662
ch, vs_mean, vl_pi, beta penalty= 0 0.7858917713165283 1.6152595281600952 -9.61851179599762
ch, vs_mean, vl_pi, beta penalty= 1 15.104886054992676 16.628957748413086 365.72394371032715
ch, vs_mean, vl_pi, beta penalty= 0 0.9365452527999878 1.587748408317566 -10.306289792060852
ch, vs_mean, vl_pi, beta penalty= 1 14.959321975708008 15.856873512268066 346.42183780670166
evaluate_num:29 	 evaluate_reward:241.0 	 evaluate_cost:43.16715109954051 	 evaluate_max_cost:1.0
ch, vs_mean, vl_pi, beta penalty= 0 1.0869060754776 1.7616851329803467 -5.957871675491333
ch, vs_mean, vl_pi, beta penalty= 1 14.89995288848877 15.568000793457031 339.2000198364258
ch, vs_mean, vl_pi, beta penalty= 0 1.017371416091919 1.6896055936813354 -7.759860157966614
ch, vs_mean, vl_pi, beta penalty= 1 14.695013046264648 16.926063537597656 373.1515884399414
ch, vs_mean, vl_pi, beta penalty= 1 1.2282657623291016 2.303555965423584 7.5888991355896
ch, vs_mean, vl_pi, beta penalty= 0 0.4551548957824707 1.0066797733306885 -24.833005666732788
ch, vs_mean, vl_pi, beta penalty= 1 14.53071117401123 17.242460250854492 381.0615062713623
ch, vs_mean, vl_pi, beta penalty= 0 0.9038944840431213 1.4633779525756836 -13.41555118560791
ch, vs_mean, vl_pi, beta penalty= 1 14.336734771728516 16.012693405151367 350.3173351287842
ch, vs_mean, vl_pi, beta penalty= 0 1.115936040878296 1.5491660833358765 -11.270847916603088
ch, vs_mean, vl_pi, beta penalty= 1 14.156867027282715 14.361285209655762 309.03213024139404
ch, vs_mean, vl_pi, beta penalty= 1 1.3087135553359985 2.233750343322754 5.843758583068848
evaluate_num:30 	 evaluate_reward:239.33333333333334 	 evaluate_cost:42.513479128613184 	 evaluate_max_cost:1.0
ch, vs_mean, vl_pi, beta penalty= 0 0.5893135666847229 1.019148826599121 -24.521279335021973
ch, vs_mean, vl_pi, beta penalty= 1 14.13892936706543 15.239566802978516 330.9891700744629
ch, vs_mean, vl_pi, beta penalty= 0 1.0864248275756836 1.6011675596237183 -9.970811009407043
ch, vs_mean, vl_pi, beta penalty= 1 13.965688705444336 14.553291320800781 313.83228302001953
ch, vs_mean, vl_pi, beta penalty= 0 1.3957035541534424 1.9280565977096558 -1.798585057258606
ch, vs_mean, vl_pi, beta penalty= 1 13.991326332092285 15.719660758972168 342.9915189743042
ch, vs_mean, vl_pi, beta penalty= 0 1.6733648777008057 1.9105896949768066 -2.235257625579834
ch, vs_mean, vl_pi, beta penalty= 1 14.008773803710938 14.348873138427734 308.72182846069336
ch, vs_mean, vl_pi, beta penalty= 0 1.9110089540481567 1.755590796470642 -6.110230088233948
ch, vs_mean, vl_pi, beta penalty= 1 14.220947265625 15.900354385375977 347.5088596343994
ch, vs_mean, vl_pi, beta penalty= 0 1.9987545013427734 1.7672336101531982 -5.819159746170044
evaluate_num:31 	 evaluate_reward:233.66666666666666 	 evaluate_cost:40.934956227533014 	 evaluate_max_cost:1.0
ch, vs_mean, vl_pi, beta penalty= 1 13.681533813476562 15.168652534484863 329.2163133621216
ch, vs_mean, vl_pi, beta penalty= 0 2.230424404144287 1.744532823562622 -6.386679410934448
ch, vs_mean, vl_pi, beta penalty= 1 13.619696617126465 15.466574668884277 336.66436672210693
ch, vs_mean, vl_pi, beta penalty= 0 2.342349052429199 1.8708187341690063 -3.2295316457748413
ch, vs_mean, vl_pi, beta penalty= 1 13.672964096069336 16.23916244506836 355.979061126709
ch, vs_mean, vl_pi, beta penalty= 1 2.3605308532714844 2.2163398265838623 5.408495664596558
ch, vs_mean, vl_pi, beta penalty= 0 0.38411659002304077 1.0070160627365112 -24.82459843158722
ch, vs_mean, vl_pi, beta penalty= 1 11.902191162109375 13.880744934082031 297.0186233520508
ch, vs_mean, vl_pi, beta penalty= 0 0.7572253942489624 1.5147210359573364 -12.13197410106659
ch, vs_mean, vl_pi, beta penalty= 1 12.040276527404785 13.485556602478027 287.1389150619507
ch, vs_mean, vl_pi, beta penalty= 0 0.8296071290969849 1.8712784051895142 -3.218039870262146
evaluate_num:32 	 evaluate_reward:233.66666666666666 	 evaluate_cost:43.01536432251311 	 evaluate_max_cost:1.0
ch, vs_mean, vl_pi, beta penalty= 1 12.482010841369629 12.855548858642578 271.38872146606445
ch, vs_mean, vl_pi, beta penalty= 1 1.112478256225586 2.2394471168518066 5.986177921295166
ch, vs_mean, vl_pi, beta penalty= 0 1.1739442348480225 1.4578137397766113 -13.554656505584717
ch, vs_mean, vl_pi, beta penalty= 1 13.071800231933594 15.412126541137695 335.3031635284424
ch, vs_mean, vl_pi, beta penalty= 1 1.256117820739746 2.193864345550537 4.846608638763428
ch, vs_mean, vl_pi, beta penalty= 0 0.31592079997062683 1.0004148483276367 -24.989628791809082
ch, vs_mean, vl_pi, beta penalty= 1 12.68071174621582 12.927264213562012 273.1816053390503
ch, vs_mean, vl_pi, beta penalty= 0 0.5360345244407654 1.2270506620407104 -19.32373344898224
ch, vs_mean, vl_pi, beta penalty= 1 12.920740127563477 12.297959327697754 257.44898319244385
ch, vs_mean, vl_pi, beta penalty= 0 0.8139978647232056 1.4332475662231445 -14.168810844421387
ch, vs_mean, vl_pi, beta penalty= 1 12.614981651306152 11.518695831298828 237.9673957824707
ch, vs_mean, vl_pi, beta penalty= 0 0.8240265846252441 1.7073700428009033 -7.315748929977417
ch, vs_mean, vl_pi, beta penalty= 1 13.330382347106934 15.615840911865234 340.39602279663086
evaluate_num:33 	 evaluate_reward:242.66666666666666 	 evaluate_cost:44.08294238407861 	 evaluate_max_cost:1.0
ch, vs_mean, vl_pi, beta penalty= 0 1.1879878044128418 1.8055424690246582 -4.861438274383545
ch, vs_mean, vl_pi, beta penalty= 1 13.720377922058105 13.62673568725586 290.6683921813965
ch, vs_mean, vl_pi, beta penalty= 0 1.0379360914230347 1.7725470066070557 -5.686324834823608
ch, vs_mean, vl_pi, beta penalty= 1 13.62697982788086 14.358423233032227 308.96058082580566
ch, vs_mean, vl_pi, beta penalty= 0 1.1257423162460327 2.042827844619751 1.0706961154937744
ch, vs_mean, vl_pi, beta penalty= 1 13.854316711425781 13.648822784423828 291.2205696105957
ch, vs_mean, vl_pi, beta penalty= 0 1.5181163549423218 1.9863860607147217 -0.340348482131958
ch, vs_mean, vl_pi, beta penalty= 1 13.721949577331543 11.891079902648926 247.27699756622314
ch, vs_mean, vl_pi, beta penalty= 0 1.7497360706329346 1.9393086433410645 -1.5172839164733887
ch, vs_mean, vl_pi, beta penalty= 1 13.522232055664062 12.232744216918945 255.81860542297363
ch, vs_mean, vl_pi, beta penalty= 1 2.1006343364715576 2.6254425048828125 15.636062622070312
ch, vs_mean, vl_pi, beta penalty= 0 0.9537273049354553 1.1262953281402588 -21.84261679649353
evaluate_num:34 	 evaluate_reward:237.33333333333334 	 evaluate_cost:45.63555971940875 	 evaluate_max_cost:1.0
ch, vs_mean, vl_pi, beta penalty= 1 13.661191940307617 11.364575386047363 234.11438465118408
ch, vs_mean, vl_pi, beta penalty= 0 1.236372947692871 2.045914649963379 1.1478662490844727
ch, vs_mean, vl_pi, beta penalty= 1 13.416435241699219 12.055602073669434 251.39005184173584
ch, vs_mean, vl_pi, beta penalty= 0 1.263311743736267 2.0120949745178223 0.30237436294555664
ch, vs_mean, vl_pi, beta penalty= 1 13.183523178100586 11.536703109741211 238.41757774353027
ch, vs_mean, vl_pi, beta penalty= 0 1.6166160106658936 2.0475127696990967 1.187819242477417
ch, vs_mean, vl_pi, beta penalty= 1 13.441413879394531 12.462368965148926 261.55922412872314
ch, vs_mean, vl_pi, beta penalty= 1 1.6499416828155518 2.386185884475708 9.6546471118927
ch, vs_mean, vl_pi, beta penalty= 0 0.7210577726364136 1.039259433746338 -24.018514156341553
ch, vs_mean, vl_pi, beta penalty= 1 13.624034881591797 11.221755027770996 230.5438756942749
ch, vs_mean, vl_pi, beta penalty= 0 0.6796141862869263 1.476954698562622 -13.076132535934448
ch, vs_mean, vl_pi, beta penalty= 1 13.158390045166016 12.102988243103027 252.57470607757568
evaluate_num:35 	 evaluate_reward:253.33333333333334 	 evaluate_cost:51.22209155298888 	 evaluate_max_cost:1.0
ch, vs_mean, vl_pi, beta penalty= 0 0.7424100637435913 1.4289859533309937 -14.275351166725159
ch, vs_mean, vl_pi, beta penalty= 1 13.380696296691895 10.419042587280273 210.47606468200684
ch, vs_mean, vl_pi, beta penalty= 0 1.0121694803237915 1.6862907409667969 -7.842731475830078
ch, vs_mean, vl_pi, beta penalty= 1 13.849055290222168 11.471104621887207 236.77761554718018
ch, vs_mean, vl_pi, beta penalty= 0 1.135413646697998 1.9054831266403198 -2.3629218339920044
ch, vs_mean, vl_pi, beta penalty= 1 13.820558547973633 12.089020729064941 252.22551822662354
ch, vs_mean, vl_pi, beta penalty= 0 1.1073646545410156 1.8614373207092285 -3.464066982269287
ch, vs_mean, vl_pi, beta penalty= 1 13.552053451538086 11.804642677307129 245.11606693267822
ch, vs_mean, vl_pi, beta penalty= 0 1.3304376602172852 1.912209153175354 -2.19477117061615
ch, vs_mean, vl_pi, beta penalty= 1 13.850826263427734 11.949252128601074 248.73130321502686
ch, vs_mean, vl_pi, beta penalty= 0 1.2381857633590698 1.9838097095489502 -0.4047572612762451
ch, vs_mean, vl_pi, beta penalty= 1 14.290343284606934 11.763161659240723 244.07904148101807
evaluate_num:36 	 evaluate_reward:246.33333333333334 	 evaluate_cost:52.402034104466985 	 evaluate_max_cost:1.0
ch, vs_mean, vl_pi, beta penalty= 1 1.5055840015411377 2.4661834239959717 11.654585599899292
ch, vs_mean, vl_pi, beta penalty= 0 1.0230365991592407 1.5136442184448242 -12.158894538879395
ch, vs_mean, vl_pi, beta penalty= 1 14.32669448852539 10.368921279907227 209.22303199768066
ch, vs_mean, vl_pi, beta penalty= 1 1.2275665998458862 2.286027431488037 7.150685787200928
ch, vs_mean, vl_pi, beta penalty= 0 0.35950857400894165 1.0012459754943848 -24.96885061264038
ch, vs_mean, vl_pi, beta penalty= 1 13.847984313964844 9.97982406616211 199.49560165405273
ch, vs_mean, vl_pi, beta penalty= 0 0.8349735140800476 1.0266512632369995 -24.333718419075012
ch, vs_mean, vl_pi, beta penalty= 1 13.882087707519531 11.531927108764648 238.2981777191162
ch, vs_mean, vl_pi, beta penalty= 0 1.015368103981018 1.1544438600540161 -21.138903498649597
ch, vs_mean, vl_pi, beta penalty= 1 13.85480785369873 9.650249481201172 191.2562370300293
ch, vs_mean, vl_pi, beta penalty= 0 0.9982304573059082 1.2621017694473267 -18.447455763816833
ch, vs_mean, vl_pi, beta penalty= 1 14.144853591918945 10.684682846069336 217.1170711517334
evaluate_num:37 	 evaluate_reward:239.33333333333334 	 evaluate_cost:45.79539821432536 	 evaluate_max_cost:1.0
ch, vs_mean, vl_pi, beta penalty= 0 0.946699857711792 1.8881351947784424 -2.7966201305389404
ch, vs_mean, vl_pi, beta penalty= 1 13.785881042480469 10.919748306274414 222.99370765686035
ch, vs_mean, vl_pi, beta penalty= 0 1.1856189966201782 1.3219925165176392 -16.95018708705902
ch, vs_mean, vl_pi, beta penalty= 1 14.17265510559082 10.484295845031738 212.10739612579346
ch, vs_mean, vl_pi, beta penalty= 0 1.2553225755691528 1.8708741664886475 -3.2281458377838135
ch, vs_mean, vl_pi, beta penalty= 1 13.588043212890625 9.018726348876953 175.46815872192383
ch, vs_mean, vl_pi, beta penalty= 0 1.368941068649292 1.7653021812438965 -5.867445468902588
ch, vs_mean, vl_pi, beta penalty= 1 14.0573091506958 9.426538467407227 185.66346168518066
ch, vs_mean, vl_pi, beta penalty= 0 1.6050550937652588 1.4810473918914795 -12.973815202713013
ch, vs_mean, vl_pi, beta penalty= 1 13.779759407043457 9.857190132141113 196.42975330352783
ch, vs_mean, vl_pi, beta penalty= 0 1.6595641374588013 2.036952018737793 0.9238004684448242
ch, vs_mean, vl_pi, beta penalty= 1 13.805551528930664 10.551244735717773 213.78111839294434
evaluate_num:38 	 evaluate_reward:236.33333333333334 	 evaluate_cost:45.03247267179149 	 evaluate_max_cost:1.0
ch, vs_mean, vl_pi, beta penalty= 0 1.8592033386230469 1.9139982461929321 -2.1500438451766968
ch, vs_mean, vl_pi, beta penalty= 1 14.193258285522461 10.929603576660156 223.2400894165039
ch, vs_mean, vl_pi, beta penalty= 1 1.7837952375411987 2.1961426734924316 4.903566837310791
ch, vs_mean, vl_pi, beta penalty= 1 1.57676362991333 2.4706130027770996 11.76532506942749
ch, vs_mean, vl_pi, beta penalty= 0 0.3981715142726898 1.9683881998062134 -0.7902950048446655
ch, vs_mean, vl_pi, beta penalty= 1 12.791797637939453 8.0064058303833 150.16014575958252
ch, vs_mean, vl_pi, beta penalty= 0 0.9839487075805664 1.4976528882980347 -12.558677792549133
ch, vs_mean, vl_pi, beta penalty= 1 12.570412635803223 8.089072227478027 152.22680568695068
ch, vs_mean, vl_pi, beta penalty= 0 1.1972382068634033 1.7268915176391602 -6.827712059020996
ch, vs_mean, vl_pi, beta penalty= 1 12.791196823120117 8.354425430297852 158.8606357574463
ch, vs_mean, vl_pi, beta penalty= 0 1.330869197845459 1.7398544549942017 -6.5036386251449585
ch, vs_mean, vl_pi, beta penalty= 1 12.879192352294922 9.003628730773926 175.09071826934814
evaluate_num:39 	 evaluate_reward:227.0 	 evaluate_cost:42.71044942809663 	 evaluate_max_cost:1.0
ch, vs_mean, vl_pi, beta penalty= 0 1.5380746126174927 1.7521418333053589 -6.196454167366028
ch, vs_mean, vl_pi, beta penalty= 1 12.818705558776855 9.633259773254395 190.83149433135986
ch, vs_mean, vl_pi, beta penalty= 1 1.5709028244018555 2.140716314315796 3.5179078578948975
ch, vs_mean, vl_pi, beta penalty= 0 0.8728456497192383 1.1030668020248413 -22.423329949378967
ch, vs_mean, vl_pi, beta penalty= 1 12.551016807556152 7.55122184753418 138.7805461883545
ch, vs_mean, vl_pi, beta penalty= 0 1.175945520401001 1.5441378355026245 -11.396554112434387
ch, vs_mean, vl_pi, beta penalty= 1 12.58373737335205 7.599940299987793 139.99850749969482
ch, vs_mean, vl_pi, beta penalty= 0 1.451878547668457 1.7060151100158691 -7.3496222496032715
ch, vs_mean, vl_pi, beta penalty= 1 12.494272232055664 7.804031848907471 145.10079622268677
ch, vs_mean, vl_pi, beta penalty= 0 1.6096986532211304 1.7553417682647705 -6.116455793380737
ch, vs_mean, vl_pi, beta penalty= 1 12.467306137084961 7.640598297119141 141.01495742797852
evaluate_num:40 	 evaluate_reward:230.66666666666666 	 evaluate_cost:43.24753653682864 	 evaluate_max_cost:1.0
ch, vs_mean, vl_pi, beta penalty= 0 1.813655972480774 1.761838674545288 -5.954033136367798
ch, vs_mean, vl_pi, beta penalty= 1 12.567462921142578 7.716516017913818 142.91290044784546
ch, vs_mean, vl_pi, beta penalty= 0 1.9773156642913818 1.7786591053009033 -5.533522367477417
ch, vs_mean, vl_pi, beta penalty= 1 12.738011360168457 7.545294284820557 138.63235712051392
ch, vs_mean, vl_pi, beta penalty= 0 2.1355907917022705 1.957331657409668 -1.0667085647583008
ch, vs_mean, vl_pi, beta penalty= 1 12.51437759399414 8.124349594116211 153.10873985290527
ch, vs_mean, vl_pi, beta penalty= 0 2.516587495803833 2.0177600383758545 0.4440009593963623
ch, vs_mean, vl_pi, beta penalty= 1 12.36392593383789 8.3135404586792 157.83851146697998
ch, vs_mean, vl_pi, beta penalty= 1 2.6850247383117676 2.3821616172790527 9.554040431976318
ch, vs_mean, vl_pi, beta penalty= 0 0.673549473285675 1.0233964920043945 -24.415087699890137
ch, vs_mean, vl_pi, beta penalty= 1 11.03257942199707 6.3494977951049805 108.73744487762451
evaluate_num:41 	 evaluate_reward:228.66666666666666 	 evaluate_cost:41.960096474940556 	 evaluate_max_cost:1.0
ch, vs_mean, vl_pi, beta penalty= 0 1.1887377500534058 1.1595615148544312 -21.01096212863922
ch, vs_mean, vl_pi, beta penalty= 1 11.079411506652832 6.460119724273682 111.50299310684204
ch, vs_mean, vl_pi, beta penalty= 0 1.3618311882019043 1.355523705482483 -16.111907362937927
ch, vs_mean, vl_pi, beta penalty= 1 11.567983627319336 7.349256992340088 133.7314248085022
ch, vs_mean, vl_pi, beta penalty= 0 1.749126672744751 1.3166987895965576 -17.08253026008606
ch, vs_mean, vl_pi, beta penalty= 1 11.63720703125 7.4783782958984375 136.95945739746094
ch, vs_mean, vl_pi, beta penalty= 0 1.9741508960723877 1.3341991901397705 -16.645020246505737
ch, vs_mean, vl_pi, beta penalty= 1 11.64613151550293 6.610860824584961 115.27152061462402
ch, vs_mean, vl_pi, beta penalty= 0 2.139342784881592 1.3480474948883057 -16.29881262779236
ch, vs_mean, vl_pi, beta penalty= 1 11.593600273132324 6.1378045082092285 103.44511270523071
ch, vs_mean, vl_pi, beta penalty= 0 2.4828803539276123 1.5113754272460938 -12.215614318847656
ch, vs_mean, vl_pi, beta penalty= 1 11.778115272521973 6.673089027404785 116.82722568511963
evaluate_num:42 	 evaluate_reward:246.0 	 evaluate_cost:44.33779299870909 	 evaluate_max_cost:1.0
ch, vs_mean, vl_pi, beta penalty= 0 2.6868603229522705 1.4663652181625366 -13.340869545936584
ch, vs_mean, vl_pi, beta penalty= 1 11.70452880859375 6.879191875457764 121.97979688644409
ch, vs_mean, vl_pi, beta penalty= 0 2.9799654483795166 1.6498080492019653 -8.754798769950867
ch, vs_mean, vl_pi, beta penalty= 1 12.042760848999023 6.5253005027771 113.13251256942749
ch, vs_mean, vl_pi, beta penalty= 0 3.0608787536621094 1.5958973169326782 -10.102567076683044
ch, vs_mean, vl_pi, beta penalty= 1 11.573089599609375 7.589101791381836 139.7275447845459
ch, vs_mean, vl_pi, beta penalty= 0 3.304931879043579 1.9362502098083496 -1.5937447547912598
ch, vs_mean, vl_pi, beta penalty= 1 11.736712455749512 7.924623966217041 148.11559915542603
ch, vs_mean, vl_pi, beta penalty= 0 3.4866223335266113 1.7289317846298218 -6.776705384254456
ch, vs_mean, vl_pi, beta penalty= 1 11.877331733703613 8.507083892822266 162.67709732055664
ch, vs_mean, vl_pi, beta penalty= 0 3.519193172454834 1.7793487310409546 -5.516281723976135
ch, vs_mean, vl_pi, beta penalty= 1 11.84654426574707 7.1283793449401855 128.20948362350464
evaluate_num:43 	 evaluate_reward:241.66666666666666 	 evaluate_cost:44.662041011872624 	 evaluate_max_cost:1.0
ch, vs_mean, vl_pi, beta penalty= 0 3.7607719898223877 1.9876420497894287 -0.3089487552642822
ch, vs_mean, vl_pi, beta penalty= 1 11.888033866882324 7.324404716491699 133.11011791229248
ch, vs_mean, vl_pi, beta penalty= 0 3.9045228958129883 1.6840124130249023 -7.899689674377441
ch, vs_mean, vl_pi, beta penalty= 1 11.917116165161133 6.842213153839111 121.05532884597778
ch, vs_mean, vl_pi, beta penalty= 0 4.0221052169799805 1.8447647094726562 -3.8808822631835938
ch, vs_mean, vl_pi, beta penalty= 1 12.103262901306152 7.102068901062012 127.5517225265503
ch, vs_mean, vl_pi, beta penalty= 0 4.215187072753906 1.9252920150756836 -1.8676996231079102
ch, vs_mean, vl_pi, beta penalty= 1 11.898683547973633 6.978731155395508 124.4682788848877
ch, vs_mean, vl_pi, beta penalty= 0 4.208009243011475 2.0528149604797363 1.3203740119934082
ch, vs_mean, vl_pi, beta penalty= 1 11.834320068359375 6.527981758117676 113.1995439529419
ch, vs_mean, vl_pi, beta penalty= 0 4.403960704803467 1.989659070968628 -0.25852322578430176
ch, vs_mean, vl_pi, beta penalty= 1 11.72101879119873 6.673694610595703 116.84236526489258
ch, vs_mean, vl_pi, beta penalty= 0 4.629865646362305 1.9779304265975952 -0.5517393350601196
evaluate_num:44 	 evaluate_reward:243.0 	 evaluate_cost:45.511383664318004 	 evaluate_max_cost:1.0
ch, vs_mean, vl_pi, beta penalty= 1 11.671402931213379 6.5625128746032715 114.06282186508179
ch, vs_mean, vl_pi, beta penalty= 1 4.648440837860107 2.34788179397583 8.697044849395752
ch, vs_mean, vl_pi, beta penalty= 0 0.8249571323394775 1.2281711101531982 -19.295722246170044
ch, vs_mean, vl_pi, beta penalty= 1 8.569535255432129 5.172703742980957 79.31759357452393
ch, vs_mean, vl_pi, beta penalty= 0 1.2825756072998047 1.4667155742645264 -13.33211064338684
ch, vs_mean, vl_pi, beta penalty= 1 8.774421691894531 5.497876167297363 87.44690418243408
ch, vs_mean, vl_pi, beta penalty= 0 1.644563913345337 1.2872161865234375 -17.819595336914062
ch, vs_mean, vl_pi, beta penalty= 1 8.527658462524414 4.737604141235352 68.44010353088379
ch, vs_mean, vl_pi, beta penalty= 0 1.8910547494888306 1.3923295736312866 -15.191760659217834
ch, vs_mean, vl_pi, beta penalty= 1 8.700360298156738 4.71171760559082 67.79294013977051
ch, vs_mean, vl_pi, beta penalty= 0 2.0229649543762207 1.3348321914672852 -16.62919521331787
ch, vs_mean, vl_pi, beta penalty= 1 8.724279403686523 4.644610404968262 66.11526012420654
evaluate_num:45 	 evaluate_reward:254.66666666666666 	 evaluate_cost:46.400625282915705 	 evaluate_max_cost:1.0
ch, vs_mean, vl_pi, beta penalty= 0 2.336287260055542 1.4089381694793701 -14.776545763015747
ch, vs_mean, vl_pi, beta penalty= 1 8.69659423828125 4.8260416984558105 70.65104246139526
ch, vs_mean, vl_pi, beta penalty= 0 2.573990821838379 1.564711332321167 -10.882216691970825
ch, vs_mean, vl_pi, beta penalty= 1 8.647215843200684 5.186923980712891 79.67309951782227
ch, vs_mean, vl_pi, beta penalty= 0 2.804800510406494 1.445102334022522 -13.87244164943695
ch, vs_mean, vl_pi, beta penalty= 1 8.486259460449219 5.134680271148682 78.36700677871704
ch, vs_mean, vl_pi, beta penalty= 0 2.9230668544769287 1.5549249649047852 -11.126875877380371
ch, vs_mean, vl_pi, beta penalty= 1 8.411168098449707 4.830931663513184 70.77329158782959
ch, vs_mean, vl_pi, beta penalty= 0 3.1396090984344482 1.9915891885757446 -0.21027028560638428
ch, vs_mean, vl_pi, beta penalty= 1 8.641307830810547 5.416842460632324 85.4210615158081
ch, vs_mean, vl_pi, beta penalty= 0 3.294921875 1.9796881675720215 -0.5077958106994629
ch, vs_mean, vl_pi, beta penalty= 1 8.542513847351074 5.293970108032227 82.34925270080566
evaluate_num:46 	 evaluate_reward:240.66666666666666 	 evaluate_cost:45.260806003935365 	 evaluate_max_cost:1.0
ch, vs_mean, vl_pi, beta penalty= 0 3.366032123565674 2.1169073581695557 2.9226839542388916
ch, vs_mean, vl_pi, beta penalty= 1 8.709174156188965 4.8503828048706055 71.25957012176514
ch, vs_mean, vl_pi, beta penalty= 0 3.592717170715332 1.7282272577285767 -6.7943185567855835
ch, vs_mean, vl_pi, beta penalty= 1 8.654496192932129 5.61226749420166 90.3066873550415
ch, vs_mean, vl_pi, beta penalty= 0 3.4067108631134033 1.8044788837432861 -4.888027906417847
ch, vs_mean, vl_pi, beta penalty= 1 8.73386001586914 4.966463088989258 74.16157722473145
ch, vs_mean, vl_pi, beta penalty= 0 3.5779201984405518 1.794152021408081 -5.146199464797974
ch, vs_mean, vl_pi, beta penalty= 1 8.440654754638672 4.639512062072754 65.98780155181885
ch, vs_mean, vl_pi, beta penalty= 0 3.7286362648010254 1.8833001852035522 -2.917495369911194
ch, vs_mean, vl_pi, beta penalty= 1 8.362288475036621 4.612837314605713 65.32093286514282
ch, vs_mean, vl_pi, beta penalty= 0 3.9636595249176025 1.8394949436187744 -4.01262640953064
ch, vs_mean, vl_pi, beta penalty= 1 8.208026885986328 4.514130592346191 62.853264808654785
ch, vs_mean, vl_pi, beta penalty= 0 3.948456287384033 1.9670137166976929 -0.8246570825576782
evaluate_num:47 	 evaluate_reward:259.0 	 evaluate_cost:45.471805539045114 	 evaluate_max_cost:1.0
ch, vs_mean, vl_pi, beta penalty= 1 8.09701919555664 4.42000675201416 60.500168800354004
ch, vs_mean, vl_pi, beta penalty= 0 3.932915449142456 1.9943662881851196 -0.14084279537200928
ch, vs_mean, vl_pi, beta penalty= 1 8.032577514648438 4.028904438018799 50.72261095046997
ch, vs_mean, vl_pi, beta penalty= 0 4.157515525817871 2.143993854522705 3.599846363067627
ch, vs_mean, vl_pi, beta penalty= 1 7.998972415924072 4.014588832855225 50.364720821380615
ch, vs_mean, vl_pi, beta penalty= 0 4.27864933013916 2.0405473709106445 1.0136842727661133
ch, vs_mean, vl_pi, beta penalty= 1 7.872574806213379 3.9243719577789307 48.10929894447327
ch, vs_mean, vl_pi, beta penalty= 0 4.279691696166992 2.0594441890716553 1.4861047267913818
ch, vs_mean, vl_pi, beta penalty= 1 7.886632919311523 3.860780954360962 46.51952385902405
ch, vs_mean, vl_pi, beta penalty= 0 4.536972522735596 2.043571710586548 1.0892927646636963
ch, vs_mean, vl_pi, beta penalty= 1 7.689634323120117 4.360052108764648 59.00130271911621
ch, vs_mean, vl_pi, beta penalty= 1 4.5680060386657715 2.226571559906006 5.6642889976501465
ch, vs_mean, vl_pi, beta penalty= 0 1.608198642730713 1.2014120817184448 -19.96469795703888
evaluate_num:48 	 evaluate_reward:243.0 	 evaluate_cost:43.93250853696609 	 evaluate_max_cost:1.0
ch, vs_mean, vl_pi, beta penalty= 1 4.830687046051025 3.2642383575439453 31.605958938598633
ch, vs_mean, vl_pi, beta penalty= 0 1.8162176609039307 1.278406023979187 -18.039849400520325
ch, vs_mean, vl_pi, beta penalty= 1 4.732509613037109 2.7057552337646484 17.64388084411621
ch, vs_mean, vl_pi, beta penalty= 0 1.8518562316894531 1.1816046237945557 -20.45988440513611
ch, vs_mean, vl_pi, beta penalty= 1 4.745142459869385 2.6802730560302734 17.006826400756836
ch, vs_mean, vl_pi, beta penalty= 0 1.9823732376098633 1.5321869850158691 -11.695325374603271
ch, vs_mean, vl_pi, beta penalty= 1 4.672835350036621 3.2519214153289795 31.298035383224487
ch, vs_mean, vl_pi, beta penalty= 0 2.0946786403656006 1.3785150051116943 -15.537124872207642
ch, vs_mean, vl_pi, beta penalty= 1 4.57271671295166 3.170825719833374 29.27064299583435
ch, vs_mean, vl_pi, beta penalty= 0 2.1998608112335205 1.4397960901260376 -14.00509774684906
ch, vs_mean, vl_pi, beta penalty= 1 4.702737808227539 2.6136908531188965 15.342271327972412
ch, vs_mean, vl_pi, beta penalty= 1 2.264782190322876 2.1483757495880127 3.7093937397003174
ch, vs_mean, vl_pi, beta penalty= 0 0.721573531627655 1.1100153923034668 -22.24961519241333
evaluate_num:49 	 evaluate_reward:269.0 	 evaluate_cost:45.209391968793135 	 evaluate_max_cost:1.0
ch, vs_mean, vl_pi, beta penalty= 0 3.0361218452453613 2.0000829696655273 0.0020742416381835938
ch, vs_mean, vl_pi, beta penalty= 1 5.0832719802856445 3.234590768814087 30.864769220352173
ch, vs_mean, vl_pi, beta penalty= 1 3.2172460556030273 2.216120719909668 5.403017997741699
ch, vs_mean, vl_pi, beta penalty= 0 1.2018013000488281 1.1537712812423706 -21.155717968940735
ch, vs_mean, vl_pi, beta penalty= 0 2.977952718734741 2.030409574508667 0.7602393627166748
ch, vs_mean, vl_pi, beta penalty= 1 4.90153169631958 3.457519769668579 36.43799424171448
ch, vs_mean, vl_pi, beta penalty= 1 3.192582130432129 2.384272336959839 9.606808423995972
ch, vs_mean, vl_pi, beta penalty= 0 1.5271079540252686 1.2955015897750854 -17.612460255622864
ch, vs_mean, vl_pi, beta penalty= 1 3.0308914184570312 2.138558864593506 3.4639716148376465
ch, vs_mean, vl_pi, beta penalty= 0 1.6081687211990356 1.2873578071594238 -17.816054821014404
ch, vs_mean, vl_pi, beta penalty= 0 3.022937774658203 2.001403570175171 0.03508925437927246
ch, vs_mean, vl_pi, beta penalty= 1 4.416286945343018 2.9607040882110596 24.01760220527649
ch, vs_mean, vl_pi, beta penalty= 0 3.170128583908081 1.976646900177002 -0.5838274955749512
evaluate_num:50 	 evaluate_reward:258.6666666666667 	 evaluate_cost:44.85662221098895 	 evaluate_max_cost:1.0
ch, vs_mean, vl_pi, beta penalty= 1 4.311188220977783 2.6850619316101074 17.126548290252686
ch, vs_mean, vl_pi, beta penalty= 0 3.247309446334839 1.98588228225708 -0.35294294357299805
ch, vs_mean, vl_pi, beta penalty= 1 4.1752800941467285 2.488187789916992 12.204694747924805
ch, vs_mean, vl_pi, beta penalty= 1 3.3193185329437256 2.1828784942626953 4.571962356567383
ch, vs_mean, vl_pi, beta penalty= 0 2.445648670196533 1.667277216911316 -8.318069577217102
ch, vs_mean, vl_pi, beta penalty= 1 3.193173885345459 2.2411468029022217 6.028670072555542
ch, vs_mean, vl_pi, beta penalty= 0 2.535503387451172 1.6772593259811401 -8.068516850471497
ch, vs_mean, vl_pi, beta penalty= 0 3.1576547622680664 2.0132944583892822 0.33236145973205566
ch, vs_mean, vl_pi, beta penalty= 1 3.653211832046509 2.18953800201416 4.738450050354004
ch, vs_mean, vl_pi, beta penalty= 0 3.233388900756836 2.081061840057373 2.026546001434326
ch, vs_mean, vl_pi, beta penalty= 1 3.5604300498962402 2.575679302215576 14.391982555389404
ch, vs_mean, vl_pi, beta penalty= 0 3.2749524116516113 2.0219101905822754 0.5477547645568848
ch, vs_mean, vl_pi, beta penalty= 1 3.482797861099243 2.456127643585205 11.403191089630127
