n0006
Sat Mar 28 03:53:56 PM EDT 2026
/home/sm3934/miniconda3/envs/ipm_rcrl_env/bin/python
run= 3 seed= 3 env= CartPolePerturbedEnv
env=CartPolePerturbedEnv
state_dim=4
action_dim=1
max_action=10.0
max_episode_steps=1000
No env selected
------use_orthogonal_init------
------use_orthogonal_init------
------use_orthogonal_init------
evaluate_num:1 	 evaluate_reward:43.666666666666664 	 evaluate_cost:5.260607875587746 	 evaluate_max_cost:1.0
New best model found! Saving model with reward: 43.666666666666664 and max cost: 1.0
ch, vs_mean, vl_pi, beta penalty= 0 -0.018327847123146057 1.000029444694519 -24.999263882637024
evaluate_num:2 	 evaluate_reward:52.0 	 evaluate_cost:5.13539252554349 	 evaluate_max_cost:1.0
New best model found! Saving model with reward: 52.0 and max cost: 1.0
ch, vs_mean, vl_pi, beta penalty= 0 8.141752243041992 19.750539779663086 443.76349449157715
ch, vs_mean, vl_pi, beta penalty= 0 15.14461612701416 33.35417175292969 783.8542938232422
ch, vs_mean, vl_pi, beta penalty= 0 19.660097122192383 25.9818172454834 599.545431137085
evaluate_num:3 	 evaluate_reward:85.0 	 evaluate_cost:6.264356948240372 	 evaluate_max_cost:1.0
New best model found! Saving model with reward: 85.0 and max cost: 1.0
ch, vs_mean, vl_pi, beta penalty= 0 22.94375991821289 38.451881408691406 911.2970352172852
ch, vs_mean, vl_pi, beta penalty= 0 29.754268646240234 39.8891487121582 947.2287178039551
ch, vs_mean, vl_pi, beta penalty= 0 39.69078063964844 49.688758850097656 1192.2189712524414
ch, vs_mean, vl_pi, beta penalty= 0 50.10566711425781 58.6356086730957 1415.8902168273926
ch, vs_mean, vl_pi, beta penalty= 0 53.56301498413086 61.80796813964844 1495.199203491211
ch, vs_mean, vl_pi, beta penalty= 0 60.3173828125 65.64794921875 1591.19873046875
ch, vs_mean, vl_pi, beta penalty= 0 64.90194702148438 70.09801483154297 1702.4503707885742
ch, vs_mean, vl_pi, beta penalty= 0 68.07001495361328 73.36791229248047 1784.1978073120117
ch, vs_mean, vl_pi, beta penalty= 0 70.58477783203125 81.24256134033203 1981.0640335083008
ch, vs_mean, vl_pi, beta penalty= 0 74.03565216064453 84.10578155517578 2052.6445388793945
ch, vs_mean, vl_pi, beta penalty= 0 76.58877563476562 80.23161315917969 1955.7903289794922
ch, vs_mean, vl_pi, beta penalty= 0 73.82353210449219 87.87291717529297 2146.822929382324
ch, vs_mean, vl_pi, beta penalty= 0 77.213134765625 87.75456237792969 2143.864059448242
ch, vs_mean, vl_pi, beta penalty= 0 80.41426849365234 87.30865478515625 2132.7163696289062
ch, vs_mean, vl_pi, beta penalty= 0 75.91474151611328 87.34307861328125 2133.5769653320312
ch, vs_mean, vl_pi, beta penalty= 0 69.5252456665039 89.19514465332031 2179.878616333008
evaluate_num:4 	 evaluate_reward:500.0 	 evaluate_cost:171.64384852151207 	 evaluate_max_cost:0.9917999397491397
New best model found! Saving model with reward: 500.0 and max cost: 0.9917999397491397
ch, vs_mean, vl_pi, beta penalty= 1 80.93868255615234 89.2719497680664 2181.79874420166
ch, vs_mean, vl_pi, beta penalty= 1 20.612506866455078 9.257270812988281 181.43177032470703
ch, vs_mean, vl_pi, beta penalty= 1 7.686350345611572 15.660314559936523 341.5078639984131
ch, vs_mean, vl_pi, beta penalty= 1 1.7084095478057861 4.493892192840576 62.347304821014404
ch, vs_mean, vl_pi, beta penalty= 1 2.906005382537842 3.718040704727173 42.95101761817932
ch, vs_mean, vl_pi, beta penalty= 1 0.8460898399353027 2.445812940597534 11.145323514938354
ch, vs_mean, vl_pi, beta penalty= 0 0.7952938675880432 1.9533755779266357 -1.1656105518341064
ch, vs_mean, vl_pi, beta penalty= 1 16.384244918823242 19.973705291748047 449.3426322937012
ch, vs_mean, vl_pi, beta penalty= 1 0.44017931818962097 2.3355796337127686 8.389490842819214
ch, vs_mean, vl_pi, beta penalty= 0 0.865092933177948 1.9307219982147217 -1.731950044631958
ch, vs_mean, vl_pi, beta penalty= 1 16.792613983154297 18.55049705505371 413.7624263763428
ch, vs_mean, vl_pi, beta penalty= 0 0.6147509813308716 1.0500224828720093 -23.749437928199768
ch, vs_mean, vl_pi, beta penalty= 1 16.218076705932617 18.74634552001953 418.6586380004883
ch, vs_mean, vl_pi, beta penalty= 0 0.1914966106414795 1.534318208694458 -11.64204478263855
evaluate_num:5 	 evaluate_reward:248.33333333333334 	 evaluate_cost:44.04288211722403 	 evaluate_max_cost:1.0
ch, vs_mean, vl_pi, beta penalty= 1 15.891963958740234 18.44135284423828 411.03382110595703
ch, vs_mean, vl_pi, beta penalty= 1 1.0661917924880981 2.1036415100097656 2.5910377502441406
ch, vs_mean, vl_pi, beta penalty= 1 1.3841356039047241 2.3180434703826904 7.951086759567261
ch, vs_mean, vl_pi, beta penalty= 0 0.15164686739444733 1.1434687376022339 -21.413281559944153
ch, vs_mean, vl_pi, beta penalty= 1 15.915545463562012 19.245201110839844 431.1300277709961
ch, vs_mean, vl_pi, beta penalty= 0 0.2622251510620117 1.0032695531845093 -24.918261170387268
ch, vs_mean, vl_pi, beta penalty= 1 15.75794792175293 17.9963321685791 399.90830421447754
ch, vs_mean, vl_pi, beta penalty= 0 0.3278579115867615 1.0561538934707642 -23.596152663230896
ch, vs_mean, vl_pi, beta penalty= 1 15.931682586669922 17.637676239013672 390.9419059753418
ch, vs_mean, vl_pi, beta penalty= 0 0.19817018508911133 1.7254425287246704 -6.86393678188324
ch, vs_mean, vl_pi, beta penalty= 1 15.94114875793457 18.463600158691406 411.59000396728516
ch, vs_mean, vl_pi, beta penalty= 0 0.5110049843788147 1.0086352825164795 -24.784117937088013
evaluate_num:6 	 evaluate_reward:259.6666666666667 	 evaluate_cost:41.008655191814256 	 evaluate_max_cost:1.0
ch, vs_mean, vl_pi, beta penalty= 1 16.295984268188477 17.534862518310547 388.3715629577637
ch, vs_mean, vl_pi, beta penalty= 0 0.23444736003875732 1.2033209800720215 -19.916975498199463
ch, vs_mean, vl_pi, beta penalty= 1 15.847787857055664 17.433387756347656 385.8346939086914
ch, vs_mean, vl_pi, beta penalty= 0 0.4549194574356079 1.1085944175720215 -22.285139560699463
ch, vs_mean, vl_pi, beta penalty= 1 15.932104110717773 17.244226455688477 381.1056613922119
ch, vs_mean, vl_pi, beta penalty= 0 0.23344935476779938 1.196976900100708 -20.0755774974823
ch, vs_mean, vl_pi, beta penalty= 1 15.655954360961914 17.910934448242188 397.7733612060547
ch, vs_mean, vl_pi, beta penalty= 0 0.24853898584842682 1.0020222663879395 -24.949443340301514
ch, vs_mean, vl_pi, beta penalty= 1 15.75579833984375 17.118797302246094 377.96993255615234
ch, vs_mean, vl_pi, beta penalty= 0 0.16005809605121613 1.0685930252075195 -23.28517436981201
ch, vs_mean, vl_pi, beta penalty= 1 15.12261962890625 17.505558013916016 387.6389503479004
evaluate_num:7 	 evaluate_reward:212.66666666666666 	 evaluate_cost:33.32015738947996 	 evaluate_max_cost:1.0
ch, vs_mean, vl_pi, beta penalty= 1 0.7106549143791199 2.0608787536621094 1.5219688415527344
ch, vs_mean, vl_pi, beta penalty= 0 1.165103793144226 1.6492522954940796 -8.76869261264801
ch, vs_mean, vl_pi, beta penalty= 1 16.4925537109375 19.06462287902832 426.615571975708
ch, vs_mean, vl_pi, beta penalty= 0 0.15118612349033356 1.010125994682312 -24.7468501329422
ch, vs_mean, vl_pi, beta penalty= 1 15.326607704162598 17.718448638916016 392.9612159729004
ch, vs_mean, vl_pi, beta penalty= 0 0.22092294692993164 1.0036647319793701 -24.908381700515747
ch, vs_mean, vl_pi, beta penalty= 1 15.64207649230957 17.827320098876953 395.6830024719238
ch, vs_mean, vl_pi, beta penalty= 0 0.4507582187652588 1.0554423332214355 -23.61394166946411
ch, vs_mean, vl_pi, beta penalty= 1 15.953351974487305 17.26319694519043 381.57992362976074
evaluate_num:8 	 evaluate_reward:190.66666666666666 	 evaluate_cost:32.46545938235723 	 evaluate_max_cost:1.0
ch, vs_mean, vl_pi, beta penalty= 0 0.03052414208650589 1.0080899000167847 -24.797752499580383
ch, vs_mean, vl_pi, beta penalty= 1 15.247550964355469 17.755205154418945 393.88012886047363
ch, vs_mean, vl_pi, beta penalty= 0 0.22490882873535156 1.028340220451355 -24.291494488716125
ch, vs_mean, vl_pi, beta penalty= 1 15.433130264282227 17.823505401611328 395.5876350402832
ch, vs_mean, vl_pi, beta penalty= 0 0.11434037238359451 1.0005791187286377 -24.985522031784058
ch, vs_mean, vl_pi, beta penalty= 1 15.49575424194336 18.088224411010742 402.20561027526855
ch, vs_mean, vl_pi, beta penalty= 0 0.08182849735021591 1.4078419208526611 -14.803951978683472
ch, vs_mean, vl_pi, beta penalty= 1 15.185094833374023 19.89203643798828 447.30091094970703
evaluate_num:9 	 evaluate_reward:195.33333333333334 	 evaluate_cost:31.711005920081334 	 evaluate_max_cost:1.0
ch, vs_mean, vl_pi, beta penalty= 1 0.9538276791572571 2.6899402141571045 17.248505353927612
ch, vs_mean, vl_pi, beta penalty= 1 1.6534380912780762 2.3483567237854004 8.70891809463501
ch, vs_mean, vl_pi, beta penalty= 0 0.573354959487915 1.6698635816574097 -8.253410458564758
ch, vs_mean, vl_pi, beta penalty= 1 15.774210929870605 17.803518295288086 395.08795738220215
ch, vs_mean, vl_pi, beta penalty= 0 0.22762450575828552 1.0785952806472778 -23.035117983818054
ch, vs_mean, vl_pi, beta penalty= 1 15.331616401672363 18.896949768066406 422.42374420166016
ch, vs_mean, vl_pi, beta penalty= 0 0.5758709907531738 1.0655957460403442 -23.360106348991394
evaluate_num:10 	 evaluate_reward:195.33333333333334 	 evaluate_cost:31.98974253744157 	 evaluate_max_cost:1.0
ch, vs_mean, vl_pi, beta penalty= 1 15.197152137756348 18.611787796020508 415.2946949005127
ch, vs_mean, vl_pi, beta penalty= 0 0.42363929748535156 1.0130778551101685 -24.67305362224579
ch, vs_mean, vl_pi, beta penalty= 1 14.914912223815918 19.828685760498047 445.7171440124512
ch, vs_mean, vl_pi, beta penalty= 0 0.5344001054763794 1.1671688556671143 -20.820778608322144
ch, vs_mean, vl_pi, beta penalty= 1 14.827742576599121 19.21344566345215 430.3361415863037
ch, vs_mean, vl_pi, beta penalty= 0 0.647348940372467 1.1631958484649658 -20.920103788375854
evaluate_num:11 	 evaluate_reward:189.33333333333334 	 evaluate_cost:30.084278684552416 	 evaluate_max_cost:1.0
ch, vs_mean, vl_pi, beta penalty= 1 15.314309120178223 18.39923858642578 409.98096466064453
ch, vs_mean, vl_pi, beta penalty= 0 0.619259774684906 1.2366582155227661 -19.083544611930847
ch, vs_mean, vl_pi, beta penalty= 1 15.48523998260498 17.80758285522461 395.18957138061523
ch, vs_mean, vl_pi, beta penalty= 0 0.8711037635803223 1.6915087699890137 -7.712280750274658
ch, vs_mean, vl_pi, beta penalty= 1 15.779253005981445 18.273483276367188 406.8370819091797
ch, vs_mean, vl_pi, beta penalty= 0 0.18336041271686554 1.1021430492401123 -22.446423768997192
ch, vs_mean, vl_pi, beta penalty= 1 15.384817123413086 17.925708770751953 398.1427192687988
ch, vs_mean, vl_pi, beta penalty= 0 0.04089878126978874 1.0037306547164917 -24.906733632087708
ch, vs_mean, vl_pi, beta penalty= 1 15.28829574584961 18.380126953125 409.503173828125
evaluate_num:12 	 evaluate_reward:192.33333333333334 	 evaluate_cost:30.62504233787335 	 evaluate_max_cost:1.0
ch, vs_mean, vl_pi, beta penalty= 0 0.04851610213518143 1.0009503364562988 -24.97624158859253
ch, vs_mean, vl_pi, beta penalty= 1 15.170836448669434 18.135881423950195 403.3970355987549
ch, vs_mean, vl_pi, beta penalty= 0 0.15871790051460266 1.0020886659622192 -24.94778335094452
ch, vs_mean, vl_pi, beta penalty= 1 15.53683090209961 17.716981887817383 392.92454719543457
ch, vs_mean, vl_pi, beta penalty= 0 0.19511757791042328 1.0017741918563843 -24.955645203590393
ch, vs_mean, vl_pi, beta penalty= 1 15.459656715393066 17.414623260498047 385.3655815124512
ch, vs_mean, vl_pi, beta penalty= 0 0.17410477995872498 1.0017008781433105 -24.957478046417236
ch, vs_mean, vl_pi, beta penalty= 1 15.492658615112305 17.51830291748047 387.9575729370117
ch, vs_mean, vl_pi, beta penalty= 0 0.16727855801582336 1.0004165172576904 -24.98958706855774
evaluate_num:13 	 evaluate_reward:189.0 	 evaluate_cost:30.658328573478247 	 evaluate_max_cost:1.0
ch, vs_mean, vl_pi, beta penalty= 1 15.517875671386719 17.3260440826416 383.15110206604004
ch, vs_mean, vl_pi, beta penalty= 0 0.27589595317840576 1.0096627473831177 -24.758431315422058
ch, vs_mean, vl_pi, beta penalty= 1 15.472585678100586 17.693477630615234 392.33694076538086
ch, vs_mean, vl_pi, beta penalty= 0 0.3129613697528839 1.0230299234390259 -24.424251914024353
ch, vs_mean, vl_pi, beta penalty= 1 15.545438766479492 18.613317489624023 415.3329372406006
ch, vs_mean, vl_pi, beta penalty= 0 0.48692557215690613 1.0110224485397339 -24.724438786506653
ch, vs_mean, vl_pi, beta penalty= 1 15.67776107788086 18.274887084960938 406.87217712402344
ch, vs_mean, vl_pi, beta penalty= 0 0.5283302664756775 1.1549217700958252 -21.12695574760437
ch, vs_mean, vl_pi, beta penalty= 1 15.778783798217773 17.91168785095215 397.7921962738037
evaluate_num:14 	 evaluate_reward:212.33333333333334 	 evaluate_cost:32.34639523615588 	 evaluate_max_cost:1.0
ch, vs_mean, vl_pi, beta penalty= 0 0.20411567389965057 1.0011781454086304 -24.97054636478424
ch, vs_mean, vl_pi, beta penalty= 1 15.516766548156738 18.935264587402344 423.3816146850586
ch, vs_mean, vl_pi, beta penalty= 0 0.10709435492753983 1.0012145042419434 -24.969637393951416
ch, vs_mean, vl_pi, beta penalty= 1 15.342754364013672 18.489151000976562 412.22877502441406
ch, vs_mean, vl_pi, beta penalty= 0 0.0936226099729538 1.000544786453247 -24.986380338668823
ch, vs_mean, vl_pi, beta penalty= 1 15.426785469055176 17.58608055114746 389.6520137786865
ch, vs_mean, vl_pi, beta penalty= 0 0.10644309222698212 1.0003000497817993 -24.992498755455017
ch, vs_mean, vl_pi, beta penalty= 1 15.30423355102539 18.008800506591797 400.2200126647949
evaluate_num:15 	 evaluate_reward:181.0 	 evaluate_cost:31.731496432263498 	 evaluate_max_cost:1.0
ch, vs_mean, vl_pi, beta penalty= 0 0.06244857609272003 1.0001784563064575 -24.995538592338562
ch, vs_mean, vl_pi, beta penalty= 1 14.887422561645508 19.021259307861328 425.5314826965332
ch, vs_mean, vl_pi, beta penalty= 0 0.5362374782562256 1.1510049104690552 -21.22487723827362
ch, vs_mean, vl_pi, beta penalty= 1 15.48941707611084 18.765024185180664 419.1256046295166
ch, vs_mean, vl_pi, beta penalty= 0 0.29134416580200195 1.0341120958328247 -24.147197604179382
ch, vs_mean, vl_pi, beta penalty= 1 15.301911354064941 19.10143280029297 427.5358200073242
ch, vs_mean, vl_pi, beta penalty= 0 0.4955047369003296 1.0552810430526733 -23.617973923683167
ch, vs_mean, vl_pi, beta penalty= 1 15.669509887695312 19.122817993164062 428.07044982910156
ch, vs_mean, vl_pi, beta penalty= 0 0.18893790245056152 1.0010050535202026 -24.974873661994934
evaluate_num:16 	 evaluate_reward:192.33333333333334 	 evaluate_cost:32.07804692339505 	 evaluate_max_cost:1.0
ch, vs_mean, vl_pi, beta penalty= 1 15.404679298400879 18.497514724731445 412.43786811828613
ch, vs_mean, vl_pi, beta penalty= 0 0.15389715135097504 1.00339937210083 -24.915015697479248
ch, vs_mean, vl_pi, beta penalty= 1 15.240370750427246 18.03482437133789 400.87060928344727
ch, vs_mean, vl_pi, beta penalty= 0 0.03526628762483597 1.000045657157898 -24.99885857105255
ch, vs_mean, vl_pi, beta penalty= 1 15.301937103271484 18.012771606445312 400.3192901611328
ch, vs_mean, vl_pi, beta penalty= 0 0.07341480255126953 1.000246286392212 -24.993842840194702
ch, vs_mean, vl_pi, beta penalty= 1 15.416277885437012 17.74207305908203 393.5518264770508
ch, vs_mean, vl_pi, beta penalty= 0 0.3036208748817444 1.0296645164489746 -24.258387088775635
evaluate_num:17 	 evaluate_reward:177.0 	 evaluate_cost:29.09344324863281 	 evaluate_max_cost:1.0
ch, vs_mean, vl_pi, beta penalty= 1 15.435543060302734 18.524394989013672 413.1098747253418
ch, vs_mean, vl_pi, beta penalty= 0 0.13130418956279755 1.009171485900879 -24.770712852478027
ch, vs_mean, vl_pi, beta penalty= 1 15.193869590759277 18.540508270263672 413.5127067565918
ch, vs_mean, vl_pi, beta penalty= 0 0.1182061955332756 1.0016846656799316 -24.95788335800171
ch, vs_mean, vl_pi, beta penalty= 1 15.26664924621582 17.78937530517578 394.73438262939453
ch, vs_mean, vl_pi, beta penalty= 0 0.4069511592388153 1.0019655227661133 -24.950861930847168
ch, vs_mean, vl_pi, beta penalty= 1 15.471107482910156 18.35114860534668 408.778715133667
ch, vs_mean, vl_pi, beta penalty= 0 0.14027802646160126 1.0006134510040283 -24.984663724899292
ch, vs_mean, vl_pi, beta penalty= 1 15.195176124572754 17.574384689331055 389.35961723327637
evaluate_num:18 	 evaluate_reward:172.66666666666666 	 evaluate_cost:28.872956207730937 	 evaluate_max_cost:1.0
ch, vs_mean, vl_pi, beta penalty= 0 0.09013761579990387 1.0017149448394775 -24.95712637901306
ch, vs_mean, vl_pi, beta penalty= 1 15.173601150512695 18.923736572265625 423.0934143066406
ch, vs_mean, vl_pi, beta penalty= 0 0.1632462441921234 1.0007270574569702 -24.981823563575745
ch, vs_mean, vl_pi, beta penalty= 1 15.260051727294922 18.395124435424805 409.8781108856201
ch, vs_mean, vl_pi, beta penalty= 0 0.10090076923370361 1.002121925354004 -24.946951866149902
ch, vs_mean, vl_pi, beta penalty= 1 15.114233016967773 18.084671020507812 402.1167755126953
ch, vs_mean, vl_pi, beta penalty= 0 0.10700870305299759 1.00015127658844 -24.996218085289
ch, vs_mean, vl_pi, beta penalty= 1 15.257146835327148 18.152963638305664 403.8240909576416
evaluate_num:19 	 evaluate_reward:173.33333333333334 	 evaluate_cost:26.957194460347022 	 evaluate_max_cost:1.0
ch, vs_mean, vl_pi, beta penalty= 0 -0.024990130215883255 1.0001696348190308 -24.99575912952423
ch, vs_mean, vl_pi, beta penalty= 1 15.147054672241211 18.08392906188965 402.0982265472412
ch, vs_mean, vl_pi, beta penalty= 0 0.13162574172019958 1.0161774158477783 -24.595564603805542
ch, vs_mean, vl_pi, beta penalty= 1 15.246768951416016 18.603065490722656 415.0766372680664
ch, vs_mean, vl_pi, beta penalty= 0 0.07473082840442657 1.016223430633545 -24.594414234161377
ch, vs_mean, vl_pi, beta penalty= 1 15.099853515625 18.914384841918945 422.85962104797363
ch, vs_mean, vl_pi, beta penalty= 0 0.13984833657741547 1.0040191411972046 -24.899521470069885
ch, vs_mean, vl_pi, beta penalty= 1 15.274369239807129 17.858488082885742 396.46220207214355
evaluate_num:20 	 evaluate_reward:163.66666666666666 	 evaluate_cost:27.112147345270344 	 evaluate_max_cost:1.0
ch, vs_mean, vl_pi, beta penalty= 0 0.040586646646261215 1.0099194049835205 -24.752014875411987
ch, vs_mean, vl_pi, beta penalty= 1 15.014564514160156 18.171833038330078 404.29582595825195
ch, vs_mean, vl_pi, beta penalty= 0 0.0516665056347847 1.0032516717910767 -24.918708205223083
ch, vs_mean, vl_pi, beta penalty= 1 15.043243408203125 17.871702194213867 396.7925548553467
ch, vs_mean, vl_pi, beta penalty= 0 0.049052804708480835 1.000935435295105 -24.976614117622375
ch, vs_mean, vl_pi, beta penalty= 1 15.065471649169922 17.926769256591797 398.1692314147949
ch, vs_mean, vl_pi, beta penalty= 0 0.056920405477285385 1.00941801071167 -24.764549732208252
ch, vs_mean, vl_pi, beta penalty= 1 15.093976020812988 18.540367126464844 413.5091781616211
evaluate_num:21 	 evaluate_reward:161.66666666666666 	 evaluate_cost:26.99929981626146 	 evaluate_max_cost:1.0
ch, vs_mean, vl_pi, beta penalty= 0 0.08378307521343231 1.0060133934020996 -24.84966516494751
ch, vs_mean, vl_pi, beta penalty= 1 15.008489608764648 18.081401824951172 402.0350456237793
ch, vs_mean, vl_pi, beta penalty= 0 0.2064809650182724 1.0073643922805786 -24.815890192985535
ch, vs_mean, vl_pi, beta penalty= 1 15.171902656555176 17.924036026000977 398.1009006500244
ch, vs_mean, vl_pi, beta penalty= 0 0.17468629777431488 1.0034621953964233 -24.913445115089417
ch, vs_mean, vl_pi, beta penalty= 1 15.058459281921387 18.543190002441406 413.57975006103516
ch, vs_mean, vl_pi, beta penalty= 0 0.12447059154510498 1.002079725265503 -24.948006868362427
evaluate_num:22 	 evaluate_reward:157.66666666666666 	 evaluate_cost:25.819137781066242 	 evaluate_max_cost:1.0
ch, vs_mean, vl_pi, beta penalty= 1 14.97202205657959 18.060087203979492 401.5021800994873
ch, vs_mean, vl_pi, beta penalty= 0 0.12772387266159058 1.0001816749572754 -24.995458126068115
ch, vs_mean, vl_pi, beta penalty= 1 14.926886558532715 17.835193634033203 395.8798408508301
ch, vs_mean, vl_pi, beta penalty= 0 0.1965675950050354 1.0008349418640137 -24.979126453399658
ch, vs_mean, vl_pi, beta penalty= 1 15.123855590820312 18.231103897094727 405.77759742736816
ch, vs_mean, vl_pi, beta penalty= 0 0.11177933216094971 1.0004252195358276 -24.98936951160431
ch, vs_mean, vl_pi, beta penalty= 1 15.205181121826172 18.250709533691406 406.26773834228516
ch, vs_mean, vl_pi, beta penalty= 0 0.11279447376728058 1.001314640045166 -24.96713399887085
evaluate_num:23 	 evaluate_reward:158.66666666666666 	 evaluate_cost:26.223017894123085 	 evaluate_max_cost:1.0
ch, vs_mean, vl_pi, beta penalty= 1 14.997694969177246 18.50531578063965 412.6328945159912
ch, vs_mean, vl_pi, beta penalty= 0 0.1483718752861023 1.0028165578842163 -24.929586052894592
ch, vs_mean, vl_pi, beta penalty= 1 15.03702449798584 18.292844772338867 407.3211193084717
ch, vs_mean, vl_pi, beta penalty= 0 0.1414952278137207 1.0008445978164673 -24.978885054588318
ch, vs_mean, vl_pi, beta penalty= 1 15.097041130065918 17.86243438720703 396.5608596801758
ch, vs_mean, vl_pi, beta penalty= 0 0.08519342541694641 1.00048828125 -24.98779296875
ch, vs_mean, vl_pi, beta penalty= 1 15.101723670959473 17.953258514404297 398.8314628601074
ch, vs_mean, vl_pi, beta penalty= 0 0.08982504904270172 1.0030461549758911 -24.923846125602722
evaluate_num:24 	 evaluate_reward:160.0 	 evaluate_cost:26.039360499261857 	 evaluate_max_cost:1.0
ch, vs_mean, vl_pi, beta penalty= 1 15.101593971252441 17.72066879272461 393.01671981811523
ch, vs_mean, vl_pi, beta penalty= 0 0.05794788524508476 1.001196265220642 -24.970093369483948
ch, vs_mean, vl_pi, beta penalty= 1 15.074151039123535 17.93663787841797 398.4159469604492
ch, vs_mean, vl_pi, beta penalty= 0 0.12448132783174515 1.000158667564392 -24.996033310890198
ch, vs_mean, vl_pi, beta penalty= 1 15.080194473266602 18.001476287841797 400.0369071960449
ch, vs_mean, vl_pi, beta penalty= 0 0.06574255973100662 1.0007108449935913 -24.982228875160217
ch, vs_mean, vl_pi, beta penalty= 1 14.891162872314453 17.86684226989746 396.6710567474365
evaluate_num:25 	 evaluate_reward:152.33333333333334 	 evaluate_cost:24.228672523027285 	 evaluate_max_cost:1.0
ch, vs_mean, vl_pi, beta penalty= 0 0.1167244166135788 1.0012297630310059 -24.969255924224854
ch, vs_mean, vl_pi, beta penalty= 1 15.107421875 18.651220321655273 416.28050804138184
ch, vs_mean, vl_pi, beta penalty= 0 0.04366590082645416 1.0002785921096802 -24.993035197257996
ch, vs_mean, vl_pi, beta penalty= 1 14.993243217468262 18.231603622436523 405.7900905609131
ch, vs_mean, vl_pi, beta penalty= 0 -0.011164727620780468 1.0001399517059326 -24.996501207351685
ch, vs_mean, vl_pi, beta penalty= 1 15.003351211547852 17.751113891601562 393.77784729003906
ch, vs_mean, vl_pi, beta penalty= 0 0.03685492277145386 1.0004569292068481 -24.988576769828796
ch, vs_mean, vl_pi, beta penalty= 1 15.09662914276123 18.092973709106445 402.32434272766113
evaluate_num:26 	 evaluate_reward:151.33333333333334 	 evaluate_cost:24.50207023712457 	 evaluate_max_cost:1.0
ch, vs_mean, vl_pi, beta penalty= 0 -0.012350697070360184 1.0002856254577637 -24.992859363555908
ch, vs_mean, vl_pi, beta penalty= 1 14.845878601074219 19.036277770996094 425.90694427490234
ch, vs_mean, vl_pi, beta penalty= 0 0.12180295586585999 1.0034328699111938 -24.914178252220154
ch, vs_mean, vl_pi, beta penalty= 1 15.015012741088867 18.463491439819336 411.5872859954834
ch, vs_mean, vl_pi, beta penalty= 0 -0.00854108203202486 1.0013834238052368 -24.96541440486908
ch, vs_mean, vl_pi, beta penalty= 1 14.649248123168945 19.388599395751953 434.7149848937988
evaluate_num:27 	 evaluate_reward:146.66666666666666 	 evaluate_cost:24.76041952283073 	 evaluate_max_cost:1.0
ch, vs_mean, vl_pi, beta penalty= 0 0.12039227783679962 1.0011889934539795 -24.970275163650513
ch, vs_mean, vl_pi, beta penalty= 1 14.816039085388184 18.32114028930664 408.028507232666
ch, vs_mean, vl_pi, beta penalty= 0 0.12528806924819946 1.0017833709716797 -24.955415725708008
ch, vs_mean, vl_pi, beta penalty= 1 14.817469596862793 17.652650833129883 391.31627082824707
ch, vs_mean, vl_pi, beta penalty= 0 0.08149152994155884 1.0005595684051514 -24.986010789871216
ch, vs_mean, vl_pi, beta penalty= 1 14.739444732666016 18.00994300842285 400.2485752105713
ch, vs_mean, vl_pi, beta penalty= 0 0.08127593994140625 1.0005443096160889 -24.98639225959778
evaluate_num:28 	 evaluate_reward:146.33333333333334 	 evaluate_cost:24.98546951903697 	 evaluate_max_cost:1.0
ch, vs_mean, vl_pi, beta penalty= 1 14.636553764343262 18.358495712280273 408.96239280700684
ch, vs_mean, vl_pi, beta penalty= 0 0.21341001987457275 1.0005178451538086 -24.987053871154785
ch, vs_mean, vl_pi, beta penalty= 1 14.95283031463623 18.021743774414062 400.54359436035156
ch, vs_mean, vl_pi, beta penalty= 0 0.1583816409111023 1.0004867315292358 -24.987831711769104
ch, vs_mean, vl_pi, beta penalty= 1 14.673206329345703 18.202993392944336 405.0748348236084
ch, vs_mean, vl_pi, beta penalty= 0 0.2959713935852051 1.0008535385131836 -24.97866153717041
ch, vs_mean, vl_pi, beta penalty= 1 14.894368171691895 18.141061782836914 403.52654457092285
evaluate_num:29 	 evaluate_reward:145.66666666666666 	 evaluate_cost:24.269286600874114 	 evaluate_max_cost:1.0
ch, vs_mean, vl_pi, beta penalty= 0 0.04450105130672455 1.0040538311004639 -24.898654222488403
ch, vs_mean, vl_pi, beta penalty= 1 14.809890747070312 16.928531646728516 373.2132911682129
ch, vs_mean, vl_pi, beta penalty= 0 0.21654748916625977 1.0030982494354248 -24.92254376411438
ch, vs_mean, vl_pi, beta penalty= 1 14.846855163574219 16.903669357299805 372.5917339324951
ch, vs_mean, vl_pi, beta penalty= 0 0.10043621808290482 1.0306010246276855 -24.23497438430786
ch, vs_mean, vl_pi, beta penalty= 1 14.717779159545898 16.975008010864258 374.37520027160645
ch, vs_mean, vl_pi, beta penalty= 0 0.07911603897809982 1.0081311464309692 -24.79672133922577
evaluate_num:30 	 evaluate_reward:144.0 	 evaluate_cost:24.15468340455466 	 evaluate_max_cost:1.0
ch, vs_mean, vl_pi, beta penalty= 1 14.362059593200684 17.383323669433594 384.58309173583984
ch, vs_mean, vl_pi, beta penalty= 0 0.3312034010887146 1.0288429260253906 -24.278926849365234
ch, vs_mean, vl_pi, beta penalty= 1 14.933733940124512 16.530654907226562 363.26637268066406
ch, vs_mean, vl_pi, beta penalty= 0 0.16388265788555145 1.207991600036621 -19.800209999084473
ch, vs_mean, vl_pi, beta penalty= 1 14.634445190429688 16.203752517700195 355.0938129425049
ch, vs_mean, vl_pi, beta penalty= 0 0.30014118552207947 1.2252637147903442 -19.368407130241394
ch, vs_mean, vl_pi, beta penalty= 1 14.58381462097168 17.750337600708008 393.7584400177002
evaluate_num:31 	 evaluate_reward:151.66666666666666 	 evaluate_cost:25.091219955708443 	 evaluate_max_cost:1.0
ch, vs_mean, vl_pi, beta penalty= 0 0.3165607452392578 1.0856950283050537 -22.857624292373657
ch, vs_mean, vl_pi, beta penalty= 1 14.956618309020996 16.678813934326172 366.9703483581543
ch, vs_mean, vl_pi, beta penalty= 0 -0.015308573842048645 1.1248619556427002 -21.878451108932495
ch, vs_mean, vl_pi, beta penalty= 1 14.281920433044434 16.86941146850586 371.7352867126465
ch, vs_mean, vl_pi, beta penalty= 0 0.5440831780433655 1.4934868812561035 -12.662827968597412
ch, vs_mean, vl_pi, beta penalty= 1 14.88234806060791 16.833148956298828 370.8287239074707
ch, vs_mean, vl_pi, beta penalty= 0 0.35798126459121704 1.8420348167419434 -3.949129581451416
evaluate_num:32 	 evaluate_reward:146.0 	 evaluate_cost:24.594710814955477 	 evaluate_max_cost:1.0
ch, vs_mean, vl_pi, beta penalty= 1 14.60803508758545 16.458267211914062 361.45668029785156
ch, vs_mean, vl_pi, beta penalty= 0 0.6208922266960144 1.4533659219741821 -13.665851950645447
ch, vs_mean, vl_pi, beta penalty= 1 14.878308296203613 17.719226837158203 392.9806709289551
ch, vs_mean, vl_pi, beta penalty= 0 0.769651472568512 1.6675994396209717 -8.310014009475708
ch, vs_mean, vl_pi, beta penalty= 1 14.937165260314941 17.419212341308594 385.48030853271484
ch, vs_mean, vl_pi, beta penalty= 0 0.7229154109954834 1.745571494102478 -6.360712647438049
ch, vs_mean, vl_pi, beta penalty= 1 14.497512817382812 17.81292152404785 395.3230381011963
evaluate_num:33 	 evaluate_reward:154.33333333333334 	 evaluate_cost:26.404698723926842 	 evaluate_max_cost:1.0
ch, vs_mean, vl_pi, beta penalty= 0 0.9957559108734131 1.9995369911193848 -0.01157522201538086
ch, vs_mean, vl_pi, beta penalty= 1 13.963601112365723 16.025653839111328 350.6413459777832
ch, vs_mean, vl_pi, beta penalty= 0 1.2950286865234375 1.9439674615859985 -1.4008134603500366
ch, vs_mean, vl_pi, beta penalty= 1 13.942394256591797 17.08057403564453 377.0143508911133
ch, vs_mean, vl_pi, beta penalty= 1 1.3958102464675903 2.1248700618743896 3.121751546859741
ch, vs_mean, vl_pi, beta penalty= 0 1.0639948844909668 1.760683536529541 -5.982911586761475
ch, vs_mean, vl_pi, beta penalty= 1 13.095369338989258 18.377788543701172 409.4447135925293
ch, vs_mean, vl_pi, beta penalty= 1 1.2374402284622192 2.2880642414093018 7.201606035232544
evaluate_num:34 	 evaluate_reward:160.66666666666666 	 evaluate_cost:28.245234016291132 	 evaluate_max_cost:1.0
ch, vs_mean, vl_pi, beta penalty= 0 0.2687418758869171 1.0022542476654053 -24.943643808364868
ch, vs_mean, vl_pi, beta penalty= 1 12.892662048339844 15.947870254516602 348.69675636291504
ch, vs_mean, vl_pi, beta penalty= 0 0.5684834718704224 1.3784006834030151 -15.539982914924622
ch, vs_mean, vl_pi, beta penalty= 1 12.397159576416016 15.990745544433594 349.76863861083984
ch, vs_mean, vl_pi, beta penalty= 0 0.8294346928596497 2.0119848251342773 0.2996206283569336
ch, vs_mean, vl_pi, beta penalty= 1 12.53123664855957 17.29962730407715 382.4906826019287
ch, vs_mean, vl_pi, beta penalty= 0 1.0125725269317627 1.9111100435256958 -2.222248911857605
evaluate_num:35 	 evaluate_reward:163.0 	 evaluate_cost:27.268732063091942 	 evaluate_max_cost:1.0
ch, vs_mean, vl_pi, beta penalty= 1 12.624781608581543 15.703649520874023 342.5912380218506
ch, vs_mean, vl_pi, beta penalty= 0 0.9910215735435486 1.812022089958191 -4.699447751045227
ch, vs_mean, vl_pi, beta penalty= 1 12.366119384765625 13.71655559539795 292.91388988494873
ch, vs_mean, vl_pi, beta penalty= 0 1.151904821395874 1.741255521774292 -6.4686119556427
ch, vs_mean, vl_pi, beta penalty= 1 12.662070274353027 13.345505714416504 283.6376428604126
ch, vs_mean, vl_pi, beta penalty= 0 1.3432363271713257 1.9563113451004028 -1.0922163724899292
ch, vs_mean, vl_pi, beta penalty= 1 12.618263244628906 13.291690826416016 282.2922706604004
ch, vs_mean, vl_pi, beta penalty= 0 1.4749356508255005 1.981773018836975 -0.45567452907562256
evaluate_num:36 	 evaluate_reward:163.33333333333334 	 evaluate_cost:26.50973126560055 	 evaluate_max_cost:1.0
ch, vs_mean, vl_pi, beta penalty= 1 12.450794219970703 13.7881441116333 294.7036027908325
ch, vs_mean, vl_pi, beta penalty= 1 1.72078537940979 2.1355435848236084 3.38858962059021
ch, vs_mean, vl_pi, beta penalty= 0 0.49207672476768494 1.0374760627746582 -24.063098430633545
ch, vs_mean, vl_pi, beta penalty= 1 11.709123611450195 14.876425743103027 321.9106435775757
ch, vs_mean, vl_pi, beta penalty= 0 0.7993709444999695 1.8319517374038696 -4.201206564903259
ch, vs_mean, vl_pi, beta penalty= 1 11.47647476196289 14.966529846191406 324.16324615478516
ch, vs_mean, vl_pi, beta penalty= 0 0.9828810095787048 1.639100193977356 -9.022495150566101
ch, vs_mean, vl_pi, beta penalty= 1 11.567124366760254 14.585663795471191 314.6415948867798
evaluate_num:37 	 evaluate_reward:169.33333333333334 	 evaluate_cost:27.767275594301605 	 evaluate_max_cost:1.0
ch, vs_mean, vl_pi, beta penalty= 0 1.1218699216842651 1.7764086723327637 -5.589783191680908
ch, vs_mean, vl_pi, beta penalty= 1 11.608860969543457 13.878100395202637 296.9525098800659
ch, vs_mean, vl_pi, beta penalty= 1 1.3517166376113892 2.083310842514038 2.082771062850952
ch, vs_mean, vl_pi, beta penalty= 0 0.3867951035499573 1.0041217803955078 -24.896955490112305
ch, vs_mean, vl_pi, beta penalty= 1 11.482892036437988 12.685641288757324 267.1410322189331
ch, vs_mean, vl_pi, beta penalty= 0 0.5870100855827332 1.5916388034820557 -10.209029912948608
ch, vs_mean, vl_pi, beta penalty= 1 11.389790534973145 10.880593299865723 222.01483249664307
ch, vs_mean, vl_pi, beta penalty= 0 0.7282295227050781 1.6761645078659058 -8.095887303352356
evaluate_num:38 	 evaluate_reward:167.66666666666666 	 evaluate_cost:27.376006794934383 	 evaluate_max_cost:1.0
ch, vs_mean, vl_pi, beta penalty= 1 11.14118766784668 11.710753440856934 242.76883602142334
ch, vs_mean, vl_pi, beta penalty= 0 0.9432406425476074 1.7644914388656616 -5.8877140283584595
ch, vs_mean, vl_pi, beta penalty= 1 11.231186866760254 12.449371337890625 261.2342834472656
ch, vs_mean, vl_pi, beta penalty= 0 0.9714903831481934 1.5463976860046387 -11.340057849884033
ch, vs_mean, vl_pi, beta penalty= 1 11.666275978088379 10.238378524780273 205.95946311950684
ch, vs_mean, vl_pi, beta penalty= 0 1.0888490676879883 1.7228875160217285 -6.927812099456787
ch, vs_mean, vl_pi, beta penalty= 1 11.330018997192383 11.030661582946777 225.76653957366943
ch, vs_mean, vl_pi, beta penalty= 0 1.310797095298767 1.8955343961715698 -2.6116400957107544
evaluate_num:39 	 evaluate_reward:167.66666666666666 	 evaluate_cost:27.637900044923256 	 evaluate_max_cost:1.0
ch, vs_mean, vl_pi, beta penalty= 1 11.451027870178223 10.055176734924316 201.3794183731079
ch, vs_mean, vl_pi, beta penalty= 0 1.5345947742462158 2.043060064315796 1.0765016078948975
ch, vs_mean, vl_pi, beta penalty= 1 11.415336608886719 10.569838523864746 214.24596309661865
ch, vs_mean, vl_pi, beta penalty= 0 1.6633399724960327 2.00481915473938 0.12047886848449707
ch, vs_mean, vl_pi, beta penalty= 1 11.227142333984375 11.259531021118164 231.4882755279541
ch, vs_mean, vl_pi, beta penalty= 0 1.8388254642486572 2.041227102279663 1.0306775569915771
ch, vs_mean, vl_pi, beta penalty= 1 11.226522445678711 11.65794563293457 241.44864082336426
ch, vs_mean, vl_pi, beta penalty= 0 2.095520257949829 2.0207953453063965 0.5198836326599121
ch, vs_mean, vl_pi, beta penalty= 1 10.877948760986328 16.040782928466797 351.0195732116699
evaluate_num:40 	 evaluate_reward:172.66666666666666 	 evaluate_cost:28.17284469911473 	 evaluate_max_cost:1.0
ch, vs_mean, vl_pi, beta penalty= 0 2.227160930633545 2.0074169635772705 0.1854240894317627
ch, vs_mean, vl_pi, beta penalty= 1 10.755319595336914 15.277121543884277 331.92803859710693
ch, vs_mean, vl_pi, beta penalty= 1 2.5116264820098877 2.7580060958862305 18.95015239715576
ch, vs_mean, vl_pi, beta penalty= 0 0.6806037425994873 1.1866424083709717 -20.333939790725708
ch, vs_mean, vl_pi, beta penalty= 1 9.741424560546875 12.135104179382324 253.3776044845581
ch, vs_mean, vl_pi, beta penalty= 1 0.8154504895210266 2.115847110748291 2.8961777687072754
ch, vs_mean, vl_pi, beta penalty= 0 0.3877539336681366 1.00234055519104 -24.941486120224
ch, vs_mean, vl_pi, beta penalty= 1 8.722158432006836 12.2829008102417 257.0725202560425
evaluate_num:41 	 evaluate_reward:172.0 	 evaluate_cost:27.731100700856373 	 evaluate_max_cost:1.0
ch, vs_mean, vl_pi, beta penalty= 0 0.7093607783317566 1.364630103111267 -15.884247422218323
ch, vs_mean, vl_pi, beta penalty= 1 9.158254623413086 10.344757080078125 208.61892700195312
ch, vs_mean, vl_pi, beta penalty= 0 0.7839033007621765 1.4189598560333252 -14.52600359916687
ch, vs_mean, vl_pi, beta penalty= 1 9.206934928894043 9.599186897277832 189.9796724319458
ch, vs_mean, vl_pi, beta penalty= 0 0.873356282711029 1.6211696863174438 -9.470757842063904
ch, vs_mean, vl_pi, beta penalty= 1 9.578330039978027 7.928840160369873 148.22100400924683
ch, vs_mean, vl_pi, beta penalty= 0 1.079329252243042 1.3340753316879272 -16.64811670780182
ch, vs_mean, vl_pi, beta penalty= 1 9.86843490600586 8.626816749572754 165.67041873931885
evaluate_num:42 	 evaluate_reward:162.0 	 evaluate_cost:27.1205332672357 	 evaluate_max_cost:1.0
ch, vs_mean, vl_pi, beta penalty= 0 1.3234233856201172 1.4508520364761353 -13.728699088096619
ch, vs_mean, vl_pi, beta penalty= 1 9.735367774963379 8.188360214233398 154.70900535583496
ch, vs_mean, vl_pi, beta penalty= 0 1.533429741859436 1.5527207851409912 -11.18198037147522
ch, vs_mean, vl_pi, beta penalty= 1 9.356633186340332 7.695529937744141 142.38824844360352
ch, vs_mean, vl_pi, beta penalty= 0 1.84237539768219 1.8633613586425781 -3.415966033935547
ch, vs_mean, vl_pi, beta penalty= 1 9.337668418884277 8.304825782775879 157.62064456939697
ch, vs_mean, vl_pi, beta penalty= 0 1.950081706047058 1.8633695840835571 -3.4157603979110718
ch, vs_mean, vl_pi, beta penalty= 1 9.303302764892578 7.765101909637451 144.12754774093628
evaluate_num:43 	 evaluate_reward:168.33333333333334 	 evaluate_cost:26.704280064942335 	 evaluate_max_cost:1.0
ch, vs_mean, vl_pi, beta penalty= 0 2.089146852493286 1.8661723136901855 -3.3456921577453613
ch, vs_mean, vl_pi, beta penalty= 1 9.349787712097168 7.881083965301514 147.02709913253784
ch, vs_mean, vl_pi, beta penalty= 1 2.3013460636138916 2.129497766494751 3.2374441623687744
ch, vs_mean, vl_pi, beta penalty= 0 0.703042209148407 1.0298782587051392 -24.25304353237152
ch, vs_mean, vl_pi, beta penalty= 1 7.818449974060059 8.258108139038086 156.45270347595215
ch, vs_mean, vl_pi, beta penalty= 0 0.8526317477226257 1.6527276039123535 -8.681809902191162
ch, vs_mean, vl_pi, beta penalty= 1 8.012685775756836 7.191857814788818 129.79644536972046
ch, vs_mean, vl_pi, beta penalty= 1 0.8980051875114441 2.216721773147583 5.418044328689575
ch, vs_mean, vl_pi, beta penalty= 0 0.37384048104286194 1.0024466514587402 -24.938833713531494
evaluate_num:44 	 evaluate_reward:162.33333333333334 	 evaluate_cost:25.38036152222295 	 evaluate_max_cost:1.0
ch, vs_mean, vl_pi, beta penalty= 1 7.885430812835693 5.760310649871826 94.00776624679565
ch, vs_mean, vl_pi, beta penalty= 0 0.6998072266578674 1.5079536437988281 -12.301158905029297
ch, vs_mean, vl_pi, beta penalty= 1 7.624880790710449 5.6872172355651855 92.18043088912964
ch, vs_mean, vl_pi, beta penalty= 0 0.8291892409324646 1.0811591148376465 -22.971022129058838
ch, vs_mean, vl_pi, beta penalty= 1 7.641584873199463 5.464903354644775 86.62258386611938
ch, vs_mean, vl_pi, beta penalty= 0 1.0645267963409424 1.1270946264266968 -21.82263433933258
ch, vs_mean, vl_pi, beta penalty= 1 7.741304397583008 5.444015026092529 86.10037565231323
evaluate_num:45 	 evaluate_reward:159.0 	 evaluate_cost:23.35743441089949 	 evaluate_max_cost:1.0
ch, vs_mean, vl_pi, beta penalty= 0 1.1969072818756104 1.210821509361267 -19.729462265968323
ch, vs_mean, vl_pi, beta penalty= 1 7.58762788772583 5.550297737121582 88.75744342803955
ch, vs_mean, vl_pi, beta penalty= 0 1.4696227312088013 1.360360860824585 -15.990978479385376
ch, vs_mean, vl_pi, beta penalty= 1 7.430366516113281 5.467667102813721 86.69167757034302
ch, vs_mean, vl_pi, beta penalty= 0 1.7143299579620361 1.5494002103805542 -11.264994740486145
ch, vs_mean, vl_pi, beta penalty= 1 7.154731750488281 5.740355968475342 93.50889921188354
ch, vs_mean, vl_pi, beta penalty= 0 1.9144725799560547 1.48264479637146 -12.933880090713501
ch, vs_mean, vl_pi, beta penalty= 1 7.163776397705078 5.9083075523376465 97.70768880844116
evaluate_num:46 	 evaluate_reward:161.66666666666666 	 evaluate_cost:24.842806310082462 	 evaluate_max_cost:1.0
ch, vs_mean, vl_pi, beta penalty= 0 2.112443447113037 1.530106782913208 -11.7473304271698
ch, vs_mean, vl_pi, beta penalty= 1 6.748877048492432 6.226289749145508 105.6572437286377
ch, vs_mean, vl_pi, beta penalty= 0 2.1967556476593018 1.7080414295196533 -7.298964262008667
ch, vs_mean, vl_pi, beta penalty= 1 6.846098899841309 5.134359359741211 78.35898399353027
ch, vs_mean, vl_pi, beta penalty= 0 2.3011598587036133 1.6754916906356812 -8.112707734107971
ch, vs_mean, vl_pi, beta penalty= 1 6.739376068115234 5.262836456298828 81.5709114074707
ch, vs_mean, vl_pi, beta penalty= 0 2.455745220184326 1.759724736213684 -6.006881594657898
ch, vs_mean, vl_pi, beta penalty= 1 6.523617267608643 4.840625762939453 71.01564407348633
ch, vs_mean, vl_pi, beta penalty= 1 2.7214183807373047 2.156175136566162 3.9043784141540527
evaluate_num:47 	 evaluate_reward:168.66666666666666 	 evaluate_cost:22.812194180996496 	 evaluate_max_cost:1.0
ch, vs_mean, vl_pi, beta penalty= 0 0.555081844329834 1.0249327421188354 -24.376681447029114
ch, vs_mean, vl_pi, beta penalty= 1 5.289193153381348 3.4440462589263916 36.10115647315979
ch, vs_mean, vl_pi, beta penalty= 0 0.9455597400665283 1.126631736755371 -21.834206581115723
ch, vs_mean, vl_pi, beta penalty= 1 4.563737869262695 4.263120651245117 56.57801628112793
ch, vs_mean, vl_pi, beta penalty= 0 1.0693033933639526 1.3472665548324585 -16.318336129188538
ch, vs_mean, vl_pi, beta penalty= 1 4.4485039710998535 4.34839391708374 58.709847927093506
ch, vs_mean, vl_pi, beta penalty= 0 1.2017059326171875 1.4774038791656494 -13.064903020858765
ch, vs_mean, vl_pi, beta penalty= 1 4.446876525878906 3.721963405609131 43.04908514022827
evaluate_num:48 	 evaluate_reward:174.0 	 evaluate_cost:23.426829409810153 	 evaluate_max_cost:1.0
ch, vs_mean, vl_pi, beta penalty= 0 1.2561787366867065 1.366550326347351 -15.836241841316223
ch, vs_mean, vl_pi, beta penalty= 1 4.215052604675293 3.322704553604126 33.06761384010315
ch, vs_mean, vl_pi, beta penalty= 0 1.4523203372955322 1.2847306728363037 -17.881733179092407
ch, vs_mean, vl_pi, beta penalty= 1 4.269708633422852 3.0657880306243896 26.64470076560974
ch, vs_mean, vl_pi, beta penalty= 0 1.6099398136138916 1.4576950073242188 -13.557624816894531
ch, vs_mean, vl_pi, beta penalty= 1 4.036373615264893 2.9106175899505615 22.765439748764038
ch, vs_mean, vl_pi, beta penalty= 0 1.7752970457077026 1.566577434539795 -10.835564136505127
ch, vs_mean, vl_pi, beta penalty= 1 4.161986827850342 2.8542847633361816 21.35711908340454
evaluate_num:49 	 evaluate_reward:154.66666666666666 	 evaluate_cost:23.18806581979361 	 evaluate_max_cost:1.0
ch, vs_mean, vl_pi, beta penalty= 0 1.8800634145736694 1.4478943347930908 -13.80264163017273
ch, vs_mean, vl_pi, beta penalty= 1 3.9066319465637207 3.1943259239196777 29.858148097991943
ch, vs_mean, vl_pi, beta penalty= 0 1.922450065612793 1.5640994310379028 -10.89751422405243
ch, vs_mean, vl_pi, beta penalty= 1 3.7232470512390137 2.880190372467041 22.004759311676025
ch, vs_mean, vl_pi, beta penalty= 0 2.1306376457214355 1.643635869026184 -8.909103274345398
ch, vs_mean, vl_pi, beta penalty= 1 3.6170783042907715 2.6456122398376465 16.140305995941162
ch, vs_mean, vl_pi, beta penalty= 0 2.2531187534332275 1.7765334844589233 -5.5866628885269165
ch, vs_mean, vl_pi, beta penalty= 1 3.4836673736572266 2.5779318809509277 14.448297023773193
evaluate_num:50 	 evaluate_reward:171.33333333333334 	 evaluate_cost:23.276135590593142 	 evaluate_max_cost:1.0
ch, vs_mean, vl_pi, beta penalty= 0 2.3796777725219727 1.819815993309021 -4.504600167274475
ch, vs_mean, vl_pi, beta penalty= 1 3.3497393131256104 2.5326619148254395 13.316547870635986
ch, vs_mean, vl_pi, beta penalty= 0 2.4609010219573975 1.9308313131332397 -1.7292171716690063
ch, vs_mean, vl_pi, beta penalty= 1 3.2642483711242676 2.4119725227355957 10.299313068389893
ch, vs_mean, vl_pi, beta penalty= 0 2.5894041061401367 1.9551825523376465 -1.120436191558838
ch, vs_mean, vl_pi, beta penalty= 1 3.1248321533203125 2.2938225269317627 7.345563173294067
ch, vs_mean, vl_pi, beta penalty= 0 2.729031801223755 2.0504651069641113 1.2616276741027832
