n0008
Sun Mar 29 03:18:18 PM EDT 2026
/home/sm3934/miniconda3/envs/ipm_rcrl_env/bin/python
run= 1 seed= 1 env= CartPolePerturbedEnv
env=CartPolePerturbedEnv
state_dim=4
action_dim=1
max_action=10.0
max_episode_steps=1000
No env selected
------use_orthogonal_init------
------use_orthogonal_init------
------use_orthogonal_init------
evaluate_num:1 	 evaluate_reward:32.0 	 evaluate_cost:3.6481188041446906 	 evaluate_max_cost:1.1946760078028644
ch, vs_mean, vl_pi, beta penalty= 0 0.031178608536720276 44.588497161865234 1106.4624290466309
ch, vs_mean, vl_pi, beta penalty= 0 7.441465854644775 33.73097229003906 835.0243072509766
evaluate_num:2 	 evaluate_reward:41.666666666666664 	 evaluate_cost:3.9417391101536374 	 evaluate_max_cost:1.1689133046431668
ch, vs_mean, vl_pi, beta penalty= 0 14.693581581115723 33.321739196777344 824.7934799194336
ch, vs_mean, vl_pi, beta penalty= 0 18.630327224731445 34.60856628417969 856.9641571044922
evaluate_num:3 	 evaluate_reward:114.0 	 evaluate_cost:4.426471947561875 	 evaluate_max_cost:1.143715487476317
ch, vs_mean, vl_pi, beta penalty= 0 23.144014358520508 33.2967529296875 824.1688232421875
ch, vs_mean, vl_pi, beta penalty= 0 31.635990142822266 35.30450439453125 874.3626098632812
ch, vs_mean, vl_pi, beta penalty= 0 42.532493591308594 35.65400695800781 883.1001739501953
ch, vs_mean, vl_pi, beta penalty= 0 49.49217224121094 12.165925025939941 295.89812564849854
ch, vs_mean, vl_pi, beta penalty= 0 56.144775390625 7.716342926025391 184.65857315063477
ch, vs_mean, vl_pi, beta penalty= 0 61.37922286987305 18.789966583251953 461.4991645812989
ch, vs_mean, vl_pi, beta penalty= 0 64.45549774169922 15.310955047607422 374.52387619018555
ch, vs_mean, vl_pi, beta penalty= 0 66.81232452392578 9.169958114624023 220.9989528656006
ch, vs_mean, vl_pi, beta penalty= 0 69.21515655517578 47.764835357666016 1185.8708839416504
ch, vs_mean, vl_pi, beta penalty= 0 68.57235717773438 48.124107360839844 1194.852684020996
ch, vs_mean, vl_pi, beta penalty= 0 72.03047180175781 11.182433128356934 271.31082820892334
ch, vs_mean, vl_pi, beta penalty= 0 73.8847427368164 15.207012176513672 371.9253044128418
ch, vs_mean, vl_pi, beta penalty= 0 75.22930145263672 15.852577209472656 388.0644302368164
ch, vs_mean, vl_pi, beta penalty= 0 74.88764953613281 54.275760650634766 1348.6440162658691
ch, vs_mean, vl_pi, beta penalty= 0 76.51029205322266 56.044647216796875 1392.8661804199219
evaluate_num:4 	 evaluate_reward:292.0 	 evaluate_cost:0.0 	 evaluate_max_cost:0.0
New best model found! Saving model with reward: 292.0 and max cost: 0.0
ch, vs_mean, vl_pi, beta penalty= 0 76.72540283203125 29.227035522460938 722.4258880615234
ch, vs_mean, vl_pi, beta penalty= 0 78.18111419677734 24.215295791625977 597.1323947906494
ch, vs_mean, vl_pi, beta penalty= 0 82.22459411621094 11.821985244750977 287.2996311187744
ch, vs_mean, vl_pi, beta penalty= 0 85.84017181396484 16.610868453979492 407.02171134948736
ch, vs_mean, vl_pi, beta penalty= 0 86.58467102050781 11.171706199645996 271.0426549911499
ch, vs_mean, vl_pi, beta penalty= 0 87.38340759277344 14.116761207580566 344.66903018951416
ch, vs_mean, vl_pi, beta penalty= 0 86.93608093261719 15.270600318908691 373.5150079727173
ch, vs_mean, vl_pi, beta penalty= 0 88.47685241699219 16.070262908935547 393.5065727233887
ch, vs_mean, vl_pi, beta penalty= 0 82.6072998046875 23.989219665527344 591.4804916381836
ch, vs_mean, vl_pi, beta penalty= 0 89.51079559326172 16.138914108276367 395.2228527069092
ch, vs_mean, vl_pi, beta penalty= 0 89.4455795288086 19.527223587036133 479.9305896759034
ch, vs_mean, vl_pi, beta penalty= 0 89.21835327148438 16.034282684326172 392.6070671081543
ch, vs_mean, vl_pi, beta penalty= 0 83.18864440917969 13.64790153503418 332.9475383758545
ch, vs_mean, vl_pi, beta penalty= 0 86.32318878173828 20.771812438964844 511.04531097412115
ch, vs_mean, vl_pi, beta penalty= 0 87.22823333740234 17.843687057495117 437.842176437378
ch, vs_mean, vl_pi, beta penalty= 0 87.90461730957031 27.88058090209961 688.7645225524902
ch, vs_mean, vl_pi, beta penalty= 0 93.00578308105469 15.113554954528809 369.5888738632202
ch, vs_mean, vl_pi, beta penalty= 0 89.40118408203125 26.215435028076172 647.1358757019043
ch, vs_mean, vl_pi, beta penalty= 0 90.42010498046875 23.165163040161133 570.8790760040283
ch, vs_mean, vl_pi, beta penalty= 0 90.91215515136719 30.041948318481445 742.7987079620361
ch, vs_mean, vl_pi, beta penalty= 0 77.23046112060547 33.025230407714844 817.3807601928711
ch, vs_mean, vl_pi, beta penalty= 0 87.68958282470703 26.835817337036133 662.6454334259033
evaluate_num:5 	 evaluate_reward:500.0 	 evaluate_cost:0.0 	 evaluate_max_cost:0.0
New best model found! Saving model with reward: 500.0 and max cost: 0.0
ch, vs_mean, vl_pi, beta penalty= 0 82.20877075195312 31.764480590820312 785.8620147705078
ch, vs_mean, vl_pi, beta penalty= 0 96.668701171875 28.553647994995117 705.5911998748779
ch, vs_mean, vl_pi, beta penalty= 0 88.84840393066406 36.73097229003906 910.0243072509766
ch, vs_mean, vl_pi, beta penalty= 0 88.13916778564453 26.440732955932617 652.7683238983154
ch, vs_mean, vl_pi, beta penalty= 0 93.56503295898438 36.796146392822266 911.6536598205566
ch, vs_mean, vl_pi, beta penalty= 0 93.75259399414062 32.252017974853516 798.0504493713379
ch, vs_mean, vl_pi, beta penalty= 0 93.120849609375 46.0106201171875 1142.0155029296875
ch, vs_mean, vl_pi, beta penalty= 0 96.14010620117188 18.935924530029297 465.1481132507325
ch, vs_mean, vl_pi, beta penalty= 0 92.25135803222656 20.861122131347656 513.2780532836914
ch, vs_mean, vl_pi, beta penalty= 0 90.84553527832031 22.292835235595703 549.0708808898926
ch, vs_mean, vl_pi, beta penalty= 0 85.46644592285156 44.572505950927734 1106.0626487731934
ch, vs_mean, vl_pi, beta penalty= 0 90.62376403808594 24.11125946044922 594.5314865112305
ch, vs_mean, vl_pi, beta penalty= 0 95.91717529296875 33.879215240478516 838.7303810119629
ch, vs_mean, vl_pi, beta penalty= 0 94.98755645751953 36.904170989990234 914.3542747497559
ch, vs_mean, vl_pi, beta penalty= 0 83.28314208984375 22.022130966186523 542.3032741546631
ch, vs_mean, vl_pi, beta penalty= 0 88.4861831665039 34.93157958984375 865.0394897460938
ch, vs_mean, vl_pi, beta penalty= 0 90.67300415039062 21.073402404785156 518.5850601196289
ch, vs_mean, vl_pi, beta penalty= 0 95.6424560546875 27.64474105834961 682.8685264587402
ch, vs_mean, vl_pi, beta penalty= 0 98.88445281982422 38.835933685302734 962.6483421325684
ch, vs_mean, vl_pi, beta penalty= 0 98.21586608886719 25.398582458496094 626.7145614624023
ch, vs_mean, vl_pi, beta penalty= 0 91.13050842285156 35.29539489746094 874.1348724365234
ch, vs_mean, vl_pi, beta penalty= 0 93.83004760742188 58.010826110839844 1442.020652770996
ch, vs_mean, vl_pi, beta penalty= 0 96.01028442382812 55.892486572265625 1389.0621643066406
ch, vs_mean, vl_pi, beta penalty= 0 94.72245788574219 79.66541290283203 1983.3853225708008
evaluate_num:6 	 evaluate_reward:500.0 	 evaluate_cost:0.0 	 evaluate_max_cost:0.0
ch, vs_mean, vl_pi, beta penalty= 1 92.74514770507812 91.98458099365234 2291.3645248413086
ch, vs_mean, vl_pi, beta penalty= 1 92.6202621459961 50.98481750488281 1266.3704376220703
ch, vs_mean, vl_pi, beta penalty= 1 92.53671264648438 31.372087478637695 776.0521869659424
ch, vs_mean, vl_pi, beta penalty= 1 91.6947021484375 37.350852966308594 925.5213241577148
ch, vs_mean, vl_pi, beta penalty= 1 91.03153991699219 28.660764694213867 708.2691173553467
ch, vs_mean, vl_pi, beta penalty= 1 84.37409210205078 24.07787322998047 593.6968307495117
ch, vs_mean, vl_pi, beta penalty= 1 89.66270446777344 25.055614471435547 618.1403617858887
ch, vs_mean, vl_pi, beta penalty= 1 89.90843963623047 19.282960891723633 473.8240222930909
ch, vs_mean, vl_pi, beta penalty= 1 90.02587890625 19.909770965576172 489.49427413940435
ch, vs_mean, vl_pi, beta penalty= 1 90.97517395019531 20.729148864746094 509.9787216186524
ch, vs_mean, vl_pi, beta penalty= 1 91.8397445678711 13.840202331542969 337.7550582885742
ch, vs_mean, vl_pi, beta penalty= 1 91.21367645263672 18.016592025756836 442.16480064392096
ch, vs_mean, vl_pi, beta penalty= 1 91.82215118408203 19.563711166381836 480.84277915954596
ch, vs_mean, vl_pi, beta penalty= 1 91.9480209350586 21.810422897338867 537.0105724334717
ch, vs_mean, vl_pi, beta penalty= 1 91.40756225585938 21.101581573486328 519.2895393371582
ch, vs_mean, vl_pi, beta penalty= 1 90.3434066772461 18.512554168701172 454.56385421752935
ch, vs_mean, vl_pi, beta penalty= 1 87.40397644042969 12.499979019165039 304.249475479126
ch, vs_mean, vl_pi, beta penalty= 1 84.9478530883789 19.021827697753906 467.2956924438477
ch, vs_mean, vl_pi, beta penalty= 1 86.05494689941406 19.03212547302246 467.5531368255616
ch, vs_mean, vl_pi, beta penalty= 1 87.9699478149414 18.373455047607422 451.0863761901856
ch, vs_mean, vl_pi, beta penalty= 1 88.23739624023438 23.666616439819336 583.4154109954834
ch, vs_mean, vl_pi, beta penalty= 1 86.79389190673828 18.000019073486328 441.75047683715826
ch, vs_mean, vl_pi, beta penalty= 1 90.53445434570312 23.996990203857422 591.6747550964355
ch, vs_mean, vl_pi, beta penalty= 1 90.56363677978516 17.617259979248047 432.18149948120123
ch, vs_mean, vl_pi, beta penalty= 1 89.10650634765625 23.941381454467773 590.2845363616943
evaluate_num:7 	 evaluate_reward:500.0 	 evaluate_cost:0.0 	 evaluate_max_cost:0.0
ch, vs_mean, vl_pi, beta penalty= 1 89.75007629394531 15.621644020080566 382.29110050201416
ch, vs_mean, vl_pi, beta penalty= 1 89.36541748046875 12.539926528930664 305.2481632232666
ch, vs_mean, vl_pi, beta penalty= 1 91.2867660522461 20.842185974121094 512.8046493530273
ch, vs_mean, vl_pi, beta penalty= 1 92.46375274658203 16.287761688232422 398.94404220581055
ch, vs_mean, vl_pi, beta penalty= 1 91.82083129882812 24.723217010498047 609.8304252624512
ch, vs_mean, vl_pi, beta penalty= 1 92.4920883178711 14.852069854736328 363.0517463684082
ch, vs_mean, vl_pi, beta penalty= 1 91.57627868652344 18.275636672973633 448.6409168243409
ch, vs_mean, vl_pi, beta penalty= 1 91.77464294433594 21.656513214111328 533.1628303527832
ch, vs_mean, vl_pi, beta penalty= 1 91.5370101928711 28.51241683959961 704.5604209899902
ch, vs_mean, vl_pi, beta penalty= 1 91.79375457763672 23.688051223754883 583.9512805938721
ch, vs_mean, vl_pi, beta penalty= 1 92.36405181884766 21.053943634033203 518.0985908508301
ch, vs_mean, vl_pi, beta penalty= 1 92.503173828125 22.531076431274414 555.0269107818604
ch, vs_mean, vl_pi, beta penalty= 1 92.69046783447266 18.070680618286133 443.5170154571534
ch, vs_mean, vl_pi, beta penalty= 1 92.69625854492188 25.304540634155273 624.3635158538818
ch, vs_mean, vl_pi, beta penalty= 1 92.71883392333984 24.589094161987305 606.4773540496826
ch, vs_mean, vl_pi, beta penalty= 1 92.53173828125 25.056678771972656 618.1669692993164
ch, vs_mean, vl_pi, beta penalty= 1 92.5957260131836 21.490236282348633 529.0059070587158
ch, vs_mean, vl_pi, beta penalty= 1 92.69749450683594 20.120838165283203 494.77095413208013
ch, vs_mean, vl_pi, beta penalty= 1 92.70423889160156 17.34290313720703 425.32257843017584
ch, vs_mean, vl_pi, beta penalty= 1 92.72079467773438 20.937644958496094 515.1911239624023
ch, vs_mean, vl_pi, beta penalty= 1 92.73673248291016 24.130067825317383 595.0016956329346
ch, vs_mean, vl_pi, beta penalty= 1 92.62605285644531 23.94924545288086 590.4811363220215
ch, vs_mean, vl_pi, beta penalty= 1 91.44624328613281 26.01706314086914 642.1765785217285
ch, vs_mean, vl_pi, beta penalty= 1 91.558837890625 22.388465881347656 551.4616470336914
evaluate_num:8 	 evaluate_reward:500.0 	 evaluate_cost:0.0 	 evaluate_max_cost:0.0
ch, vs_mean, vl_pi, beta penalty= 1 90.52267456054688 31.70889663696289 784.4724159240723
ch, vs_mean, vl_pi, beta penalty= 1 87.063720703125 33.01847839355469 817.2119598388672
ch, vs_mean, vl_pi, beta penalty= 1 91.69720458984375 29.625808715820312 732.3952178955078
ch, vs_mean, vl_pi, beta penalty= 1 88.44039916992188 34.658931732177734 858.2232933044434
ch, vs_mean, vl_pi, beta penalty= 1 89.03285217285156 39.98850631713867 991.4626579284668
ch, vs_mean, vl_pi, beta penalty= 1 90.6194076538086 38.62467575073242 957.3668937683105
ch, vs_mean, vl_pi, beta penalty= 1 92.41295623779297 34.80411911010742 861.8529777526855
ch, vs_mean, vl_pi, beta penalty= 1 92.28453063964844 37.304622650146484 924.3655662536621
ch, vs_mean, vl_pi, beta penalty= 1 92.05067443847656 42.929283142089844 1064.982078552246
ch, vs_mean, vl_pi, beta penalty= 1 92.20925903320312 39.946434020996094 990.4108505249023
ch, vs_mean, vl_pi, beta penalty= 1 92.51580810546875 32.601192474365234 806.7798118591309
ch, vs_mean, vl_pi, beta penalty= 1 92.4584732055664 32.12960433959961 794.9901084899902
ch, vs_mean, vl_pi, beta penalty= 1 92.3441162109375 32.13633728027344 795.1584320068359
evaluate_num:9 	 evaluate_reward:220.66666666666666 	 evaluate_cost:0.0 	 evaluate_max_cost:0.0
ch, vs_mean, vl_pi, beta penalty= 1 92.31368255615234 25.920917510986328 639.7729377746582
ch, vs_mean, vl_pi, beta penalty= 1 92.21194458007812 31.457298278808594 778.1824569702148
ch, vs_mean, vl_pi, beta penalty= 1 92.27672576904297 25.354877471923828 625.6219367980957
ch, vs_mean, vl_pi, beta penalty= 1 92.39884948730469 23.941307067871094 590.2826766967773
ch, vs_mean, vl_pi, beta penalty= 1 92.12593078613281 25.851295471191406 638.0323867797852
ch, vs_mean, vl_pi, beta penalty= 1 92.2252426147461 30.517087936401367 754.6771984100342
ch, vs_mean, vl_pi, beta penalty= 1 92.10955810546875 30.07711410522461 743.6778526306152
ch, vs_mean, vl_pi, beta penalty= 1 92.12123107910156 35.535682678222656 880.1420669555664
ch, vs_mean, vl_pi, beta penalty= 1 91.99120330810547 35.77884292602539 886.2210731506348
ch, vs_mean, vl_pi, beta penalty= 1 91.88579559326172 38.18516159057617 946.3790397644043
ch, vs_mean, vl_pi, beta penalty= 1 92.04109191894531 28.06494140625 693.37353515625
evaluate_num:10 	 evaluate_reward:202.66666666666666 	 evaluate_cost:0.0 	 evaluate_max_cost:0.0
ch, vs_mean, vl_pi, beta penalty= 1 92.06171417236328 30.476442337036133 753.6610584259033
ch, vs_mean, vl_pi, beta penalty= 1 91.84732055664062 28.969253540039062 715.9813385009766
ch, vs_mean, vl_pi, beta penalty= 1 91.83372497558594 27.546865463256836 680.4216365814209
ch, vs_mean, vl_pi, beta penalty= 1 91.944580078125 33.165401458740234 820.8850364685059
ch, vs_mean, vl_pi, beta penalty= 1 91.88270568847656 35.002708435058594 866.8177108764648
ch, vs_mean, vl_pi, beta penalty= 1 91.49398803710938 42.02718734741211 1042.4296836853027
ch, vs_mean, vl_pi, beta penalty= 1 91.67329406738281 28.333860397338867 700.0965099334717
ch, vs_mean, vl_pi, beta penalty= 1 91.56767272949219 31.234132766723633 772.6033191680908
ch, vs_mean, vl_pi, beta penalty= 1 91.63501739501953 31.340391159057617 775.2597789764404
evaluate_num:11 	 evaluate_reward:211.0 	 evaluate_cost:0.0 	 evaluate_max_cost:0.0
ch, vs_mean, vl_pi, beta penalty= 1 91.44769287109375 29.00906753540039 716.9766883850098
ch, vs_mean, vl_pi, beta penalty= 1 91.3515396118164 31.464736938476562 778.3684234619141
ch, vs_mean, vl_pi, beta penalty= 1 90.94999694824219 30.11557388305664 744.639347076416
ch, vs_mean, vl_pi, beta penalty= 1 91.08592224121094 40.095577239990234 994.1394309997559
ch, vs_mean, vl_pi, beta penalty= 1 91.02238464355469 37.25050735473633 923.0126838684082
ch, vs_mean, vl_pi, beta penalty= 1 90.92111206054688 34.97859191894531 866.2147979736328
ch, vs_mean, vl_pi, beta penalty= 1 91.3151626586914 54.04865264892578 1342.9663162231445
ch, vs_mean, vl_pi, beta penalty= 1 91.26704406738281 36.6925048828125 909.0626220703125
ch, vs_mean, vl_pi, beta penalty= 1 90.84724426269531 40.38235855102539 1001.3089637756348
evaluate_num:12 	 evaluate_reward:175.0 	 evaluate_cost:0.0 	 evaluate_max_cost:0.0
ch, vs_mean, vl_pi, beta penalty= 1 90.53475952148438 52.190345764160156 1296.508644104004
ch, vs_mean, vl_pi, beta penalty= 1 90.87400817871094 45.299560546875 1124.239013671875
ch, vs_mean, vl_pi, beta penalty= 1 90.61540985107422 67.90978240966797 1689.4945602416992
ch, vs_mean, vl_pi, beta penalty= 1 90.89325714111328 38.180843353271484 946.2710838317871
ch, vs_mean, vl_pi, beta penalty= 1 90.60330200195312 82.29325103759766 2049.0812759399414
ch, vs_mean, vl_pi, beta penalty= 1 90.77043151855469 52.533790588378906 1305.0947647094727
ch, vs_mean, vl_pi, beta penalty= 1 90.26703643798828 53.29206848144531 1324.0517120361328
ch, vs_mean, vl_pi, beta penalty= 1 90.42125701904297 56.07258605957031 1393.5646514892578
evaluate_num:13 	 evaluate_reward:157.0 	 evaluate_cost:0.0 	 evaluate_max_cost:0.0
ch, vs_mean, vl_pi, beta penalty= 1 89.93614959716797 83.93317413330078 2090.0793533325195
ch, vs_mean, vl_pi, beta penalty= 1 89.84523010253906 48.48184585571289 1203.7961463928223
ch, vs_mean, vl_pi, beta penalty= 1 89.97025299072266 43.854957580566406 1088.1239395141602
ch, vs_mean, vl_pi, beta penalty= 1 90.11526489257812 43.03157043457031 1067.5392608642578
ch, vs_mean, vl_pi, beta penalty= 1 89.71601867675781 45.081783294677734 1118.7945823669434
ch, vs_mean, vl_pi, beta penalty= 1 89.4378662109375 46.266117095947266 1148.4029273986816
ch, vs_mean, vl_pi, beta penalty= 1 89.60604858398438 38.233558654785156 947.5889663696289
ch, vs_mean, vl_pi, beta penalty= 1 89.24958038330078 45.788448333740234 1136.4612083435059
evaluate_num:14 	 evaluate_reward:162.0 	 evaluate_cost:0.0 	 evaluate_max_cost:0.0
ch, vs_mean, vl_pi, beta penalty= 1 89.22996520996094 43.072879791259766 1068.5719947814941
ch, vs_mean, vl_pi, beta penalty= 1 88.90463256835938 47.27445983886719 1173.6114959716797
ch, vs_mean, vl_pi, beta penalty= 1 89.36467742919922 46.582523345947266 1156.3130836486816
ch, vs_mean, vl_pi, beta penalty= 1 89.15095520019531 52.02886199951172 1292.471549987793
ch, vs_mean, vl_pi, beta penalty= 1 88.78225708007812 44.537498474121094 1105.1874618530273
ch, vs_mean, vl_pi, beta penalty= 1 88.64967346191406 51.19011688232422 1271.5029220581055
ch, vs_mean, vl_pi, beta penalty= 1 88.53461456298828 54.335113525390625 1350.1278381347656
evaluate_num:15 	 evaluate_reward:147.66666666666666 	 evaluate_cost:0.0 	 evaluate_max_cost:0.0
ch, vs_mean, vl_pi, beta penalty= 1 88.6677017211914 51.57722473144531 1281.1806182861328
ch, vs_mean, vl_pi, beta penalty= 1 89.2533950805664 51.24311828613281 1272.8279571533203
ch, vs_mean, vl_pi, beta penalty= 1 88.10919189453125 69.28451538085938 1723.8628845214844
ch, vs_mean, vl_pi, beta penalty= 1 88.2170181274414 66.70716094970703 1659.4290237426758
ch, vs_mean, vl_pi, beta penalty= 1 88.2146987915039 61.191654205322266 1521.5413551330566
ch, vs_mean, vl_pi, beta penalty= 1 88.01270294189453 66.47441101074219 1653.6102752685547
ch, vs_mean, vl_pi, beta penalty= 1 88.26080322265625 56.07390594482422 1393.5976486206055
evaluate_num:16 	 evaluate_reward:137.66666666666666 	 evaluate_cost:0.0 	 evaluate_max_cost:0.0
ch, vs_mean, vl_pi, beta penalty= 1 87.52327728271484 47.12092208862305 1169.7730522155762
ch, vs_mean, vl_pi, beta penalty= 1 87.8638687133789 45.92863845825195 1139.9659614562988
ch, vs_mean, vl_pi, beta penalty= 1 87.5582504272461 46.55659484863281 1155.6648712158203
ch, vs_mean, vl_pi, beta penalty= 1 87.61731719970703 52.433101654052734 1302.5775413513184
ch, vs_mean, vl_pi, beta penalty= 1 87.36570739746094 46.330772399902344 1150.0193099975586
ch, vs_mean, vl_pi, beta penalty= 1 87.69682312011719 52.561439514160156 1305.785987854004
evaluate_num:17 	 evaluate_reward:126.33333333333333 	 evaluate_cost:0.0 	 evaluate_max_cost:0.0
ch, vs_mean, vl_pi, beta penalty= 1 87.67400360107422 52.79521179199219 1311.6302947998047
ch, vs_mean, vl_pi, beta penalty= 1 87.17560577392578 45.507205963134766 1129.4301490783691
ch, vs_mean, vl_pi, beta penalty= 1 87.74942016601562 42.81367111206055 1062.0917778015137
ch, vs_mean, vl_pi, beta penalty= 1 86.94597625732422 46.20222473144531 1146.8056182861328
ch, vs_mean, vl_pi, beta penalty= 1 87.03849029541016 44.86164855957031 1113.2912139892578
ch, vs_mean, vl_pi, beta penalty= 1 87.17807006835938 43.005062103271484 1066.876552581787
ch, vs_mean, vl_pi, beta penalty= 1 86.92623138427734 40.737239837646484 1010.1809959411621
evaluate_num:18 	 evaluate_reward:126.33333333333333 	 evaluate_cost:0.0 	 evaluate_max_cost:0.0
ch, vs_mean, vl_pi, beta penalty= 1 86.80357360839844 45.199867248535156 1121.746681213379
ch, vs_mean, vl_pi, beta penalty= 1 86.8331527709961 40.75784683227539 1010.6961708068848
ch, vs_mean, vl_pi, beta penalty= 1 86.0747299194336 44.411075592041016 1102.0268898010254
ch, vs_mean, vl_pi, beta penalty= 1 87.0576400756836 42.60695266723633 1056.9238166809082
ch, vs_mean, vl_pi, beta penalty= 1 86.43268585205078 43.086097717285156 1068.902442932129
ch, vs_mean, vl_pi, beta penalty= 1 85.9698257446289 41.91636276245117 1039.6590690612793
evaluate_num:19 	 evaluate_reward:120.66666666666667 	 evaluate_cost:0.0 	 evaluate_max_cost:0.0
ch, vs_mean, vl_pi, beta penalty= 1 85.91163635253906 40.167457580566406 995.9364395141602
ch, vs_mean, vl_pi, beta penalty= 1 85.98343658447266 39.59523391723633 981.6308479309082
ch, vs_mean, vl_pi, beta penalty= 1 85.75580596923828 39.991432189941406 991.5358047485352
ch, vs_mean, vl_pi, beta penalty= 1 85.79019165039062 37.64739990234375 932.9349975585938
ch, vs_mean, vl_pi, beta penalty= 1 85.39385986328125 36.327674865722656 899.9418716430664
ch, vs_mean, vl_pi, beta penalty= 1 85.20641326904297 36.80223083496094 911.8057708740234
evaluate_num:20 	 evaluate_reward:121.66666666666667 	 evaluate_cost:0.0 	 evaluate_max_cost:0.0
ch, vs_mean, vl_pi, beta penalty= 1 85.26881408691406 37.996158599853516 941.6539649963379
ch, vs_mean, vl_pi, beta penalty= 1 85.71522521972656 36.93655776977539 915.1639442443848
ch, vs_mean, vl_pi, beta penalty= 1 85.33998107910156 36.95302200317383 915.5755500793457
ch, vs_mean, vl_pi, beta penalty= 1 85.68605041503906 38.65640640258789 958.1601600646973
ch, vs_mean, vl_pi, beta penalty= 1 85.20307159423828 37.687862396240234 933.9465599060059
ch, vs_mean, vl_pi, beta penalty= 1 85.27393341064453 36.74729537963867 910.4323844909668
evaluate_num:21 	 evaluate_reward:115.66666666666667 	 evaluate_cost:0.0 	 evaluate_max_cost:0.0
ch, vs_mean, vl_pi, beta penalty= 1 84.8674545288086 35.45109176635742 878.0272941589355
ch, vs_mean, vl_pi, beta penalty= 1 85.0762939453125 35.889198303222656 888.9799575805664
ch, vs_mean, vl_pi, beta penalty= 1 85.15623474121094 35.995662689208984 891.6415672302246
ch, vs_mean, vl_pi, beta penalty= 1 84.73551940917969 34.829463958740234 862.4865989685059
ch, vs_mean, vl_pi, beta penalty= 1 85.4934310913086 36.268882751464844 898.4720687866211
evaluate_num:22 	 evaluate_reward:117.66666666666667 	 evaluate_cost:0.0 	 evaluate_max_cost:0.0
ch, vs_mean, vl_pi, beta penalty= 1 84.60884094238281 35.04878234863281 867.9695587158203
ch, vs_mean, vl_pi, beta penalty= 1 84.27818298339844 33.76197814941406 835.7994537353516
ch, vs_mean, vl_pi, beta penalty= 1 84.6190414428711 33.53245544433594 830.0613861083984
ch, vs_mean, vl_pi, beta penalty= 1 84.92353820800781 32.09837341308594 794.2093353271484
ch, vs_mean, vl_pi, beta penalty= 1 83.34103393554688 37.231056213378906 922.5264053344727
ch, vs_mean, vl_pi, beta penalty= 1 84.0866928100586 30.661338806152344 758.2834701538086
evaluate_num:23 	 evaluate_reward:115.66666666666667 	 evaluate_cost:0.0 	 evaluate_max_cost:0.0
ch, vs_mean, vl_pi, beta penalty= 1 84.65756225585938 32.494483947753906 804.1120986938477
ch, vs_mean, vl_pi, beta penalty= 1 84.22456359863281 32.909610748291016 814.4902687072754
ch, vs_mean, vl_pi, beta penalty= 1 84.35010528564453 29.826251983642578 737.4062995910645
ch, vs_mean, vl_pi, beta penalty= 1 83.35137939453125 30.644329071044922 757.858226776123
ch, vs_mean, vl_pi, beta penalty= 1 84.24072265625 30.664222717285156 758.3555679321289
ch, vs_mean, vl_pi, beta penalty= 1 84.49543762207031 29.070859909057617 718.5214977264404
evaluate_num:24 	 evaluate_reward:117.33333333333333 	 evaluate_cost:0.0 	 evaluate_max_cost:0.0
ch, vs_mean, vl_pi, beta penalty= 1 82.97412109375 30.276809692382812 748.6702423095703
ch, vs_mean, vl_pi, beta penalty= 1 84.20616912841797 28.882862091064453 713.8215522766113
ch, vs_mean, vl_pi, beta penalty= 1 83.70828247070312 29.851804733276367 738.0451183319092
ch, vs_mean, vl_pi, beta penalty= 1 83.2145767211914 30.646347045898438 757.9086761474609
ch, vs_mean, vl_pi, beta penalty= 1 83.51080322265625 31.579021453857422 781.2255363464355
evaluate_num:25 	 evaluate_reward:112.66666666666667 	 evaluate_cost:0.0 	 evaluate_max_cost:0.0
ch, vs_mean, vl_pi, beta penalty= 1 83.5778579711914 35.38655090332031 876.4137725830078
ch, vs_mean, vl_pi, beta penalty= 1 83.88402557373047 29.300857543945312 724.2714385986328
ch, vs_mean, vl_pi, beta penalty= 1 82.92269134521484 29.88882827758789 738.9707069396973
ch, vs_mean, vl_pi, beta penalty= 1 83.16368865966797 29.445266723632812 727.8816680908203
ch, vs_mean, vl_pi, beta penalty= 1 82.97883605957031 29.40871810913086 726.9679527282715
ch, vs_mean, vl_pi, beta penalty= 1 82.47633361816406 30.601158142089844 756.7789535522461
evaluate_num:26 	 evaluate_reward:113.33333333333333 	 evaluate_cost:0.0 	 evaluate_max_cost:0.0
ch, vs_mean, vl_pi, beta penalty= 1 82.62101745605469 28.222471237182617 697.3117809295654
ch, vs_mean, vl_pi, beta penalty= 1 82.7178955078125 27.262283325195312 673.3070831298828
ch, vs_mean, vl_pi, beta penalty= 1 81.90665435791016 29.17905044555664 721.226261138916
ch, vs_mean, vl_pi, beta penalty= 1 81.931640625 27.930892944335938 690.0223236083984
ch, vs_mean, vl_pi, beta penalty= 1 83.04116821289062 27.976394653320312 691.1598663330078
evaluate_num:27 	 evaluate_reward:114.66666666666667 	 evaluate_cost:0.0 	 evaluate_max_cost:0.0
ch, vs_mean, vl_pi, beta penalty= 1 82.23280334472656 27.454975128173828 678.1243782043457
ch, vs_mean, vl_pi, beta penalty= 1 81.80219268798828 27.871177673339844 688.5294418334961
ch, vs_mean, vl_pi, beta penalty= 1 81.6929931640625 27.547590255737305 680.4397563934326
ch, vs_mean, vl_pi, beta penalty= 1 82.46083068847656 27.132644653320312 670.0661163330078
ch, vs_mean, vl_pi, beta penalty= 1 81.48834991455078 28.584775924682617 706.3693981170654
ch, vs_mean, vl_pi, beta penalty= 1 81.93074798583984 27.392839431762695 676.5709857940674
evaluate_num:28 	 evaluate_reward:112.66666666666667 	 evaluate_cost:0.0 	 evaluate_max_cost:0.0
ch, vs_mean, vl_pi, beta penalty= 1 81.79660034179688 28.091957092285156 694.0489273071289
ch, vs_mean, vl_pi, beta penalty= 1 81.56626892089844 25.755760192871094 635.6440048217773
ch, vs_mean, vl_pi, beta penalty= 1 81.55976104736328 24.908803939819336 614.4700984954834
ch, vs_mean, vl_pi, beta penalty= 1 81.15267944335938 25.922285079956055 639.8071269989014
ch, vs_mean, vl_pi, beta penalty= 1 80.84038543701172 25.594663619995117 631.6165904998779
evaluate_num:29 	 evaluate_reward:112.33333333333333 	 evaluate_cost:0.0 	 evaluate_max_cost:0.0
ch, vs_mean, vl_pi, beta penalty= 1 81.56754302978516 26.675172805786133 658.6293201446533
ch, vs_mean, vl_pi, beta penalty= 1 80.97177124023438 24.749021530151367 610.4755382537842
ch, vs_mean, vl_pi, beta penalty= 1 80.58285522460938 25.060243606567383 618.2560901641846
ch, vs_mean, vl_pi, beta penalty= 1 80.29012298583984 26.939674377441406 665.2418594360352
ch, vs_mean, vl_pi, beta penalty= 1 80.73594665527344 25.594810485839844 631.6202621459961
ch, vs_mean, vl_pi, beta penalty= 1 80.79833984375 26.64107894897461 657.7769737243652
evaluate_num:30 	 evaluate_reward:111.33333333333333 	 evaluate_cost:0.0 	 evaluate_max_cost:0.0
ch, vs_mean, vl_pi, beta penalty= 1 81.24931335449219 27.235122680664062 672.6280670166016
ch, vs_mean, vl_pi, beta penalty= 1 81.45924377441406 26.033140182495117 642.5785045623779
ch, vs_mean, vl_pi, beta penalty= 1 80.05120849609375 23.899700164794922 589.242504119873
ch, vs_mean, vl_pi, beta penalty= 1 79.89018249511719 23.992229461669922 591.555736541748
ch, vs_mean, vl_pi, beta penalty= 1 80.6172103881836 23.486839294433594 578.9209823608398
evaluate_num:31 	 evaluate_reward:111.66666666666667 	 evaluate_cost:0.0 	 evaluate_max_cost:0.0
ch, vs_mean, vl_pi, beta penalty= 1 80.69512176513672 25.107505798339844 619.4376449584961
ch, vs_mean, vl_pi, beta penalty= 1 80.08119201660156 24.611371994018555 607.0342998504639
ch, vs_mean, vl_pi, beta penalty= 1 79.65632629394531 23.997568130493164 591.6892032623291
ch, vs_mean, vl_pi, beta penalty= 1 80.1070327758789 23.540882110595703 580.2720527648926
ch, vs_mean, vl_pi, beta penalty= 1 79.37166595458984 24.244976043701172 597.8744010925293
ch, vs_mean, vl_pi, beta penalty= 1 79.87043762207031 23.542247772216797 580.3061943054199
evaluate_num:32 	 evaluate_reward:109.66666666666667 	 evaluate_cost:0.0 	 evaluate_max_cost:0.0
ch, vs_mean, vl_pi, beta penalty= 1 79.3558120727539 23.608457565307617 581.9614391326904
ch, vs_mean, vl_pi, beta penalty= 1 79.52388000488281 23.583229064941406 581.3307266235352
ch, vs_mean, vl_pi, beta penalty= 1 80.22369384765625 23.640993118286133 582.7748279571533
ch, vs_mean, vl_pi, beta penalty= 1 79.42724609375 23.577259063720703 581.1814765930176
ch, vs_mean, vl_pi, beta penalty= 1 79.17607116699219 23.504497528076172 579.3624382019043
evaluate_num:33 	 evaluate_reward:110.33333333333333 	 evaluate_cost:0.0 	 evaluate_max_cost:0.0
ch, vs_mean, vl_pi, beta penalty= 1 78.77247619628906 23.317445755004883 574.6861438751221
ch, vs_mean, vl_pi, beta penalty= 1 79.57855224609375 23.009340286254883 566.9835071563721
ch, vs_mean, vl_pi, beta penalty= 1 80.17899322509766 23.48781967163086 578.9454917907715
ch, vs_mean, vl_pi, beta penalty= 1 79.00507354736328 23.945837020874023 590.3959255218506
ch, vs_mean, vl_pi, beta penalty= 1 79.27747344970703 23.298023223876953 574.2005805969238
evaluate_num:34 	 evaluate_reward:115.33333333333333 	 evaluate_cost:0.0 	 evaluate_max_cost:0.0
ch, vs_mean, vl_pi, beta penalty= 1 77.10348510742188 22.391742706298828 551.5435676574707
ch, vs_mean, vl_pi, beta penalty= 1 78.92008972167969 22.764108657836914 560.8527164459229
ch, vs_mean, vl_pi, beta penalty= 1 78.96932983398438 21.889036178588867 538.9759044647217
ch, vs_mean, vl_pi, beta penalty= 1 78.67121124267578 23.522235870361328 579.8058967590332
ch, vs_mean, vl_pi, beta penalty= 1 77.57286834716797 22.445280075073242 552.882001876831
ch, vs_mean, vl_pi, beta penalty= 1 80.10957336425781 21.446462631225586 527.9115657806396
evaluate_num:35 	 evaluate_reward:111.66666666666667 	 evaluate_cost:0.0 	 evaluate_max_cost:0.0
ch, vs_mean, vl_pi, beta penalty= 1 78.22589111328125 21.868337631225586 538.4584407806396
ch, vs_mean, vl_pi, beta penalty= 1 79.23468017578125 23.089149475097656 568.9787368774414
ch, vs_mean, vl_pi, beta penalty= 1 77.55471801757812 23.151960372924805 570.5490093231201
ch, vs_mean, vl_pi, beta penalty= 1 77.98432922363281 22.473957061767578 553.5989265441895
ch, vs_mean, vl_pi, beta penalty= 1 77.75765991210938 22.835519790649414 562.6379947662354
evaluate_num:36 	 evaluate_reward:109.0 	 evaluate_cost:0.0 	 evaluate_max_cost:0.0
ch, vs_mean, vl_pi, beta penalty= 1 78.09762573242188 21.355796813964844 525.6449203491211
ch, vs_mean, vl_pi, beta penalty= 1 78.75347900390625 22.052549362182617 543.0637340545654
ch, vs_mean, vl_pi, beta penalty= 1 77.21382141113281 23.519224166870117 579.7306041717529
ch, vs_mean, vl_pi, beta penalty= 1 78.1476058959961 22.402109146118164 551.8027286529541
ch, vs_mean, vl_pi, beta penalty= 1 77.69644927978516 20.743356704711914 510.3339176177979
ch, vs_mean, vl_pi, beta penalty= 1 77.47291564941406 22.756040573120117 560.6510143280029
evaluate_num:37 	 evaluate_reward:113.0 	 evaluate_cost:0.0 	 evaluate_max_cost:0.0
ch, vs_mean, vl_pi, beta penalty= 1 76.9249496459961 24.119976043701172 594.7494010925293
ch, vs_mean, vl_pi, beta penalty= 1 77.8128890991211 24.206811904907227 596.9202976226807
ch, vs_mean, vl_pi, beta penalty= 1 76.51444244384766 24.1123046875 594.5576171875
ch, vs_mean, vl_pi, beta penalty= 1 77.3076171875 22.414306640625 552.107666015625
ch, vs_mean, vl_pi, beta penalty= 1 77.24324035644531 23.87600326538086 588.6500816345215
evaluate_num:38 	 evaluate_reward:106.66666666666667 	 evaluate_cost:0.0 	 evaluate_max_cost:0.0
ch, vs_mean, vl_pi, beta penalty= 1 77.71659088134766 21.804689407348633 536.8672351837158
ch, vs_mean, vl_pi, beta penalty= 1 76.13447570800781 24.081798553466797 593.7949638366699
ch, vs_mean, vl_pi, beta penalty= 1 76.64457702636719 22.824674606323242 562.366865158081
ch, vs_mean, vl_pi, beta penalty= 1 76.43856048583984 23.127582550048828 569.9395637512207
ch, vs_mean, vl_pi, beta penalty= 1 77.24591827392578 22.902219772338867 564.3054943084717
evaluate_num:39 	 evaluate_reward:109.33333333333333 	 evaluate_cost:0.0 	 evaluate_max_cost:0.0
ch, vs_mean, vl_pi, beta penalty= 1 77.1006851196289 21.667762756347656 533.4440689086914
ch, vs_mean, vl_pi, beta penalty= 1 75.92100524902344 24.040102005004883 592.7525501251221
ch, vs_mean, vl_pi, beta penalty= 1 76.15815734863281 22.453929901123047 553.0982475280762
ch, vs_mean, vl_pi, beta penalty= 1 76.89842987060547 21.128652572631836 519.9663143157959
ch, vs_mean, vl_pi, beta penalty= 1 76.29618835449219 23.502525329589844 579.3131332397461
ch, vs_mean, vl_pi, beta penalty= 1 76.01863861083984 24.649011611938477 607.9752902984619
evaluate_num:40 	 evaluate_reward:108.66666666666667 	 evaluate_cost:0.0 	 evaluate_max_cost:0.0
ch, vs_mean, vl_pi, beta penalty= 1 76.31572723388672 23.757282257080078 585.682056427002
ch, vs_mean, vl_pi, beta penalty= 1 76.06859588623047 23.624570846557617 582.3642711639404
ch, vs_mean, vl_pi, beta penalty= 1 75.6397933959961 23.605175018310547 581.8793754577637
ch, vs_mean, vl_pi, beta penalty= 1 75.18534851074219 23.807714462280273 586.9428615570068
ch, vs_mean, vl_pi, beta penalty= 1 75.83138275146484 24.061216354370117 593.2804088592529
evaluate_num:41 	 evaluate_reward:107.0 	 evaluate_cost:0.0 	 evaluate_max_cost:0.0
ch, vs_mean, vl_pi, beta penalty= 1 76.41346740722656 23.186594009399414 571.4148502349854
ch, vs_mean, vl_pi, beta penalty= 1 76.01311492919922 22.793672561645508 561.5918140411377
ch, vs_mean, vl_pi, beta penalty= 1 74.9837875366211 24.20590591430664 596.897647857666
ch, vs_mean, vl_pi, beta penalty= 1 75.88414001464844 24.503755569458008 604.3438892364502
ch, vs_mean, vl_pi, beta penalty= 1 74.69664001464844 24.921852111816406 614.7963027954102
evaluate_num:42 	 evaluate_reward:109.0 	 evaluate_cost:0.0 	 evaluate_max_cost:0.0
ch, vs_mean, vl_pi, beta penalty= 1 75.27964782714844 22.332429885864258 550.0607471466064
ch, vs_mean, vl_pi, beta penalty= 1 75.57302856445312 24.345252990722656 600.3813247680664
ch, vs_mean, vl_pi, beta penalty= 1 75.16228485107422 24.35116958618164 600.529239654541
ch, vs_mean, vl_pi, beta penalty= 1 75.5302734375 23.919689178466797 589.7422294616699
ch, vs_mean, vl_pi, beta penalty= 1 75.40911865234375 23.794727325439453 586.6181831359863
ch, vs_mean, vl_pi, beta penalty= 1 75.92401123046875 24.876598358154297 613.6649589538574
evaluate_num:43 	 evaluate_reward:109.0 	 evaluate_cost:0.0 	 evaluate_max_cost:0.0
ch, vs_mean, vl_pi, beta penalty= 1 74.9850845336914 24.682884216308594 608.8221054077148
ch, vs_mean, vl_pi, beta penalty= 1 75.91958618164062 22.515066146850586 554.6266536712646
ch, vs_mean, vl_pi, beta penalty= 1 75.59297943115234 24.379444122314453 601.2361030578613
ch, vs_mean, vl_pi, beta penalty= 1 75.30477142333984 24.32912826538086 599.9782066345215
ch, vs_mean, vl_pi, beta penalty= 1 74.21321105957031 25.077049255371094 618.6762313842773
evaluate_num:44 	 evaluate_reward:103.66666666666667 	 evaluate_cost:0.0 	 evaluate_max_cost:0.0
ch, vs_mean, vl_pi, beta penalty= 1 76.28785705566406 23.835691452026367 587.6422863006592
ch, vs_mean, vl_pi, beta penalty= 1 74.9671630859375 24.774473190307617 611.1118297576904
ch, vs_mean, vl_pi, beta penalty= 1 75.24131774902344 24.555213928222656 605.6303482055664
ch, vs_mean, vl_pi, beta penalty= 1 74.83888244628906 22.115571975708008 544.6392993927002
ch, vs_mean, vl_pi, beta penalty= 1 74.77851104736328 25.229856491088867 622.4964122772217
evaluate_num:45 	 evaluate_reward:106.0 	 evaluate_cost:0.0 	 evaluate_max_cost:0.0
ch, vs_mean, vl_pi, beta penalty= 1 74.56593322753906 24.59249496459961 606.5623741149902
ch, vs_mean, vl_pi, beta penalty= 1 75.22718811035156 24.733192443847656 610.0798110961914
ch, vs_mean, vl_pi, beta penalty= 1 74.08602905273438 24.057764053344727 593.1941013336182
ch, vs_mean, vl_pi, beta penalty= 1 75.14752960205078 24.837186813354492 612.6796703338623
ch, vs_mean, vl_pi, beta penalty= 1 75.25640106201172 23.85141372680664 588.035343170166
evaluate_num:46 	 evaluate_reward:105.66666666666667 	 evaluate_cost:0.0 	 evaluate_max_cost:0.0
ch, vs_mean, vl_pi, beta penalty= 1 74.38236999511719 24.347492218017578 600.4373054504395
ch, vs_mean, vl_pi, beta penalty= 1 75.07539367675781 24.11386489868164 594.596622467041
ch, vs_mean, vl_pi, beta penalty= 1 74.09503936767578 23.794816970825195 586.6204242706299
ch, vs_mean, vl_pi, beta penalty= 1 74.83079528808594 25.540576934814453 630.2644233703613
ch, vs_mean, vl_pi, beta penalty= 1 74.52387237548828 25.230588912963867 622.5147228240967
evaluate_num:47 	 evaluate_reward:108.66666666666667 	 evaluate_cost:0.0 	 evaluate_max_cost:0.0
ch, vs_mean, vl_pi, beta penalty= 1 74.98963928222656 23.676288604736328 583.6572151184082
ch, vs_mean, vl_pi, beta penalty= 1 73.6058349609375 25.049358367919922 617.983959197998
ch, vs_mean, vl_pi, beta penalty= 1 74.09538269042969 25.111164093017578 619.5291023254395
ch, vs_mean, vl_pi, beta penalty= 1 74.49185943603516 25.09371566772461 619.0928916931152
ch, vs_mean, vl_pi, beta penalty= 1 73.35636901855469 21.826719284057617 537.4179821014404
ch, vs_mean, vl_pi, beta penalty= 1 73.17413330078125 25.097789764404297 619.1947441101074
evaluate_num:48 	 evaluate_reward:107.0 	 evaluate_cost:0.0 	 evaluate_max_cost:0.0
ch, vs_mean, vl_pi, beta penalty= 1 74.99622344970703 19.78719139099121 486.42978477478033
ch, vs_mean, vl_pi, beta penalty= 1 73.90705108642578 24.68509292602539 608.8773231506348
ch, vs_mean, vl_pi, beta penalty= 1 73.17829132080078 24.915555953979492 614.6388988494873
ch, vs_mean, vl_pi, beta penalty= 1 72.14436340332031 25.71756362915039 634.6890907287598
ch, vs_mean, vl_pi, beta penalty= 1 72.613037109375 25.184144973754883 621.3536243438721
evaluate_num:49 	 evaluate_reward:106.66666666666667 	 evaluate_cost:0.0 	 evaluate_max_cost:0.0
ch, vs_mean, vl_pi, beta penalty= 1 72.74718475341797 24.50534439086914 604.3836097717285
ch, vs_mean, vl_pi, beta penalty= 1 73.65547943115234 24.60915756225586 606.9789390563965
ch, vs_mean, vl_pi, beta penalty= 1 73.01622009277344 25.831443786621094 637.5360946655273
ch, vs_mean, vl_pi, beta penalty= 1 73.40766143798828 24.844097137451172 612.8524284362793
ch, vs_mean, vl_pi, beta penalty= 1 73.3669662475586 25.632835388183594 632.5708847045898
evaluate_num:50 	 evaluate_reward:108.33333333333333 	 evaluate_cost:0.0 	 evaluate_max_cost:0.0
ch, vs_mean, vl_pi, beta penalty= 1 72.46227264404297 25.01082992553711 617.0207481384277
ch, vs_mean, vl_pi, beta penalty= 1 73.27269744873047 25.748939514160156 635.4734878540039
ch, vs_mean, vl_pi, beta penalty= 1 72.12056732177734 26.171485900878906 646.0371475219727
ch, vs_mean, vl_pi, beta penalty= 1 72.7978515625 26.052528381347656 643.0632095336914
ch, vs_mean, vl_pi, beta penalty= 1 72.15069580078125 25.005048751831055 616.8762187957764
