n0039
Tue Mar 31 01:44:47 PM EDT 2026
/home/sm3934/miniconda3/envs/ipm_rcrl_env/bin/python
run= 8 seed= 6 env= CartPoleCostEnv
env=CartPoleCostEnv
state_dim=4
action_dim=1
max_action=10.0
max_episode_steps=1000
No env selected
------use_orthogonal_init------
------use_orthogonal_init------
------use_orthogonal_init------
evaluate_num:1 	 evaluate_reward:74.0 	 evaluate_cost:10.0 	 evaluate_max_cost:10.0
evaluate_num:2 	 evaluate_reward:40.0 	 evaluate_cost:10.0 	 evaluate_max_cost:10.0
evaluate_num:3 	 evaluate_reward:45.333333333333336 	 evaluate_cost:10.0 	 evaluate_max_cost:10.0
evaluate_num:4 	 evaluate_reward:42.666666666666664 	 evaluate_cost:10.0 	 evaluate_max_cost:10.0
evaluate_num:5 	 evaluate_reward:58.333333333333336 	 evaluate_cost:10.0 	 evaluate_max_cost:10.0
evaluate_num:6 	 evaluate_reward:53.0 	 evaluate_cost:10.0 	 evaluate_max_cost:10.0
evaluate_num:7 	 evaluate_reward:34.666666666666664 	 evaluate_cost:10.0 	 evaluate_max_cost:10.0
evaluate_num:8 	 evaluate_reward:44.666666666666664 	 evaluate_cost:10.0 	 evaluate_max_cost:10.0
evaluate_num:9 	 evaluate_reward:61.0 	 evaluate_cost:10.0 	 evaluate_max_cost:10.0
evaluate_num:10 	 evaluate_reward:46.666666666666664 	 evaluate_cost:10.0 	 evaluate_max_cost:10.0
evaluate_num:11 	 evaluate_reward:42.333333333333336 	 evaluate_cost:10.0 	 evaluate_max_cost:10.0
evaluate_num:12 	 evaluate_reward:59.666666666666664 	 evaluate_cost:10.0 	 evaluate_max_cost:10.0
evaluate_num:13 	 evaluate_reward:83.0 	 evaluate_cost:10.0 	 evaluate_max_cost:10.0
evaluate_num:14 	 evaluate_reward:77.66666666666667 	 evaluate_cost:10.0 	 evaluate_max_cost:10.0
evaluate_num:15 	 evaluate_reward:109.0 	 evaluate_cost:29.882350484984944 	 evaluate_max_cost:12.023871026247138
evaluate_num:16 	 evaluate_reward:77.66666666666667 	 evaluate_cost:10.0 	 evaluate_max_cost:10.0
evaluate_num:17 	 evaluate_reward:107.33333333333333 	 evaluate_cost:19.5492130069385 	 evaluate_max_cost:11.441489894109843
evaluate_num:18 	 evaluate_reward:187.33333333333334 	 evaluate_cost:43.62401695768972 	 evaluate_max_cost:12.404306209531807
evaluate_num:19 	 evaluate_reward:434.3333333333333 	 evaluate_cost:27.02061068260144 	 evaluate_max_cost:12.13121958923604
evaluate_num:20 	 evaluate_reward:500.0 	 evaluate_cost:17.48070721352282 	 evaluate_max_cost:1.1889227715691921
New model found! Saving model with reward: 500.0 and max cost: 1.1889227715691921
evaluate_num:21 	 evaluate_reward:500.0 	 evaluate_cost:124.48001226512149 	 evaluate_max_cost:1.4176338942562035
evaluate_num:22 	 evaluate_reward:481.3333333333333 	 evaluate_cost:149.1137173109178 	 evaluate_max_cost:12.404809003299938
evaluate_num:23 	 evaluate_reward:500.0 	 evaluate_cost:0.0 	 evaluate_max_cost:0
evaluate_num:24 	 evaluate_reward:500.0 	 evaluate_cost:0.0 	 evaluate_max_cost:0
evaluate_num:25 	 evaluate_reward:500.0 	 evaluate_cost:0.0 	 evaluate_max_cost:0
evaluate_num:26 	 evaluate_reward:500.0 	 evaluate_cost:0.0 	 evaluate_max_cost:0
evaluate_num:27 	 evaluate_reward:500.0 	 evaluate_cost:0.0 	 evaluate_max_cost:0
evaluate_num:28 	 evaluate_reward:500.0 	 evaluate_cost:0.33341225277858183 	 evaluate_max_cost:1.0002367583357454
evaluate_num:29 	 evaluate_reward:500.0 	 evaluate_cost:0.0 	 evaluate_max_cost:0
evaluate_num:30 	 evaluate_reward:500.0 	 evaluate_cost:14.633756528760065 	 evaluate_max_cost:1.0403824585183716
evaluate_num:31 	 evaluate_reward:500.0 	 evaluate_cost:45.693015434835324 	 evaluate_max_cost:1.1705006560857876
evaluate_num:32 	 evaluate_reward:500.0 	 evaluate_cost:0.0 	 evaluate_max_cost:0
evaluate_num:33 	 evaluate_reward:500.0 	 evaluate_cost:0.0 	 evaluate_max_cost:0
evaluate_num:34 	 evaluate_reward:500.0 	 evaluate_cost:0.0 	 evaluate_max_cost:0
evaluate_num:35 	 evaluate_reward:500.0 	 evaluate_cost:0.0 	 evaluate_max_cost:0
evaluate_num:36 	 evaluate_reward:500.0 	 evaluate_cost:0.0 	 evaluate_max_cost:0
evaluate_num:37 	 evaluate_reward:500.0 	 evaluate_cost:0.0 	 evaluate_max_cost:0
evaluate_num:38 	 evaluate_reward:500.0 	 evaluate_cost:0.0 	 evaluate_max_cost:0
evaluate_num:39 	 evaluate_reward:500.0 	 evaluate_cost:0.0 	 evaluate_max_cost:0
evaluate_num:40 	 evaluate_reward:500.0 	 evaluate_cost:0.0 	 evaluate_max_cost:0
evaluate_num:41 	 evaluate_reward:500.0 	 evaluate_cost:0.0 	 evaluate_max_cost:0
New model found! Saving model with reward: 500.0 and max cost: 0
evaluate_num:42 	 evaluate_reward:500.0 	 evaluate_cost:0.0 	 evaluate_max_cost:0
New model found! Saving model with reward: 500.0 and max cost: 0
evaluate_num:43 	 evaluate_reward:500.0 	 evaluate_cost:0.0 	 evaluate_max_cost:0
New model found! Saving model with reward: 500.0 and max cost: 0
evaluate_num:44 	 evaluate_reward:500.0 	 evaluate_cost:0.0 	 evaluate_max_cost:0
New model found! Saving model with reward: 500.0 and max cost: 0
evaluate_num:45 	 evaluate_reward:500.0 	 evaluate_cost:0.0 	 evaluate_max_cost:0
New model found! Saving model with reward: 500.0 and max cost: 0
evaluate_num:46 	 evaluate_reward:500.0 	 evaluate_cost:0.0 	 evaluate_max_cost:0
New model found! Saving model with reward: 500.0 and max cost: 0
evaluate_num:47 	 evaluate_reward:500.0 	 evaluate_cost:0.0 	 evaluate_max_cost:0
New model found! Saving model with reward: 500.0 and max cost: 0
evaluate_num:48 	 evaluate_reward:500.0 	 evaluate_cost:0.0 	 evaluate_max_cost:0
New model found! Saving model with reward: 500.0 and max cost: 0
evaluate_num:49 	 evaluate_reward:500.0 	 evaluate_cost:0.0 	 evaluate_max_cost:0
New model found! Saving model with reward: 500.0 and max cost: 0
evaluate_num:50 	 evaluate_reward:500.0 	 evaluate_cost:0.0 	 evaluate_max_cost:0
New model found! Saving model with reward: 500.0 and max cost: 0
evaluate_num:51 	 evaluate_reward:500.0 	 evaluate_cost:0.0 	 evaluate_max_cost:0
New model found! Saving model with reward: 500.0 and max cost: 0
evaluate_num:52 	 evaluate_reward:500.0 	 evaluate_cost:0.0 	 evaluate_max_cost:0
New model found! Saving model with reward: 500.0 and max cost: 0
evaluate_num:53 	 evaluate_reward:500.0 	 evaluate_cost:0.0 	 evaluate_max_cost:0
New model found! Saving model with reward: 500.0 and max cost: 0
evaluate_num:54 	 evaluate_reward:500.0 	 evaluate_cost:0.0 	 evaluate_max_cost:0
New model found! Saving model with reward: 500.0 and max cost: 0
evaluate_num:55 	 evaluate_reward:500.0 	 evaluate_cost:0.0 	 evaluate_max_cost:0
New model found! Saving model with reward: 500.0 and max cost: 0
evaluate_num:56 	 evaluate_reward:500.0 	 evaluate_cost:0.0 	 evaluate_max_cost:0
New model found! Saving model with reward: 500.0 and max cost: 0
evaluate_num:57 	 evaluate_reward:500.0 	 evaluate_cost:0.0 	 evaluate_max_cost:0
New model found! Saving model with reward: 500.0 and max cost: 0
evaluate_num:58 	 evaluate_reward:500.0 	 evaluate_cost:0.0 	 evaluate_max_cost:0
New model found! Saving model with reward: 500.0 and max cost: 0
evaluate_num:59 	 evaluate_reward:500.0 	 evaluate_cost:0.0 	 evaluate_max_cost:0
New model found! Saving model with reward: 500.0 and max cost: 0
evaluate_num:60 	 evaluate_reward:500.0 	 evaluate_cost:0.0 	 evaluate_max_cost:0
New model found! Saving model with reward: 500.0 and max cost: 0
evaluate_num:61 	 evaluate_reward:500.0 	 evaluate_cost:0.0 	 evaluate_max_cost:0
New model found! Saving model with reward: 500.0 and max cost: 0
evaluate_num:62 	 evaluate_reward:500.0 	 evaluate_cost:0.0 	 evaluate_max_cost:0
New model found! Saving model with reward: 500.0 and max cost: 0
evaluate_num:63 	 evaluate_reward:500.0 	 evaluate_cost:0.0 	 evaluate_max_cost:0
New model found! Saving model with reward: 500.0 and max cost: 0
evaluate_num:64 	 evaluate_reward:500.0 	 evaluate_cost:0.0 	 evaluate_max_cost:0
New model found! Saving model with reward: 500.0 and max cost: 0
evaluate_num:65 	 evaluate_reward:500.0 	 evaluate_cost:0.0 	 evaluate_max_cost:0
New model found! Saving model with reward: 500.0 and max cost: 0
evaluate_num:66 	 evaluate_reward:500.0 	 evaluate_cost:0.0 	 evaluate_max_cost:0
New model found! Saving model with reward: 500.0 and max cost: 0
evaluate_num:67 	 evaluate_reward:500.0 	 evaluate_cost:0.0 	 evaluate_max_cost:0
New model found! Saving model with reward: 500.0 and max cost: 0
evaluate_num:68 	 evaluate_reward:500.0 	 evaluate_cost:0.0 	 evaluate_max_cost:0
New model found! Saving model with reward: 500.0 and max cost: 0
evaluate_num:69 	 evaluate_reward:500.0 	 evaluate_cost:0.0 	 evaluate_max_cost:0
New model found! Saving model with reward: 500.0 and max cost: 0
evaluate_num:70 	 evaluate_reward:500.0 	 evaluate_cost:0.0 	 evaluate_max_cost:0
New model found! Saving model with reward: 500.0 and max cost: 0
evaluate_num:71 	 evaluate_reward:500.0 	 evaluate_cost:0.0 	 evaluate_max_cost:0
New model found! Saving model with reward: 500.0 and max cost: 0
evaluate_num:72 	 evaluate_reward:500.0 	 evaluate_cost:0.0 	 evaluate_max_cost:0
New model found! Saving model with reward: 500.0 and max cost: 0
evaluate_num:73 	 evaluate_reward:500.0 	 evaluate_cost:0.0 	 evaluate_max_cost:0
New model found! Saving model with reward: 500.0 and max cost: 0
evaluate_num:74 	 evaluate_reward:500.0 	 evaluate_cost:0.0 	 evaluate_max_cost:0
New model found! Saving model with reward: 500.0 and max cost: 0
evaluate_num:75 	 evaluate_reward:500.0 	 evaluate_cost:0.0 	 evaluate_max_cost:0
New model found! Saving model with reward: 500.0 and max cost: 0
evaluate_num:76 	 evaluate_reward:500.0 	 evaluate_cost:0.0 	 evaluate_max_cost:0
New model found! Saving model with reward: 500.0 and max cost: 0
evaluate_num:77 	 evaluate_reward:500.0 	 evaluate_cost:0.0 	 evaluate_max_cost:0
New model found! Saving model with reward: 500.0 and max cost: 0
evaluate_num:78 	 evaluate_reward:500.0 	 evaluate_cost:0.0 	 evaluate_max_cost:0
New model found! Saving model with reward: 500.0 and max cost: 0
evaluate_num:79 	 evaluate_reward:500.0 	 evaluate_cost:0.0 	 evaluate_max_cost:0
New model found! Saving model with reward: 500.0 and max cost: 0
evaluate_num:80 	 evaluate_reward:500.0 	 evaluate_cost:0.0 	 evaluate_max_cost:0
New model found! Saving model with reward: 500.0 and max cost: 0
evaluate_num:81 	 evaluate_reward:500.0 	 evaluate_cost:0.0 	 evaluate_max_cost:0
New model found! Saving model with reward: 500.0 and max cost: 0
evaluate_num:82 	 evaluate_reward:500.0 	 evaluate_cost:0.0 	 evaluate_max_cost:0
New model found! Saving model with reward: 500.0 and max cost: 0
evaluate_num:83 	 evaluate_reward:500.0 	 evaluate_cost:0.0 	 evaluate_max_cost:0
New model found! Saving model with reward: 500.0 and max cost: 0
evaluate_num:84 	 evaluate_reward:500.0 	 evaluate_cost:0.0 	 evaluate_max_cost:0
New model found! Saving model with reward: 500.0 and max cost: 0
evaluate_num:85 	 evaluate_reward:500.0 	 evaluate_cost:0.0 	 evaluate_max_cost:0
New model found! Saving model with reward: 500.0 and max cost: 0
evaluate_num:86 	 evaluate_reward:500.0 	 evaluate_cost:0.0 	 evaluate_max_cost:0
New model found! Saving model with reward: 500.0 and max cost: 0
evaluate_num:87 	 evaluate_reward:500.0 	 evaluate_cost:0.0 	 evaluate_max_cost:0
New model found! Saving model with reward: 500.0 and max cost: 0
evaluate_num:88 	 evaluate_reward:500.0 	 evaluate_cost:0.0 	 evaluate_max_cost:0
New model found! Saving model with reward: 500.0 and max cost: 0
evaluate_num:89 	 evaluate_reward:500.0 	 evaluate_cost:0.0 	 evaluate_max_cost:0
New model found! Saving model with reward: 500.0 and max cost: 0
