n0093
Fri Mar 27 12:37:00 AM EDT 2026
/home/sm3934/miniconda3/envs/ipm_rcrl_env/bin/python
run= 1 seed= 1 env= CartPoleCostEnv
env=CartPoleCostEnv
state_dim=4
action_dim=1
max_action=10.0
max_episode_steps=1000
No env selected
------use_orthogonal_init------
------use_orthogonal_init------
------use_orthogonal_init------
evaluate_num:1 	 evaluate_reward:40.0 	 evaluate_cost:10.0 	 evaluate_max_cost:10.0
New best model found! Saving model with reward: 40.0 and max cost: 10.0
evaluate_num:2 	 evaluate_reward:30.0 	 evaluate_cost:10.0 	 evaluate_max_cost:10.0
evaluate_num:3 	 evaluate_reward:50.666666666666664 	 evaluate_cost:10.0 	 evaluate_max_cost:10.0
New best model found! Saving model with reward: 50.666666666666664 and max cost: 10.0
evaluate_num:4 	 evaluate_reward:49.666666666666664 	 evaluate_cost:10.0 	 evaluate_max_cost:10.0
evaluate_num:5 	 evaluate_reward:50.0 	 evaluate_cost:10.0 	 evaluate_max_cost:10.0
evaluate_num:6 	 evaluate_reward:49.333333333333336 	 evaluate_cost:10.0 	 evaluate_max_cost:10.0
evaluate_num:7 	 evaluate_reward:42.0 	 evaluate_cost:10.0 	 evaluate_max_cost:10.0
evaluate_num:8 	 evaluate_reward:50.0 	 evaluate_cost:10.0 	 evaluate_max_cost:10.0
evaluate_num:9 	 evaluate_reward:50.0 	 evaluate_cost:10.0 	 evaluate_max_cost:10.0
evaluate_num:10 	 evaluate_reward:55.333333333333336 	 evaluate_cost:10.0 	 evaluate_max_cost:10.0
New best model found! Saving model with reward: 55.333333333333336 and max cost: 10.0
evaluate_num:11 	 evaluate_reward:59.0 	 evaluate_cost:10.0 	 evaluate_max_cost:10.0
New best model found! Saving model with reward: 59.0 and max cost: 10.0
evaluate_num:12 	 evaluate_reward:44.666666666666664 	 evaluate_cost:10.0 	 evaluate_max_cost:10.0
evaluate_num:13 	 evaluate_reward:46.333333333333336 	 evaluate_cost:10.0 	 evaluate_max_cost:10.0
evaluate_num:14 	 evaluate_reward:45.333333333333336 	 evaluate_cost:10.0 	 evaluate_max_cost:10.0
evaluate_num:15 	 evaluate_reward:53.0 	 evaluate_cost:10.0 	 evaluate_max_cost:10.0
evaluate_num:16 	 evaluate_reward:49.333333333333336 	 evaluate_cost:10.0 	 evaluate_max_cost:10.0
evaluate_num:17 	 evaluate_reward:63.666666666666664 	 evaluate_cost:10.0 	 evaluate_max_cost:10.0
New best model found! Saving model with reward: 63.666666666666664 and max cost: 10.0
evaluate_num:18 	 evaluate_reward:77.0 	 evaluate_cost:10.0 	 evaluate_max_cost:10.0
New best model found! Saving model with reward: 77.0 and max cost: 10.0
evaluate_num:19 	 evaluate_reward:68.66666666666667 	 evaluate_cost:10.0 	 evaluate_max_cost:10.0
evaluate_num:20 	 evaluate_reward:89.66666666666667 	 evaluate_cost:10.0 	 evaluate_max_cost:10.0
New best model found! Saving model with reward: 89.66666666666667 and max cost: 10.0
evaluate_num:21 	 evaluate_reward:110.33333333333333 	 evaluate_cost:10.0 	 evaluate_max_cost:10.0
New best model found! Saving model with reward: 110.33333333333333 and max cost: 10.0
evaluate_num:22 	 evaluate_reward:136.33333333333334 	 evaluate_cost:35.52652756984056 	 evaluate_max_cost:11.704296990023547
New best model found! Saving model with reward: 136.33333333333334 and max cost: 11.704296990023547
evaluate_num:23 	 evaluate_reward:149.66666666666666 	 evaluate_cost:19.171897818905695 	 evaluate_max_cost:11.591187172424853
New best model found! Saving model with reward: 149.66666666666666 and max cost: 11.591187172424853
evaluate_num:24 	 evaluate_reward:333.3333333333333 	 evaluate_cost:200.80606219514524 	 evaluate_max_cost:12.415920503091392
New best model found! Saving model with reward: 333.3333333333333 and max cost: 12.415920503091392
evaluate_num:25 	 evaluate_reward:320.6666666666667 	 evaluate_cost:185.55141625109442 	 evaluate_max_cost:12.4166325015021
evaluate_num:26 	 evaluate_reward:348.0 	 evaluate_cost:153.15108652161095 	 evaluate_max_cost:12.415470441924223
New best model found! Saving model with reward: 348.0 and max cost: 12.415470441924223
evaluate_num:27 	 evaluate_reward:294.3333333333333 	 evaluate_cost:130.2593172338583 	 evaluate_max_cost:12.418660509408463
evaluate_num:28 	 evaluate_reward:238.33333333333334 	 evaluate_cost:125.47208694421933 	 evaluate_max_cost:12.428256533580377
evaluate_num:29 	 evaluate_reward:381.3333333333333 	 evaluate_cost:76.15500267904127 	 evaluate_max_cost:12.426069480182926
New best model found! Saving model with reward: 381.3333333333333 and max cost: 12.426069480182926
evaluate_num:30 	 evaluate_reward:231.33333333333334 	 evaluate_cost:125.74647558606989 	 evaluate_max_cost:12.418527198195706
evaluate_num:31 	 evaluate_reward:259.6666666666667 	 evaluate_cost:137.99523581829013 	 evaluate_max_cost:12.411412123092934
evaluate_num:32 	 evaluate_reward:238.33333333333334 	 evaluate_cost:136.97468964773952 	 evaluate_max_cost:12.407906956015324
evaluate_num:33 	 evaluate_reward:242.0 	 evaluate_cost:128.45103880497848 	 evaluate_max_cost:12.424281118707171
evaluate_num:34 	 evaluate_reward:241.66666666666666 	 evaluate_cost:128.436903092761 	 evaluate_max_cost:12.415860832002167
evaluate_num:35 	 evaluate_reward:270.3333333333333 	 evaluate_cost:122.76369214309473 	 evaluate_max_cost:12.426267025176454
evaluate_num:36 	 evaluate_reward:244.33333333333334 	 evaluate_cost:119.15043830852103 	 evaluate_max_cost:12.425730020191788
evaluate_num:37 	 evaluate_reward:253.0 	 evaluate_cost:114.01859978770018 	 evaluate_max_cost:12.42471596323437
evaluate_num:38 	 evaluate_reward:379.6666666666667 	 evaluate_cost:100.92694937370347 	 evaluate_max_cost:12.433899818463765
evaluate_num:39 	 evaluate_reward:245.66666666666666 	 evaluate_cost:96.66083010884137 	 evaluate_max_cost:12.400596725998682
evaluate_num:40 	 evaluate_reward:255.0 	 evaluate_cost:93.71763900118283 	 evaluate_max_cost:12.426159033660685
evaluate_num:41 	 evaluate_reward:243.0 	 evaluate_cost:103.34326080576265 	 evaluate_max_cost:12.40885933148391
evaluate_num:42 	 evaluate_reward:334.0 	 evaluate_cost:105.70817841277623 	 evaluate_max_cost:12.43508069627165
evaluate_num:43 	 evaluate_reward:315.3333333333333 	 evaluate_cost:112.36020789417488 	 evaluate_max_cost:12.42253492531814
evaluate_num:44 	 evaluate_reward:237.33333333333334 	 evaluate_cost:119.57716281825321 	 evaluate_max_cost:12.420796802374806
evaluate_num:45 	 evaluate_reward:238.33333333333334 	 evaluate_cost:124.43037960170984 	 evaluate_max_cost:12.415816790968817
evaluate_num:46 	 evaluate_reward:279.0 	 evaluate_cost:118.36907473244624 	 evaluate_max_cost:12.418077969967982
evaluate_num:47 	 evaluate_reward:262.3333333333333 	 evaluate_cost:116.05629140272026 	 evaluate_max_cost:12.418855699070813
evaluate_num:48 	 evaluate_reward:238.33333333333334 	 evaluate_cost:119.79772659748335 	 evaluate_max_cost:12.427278657762791
evaluate_num:49 	 evaluate_reward:224.0 	 evaluate_cost:124.7694899082466 	 evaluate_max_cost:12.422258365165732
evaluate_num:50 	 evaluate_reward:245.33333333333334 	 evaluate_cost:126.20788286354734 	 evaluate_max_cost:12.42386470566226
