n0093
Fri Mar 27 12:37:02 AM EDT 2026
/home/sm3934/miniconda3/envs/ipm_rcrl_env/bin/python
run= 2 seed= 2 env= CartPoleCostEnv
env=CartPoleCostEnv
state_dim=4
action_dim=1
max_action=10.0
max_episode_steps=1000
No env selected
------use_orthogonal_init------
------use_orthogonal_init------
------use_orthogonal_init------
evaluate_num:1 	 evaluate_reward:41.333333333333336 	 evaluate_cost:10.0 	 evaluate_max_cost:10.0
New best model found! Saving model with reward: 41.333333333333336 and max cost: 10.0
evaluate_num:2 	 evaluate_reward:51.666666666666664 	 evaluate_cost:10.0 	 evaluate_max_cost:10.0
New best model found! Saving model with reward: 51.666666666666664 and max cost: 10.0
evaluate_num:3 	 evaluate_reward:37.666666666666664 	 evaluate_cost:10.0 	 evaluate_max_cost:10.0
evaluate_num:4 	 evaluate_reward:40.333333333333336 	 evaluate_cost:10.0 	 evaluate_max_cost:10.0
evaluate_num:5 	 evaluate_reward:40.666666666666664 	 evaluate_cost:10.0 	 evaluate_max_cost:10.0
evaluate_num:6 	 evaluate_reward:39.666666666666664 	 evaluate_cost:10.0 	 evaluate_max_cost:10.0
evaluate_num:7 	 evaluate_reward:41.0 	 evaluate_cost:10.0 	 evaluate_max_cost:10.0
evaluate_num:8 	 evaluate_reward:43.0 	 evaluate_cost:10.0 	 evaluate_max_cost:10.0
evaluate_num:9 	 evaluate_reward:42.666666666666664 	 evaluate_cost:10.0 	 evaluate_max_cost:10.0
evaluate_num:10 	 evaluate_reward:41.666666666666664 	 evaluate_cost:10.0 	 evaluate_max_cost:10.0
evaluate_num:11 	 evaluate_reward:40.666666666666664 	 evaluate_cost:10.0 	 evaluate_max_cost:10.0
evaluate_num:12 	 evaluate_reward:77.66666666666667 	 evaluate_cost:10.0 	 evaluate_max_cost:10.0
New best model found! Saving model with reward: 77.66666666666667 and max cost: 10.0
evaluate_num:13 	 evaluate_reward:51.666666666666664 	 evaluate_cost:10.0 	 evaluate_max_cost:10.0
evaluate_num:14 	 evaluate_reward:53.666666666666664 	 evaluate_cost:10.0 	 evaluate_max_cost:10.0
evaluate_num:15 	 evaluate_reward:52.333333333333336 	 evaluate_cost:10.0 	 evaluate_max_cost:10.0
evaluate_num:16 	 evaluate_reward:64.66666666666667 	 evaluate_cost:10.0 	 evaluate_max_cost:10.0
evaluate_num:17 	 evaluate_reward:58.333333333333336 	 evaluate_cost:10.0 	 evaluate_max_cost:10.0
evaluate_num:18 	 evaluate_reward:59.0 	 evaluate_cost:10.0 	 evaluate_max_cost:10.0
evaluate_num:19 	 evaluate_reward:77.33333333333333 	 evaluate_cost:10.0 	 evaluate_max_cost:10.0
evaluate_num:20 	 evaluate_reward:66.33333333333333 	 evaluate_cost:10.0 	 evaluate_max_cost:10.0
evaluate_num:21 	 evaluate_reward:110.33333333333333 	 evaluate_cost:10.68099648649777 	 evaluate_max_cost:11.0297762530808
New best model found! Saving model with reward: 110.33333333333333 and max cost: 11.0297762530808
evaluate_num:22 	 evaluate_reward:85.66666666666667 	 evaluate_cost:10.0 	 evaluate_max_cost:10.0
evaluate_num:23 	 evaluate_reward:136.0 	 evaluate_cost:43.09822983406966 	 evaluate_max_cost:12.109486283349455
New best model found! Saving model with reward: 136.0 and max cost: 12.109486283349455
evaluate_num:24 	 evaluate_reward:129.0 	 evaluate_cost:12.425650199941204 	 evaluate_max_cost:11.066907554263288
evaluate_num:25 	 evaluate_reward:204.33333333333334 	 evaluate_cost:16.32481546541464 	 evaluate_max_cost:11.096513787772817
New best model found! Saving model with reward: 204.33333333333334 and max cost: 11.096513787772817
evaluate_num:26 	 evaluate_reward:500.0 	 evaluate_cost:347.7716757709065 	 evaluate_max_cost:1.4296511664308438
New best model found! Saving model with reward: 500.0 and max cost: 1.4296511664308438
evaluate_num:27 	 evaluate_reward:397.3333333333333 	 evaluate_cost:216.21626829568206 	 evaluate_max_cost:12.411693327385946
evaluate_num:28 	 evaluate_reward:345.0 	 evaluate_cost:152.5259381794671 	 evaluate_max_cost:12.418436133565935
evaluate_num:29 	 evaluate_reward:284.6666666666667 	 evaluate_cost:171.19921611226678 	 evaluate_max_cost:12.405478563242443
evaluate_num:30 	 evaluate_reward:329.0 	 evaluate_cost:192.9244815203724 	 evaluate_max_cost:12.407079883631377
evaluate_num:31 	 evaluate_reward:304.0 	 evaluate_cost:156.86946584000648 	 evaluate_max_cost:12.409064052855173
evaluate_num:32 	 evaluate_reward:245.33333333333334 	 evaluate_cost:133.91328432502695 	 evaluate_max_cost:12.415629593734954
evaluate_num:33 	 evaluate_reward:250.33333333333334 	 evaluate_cost:128.34816083129925 	 evaluate_max_cost:12.420545398096799
evaluate_num:34 	 evaluate_reward:297.0 	 evaluate_cost:135.12340044511438 	 evaluate_max_cost:12.40892587592658
evaluate_num:35 	 evaluate_reward:263.6666666666667 	 evaluate_cost:137.63093588850577 	 evaluate_max_cost:12.416617825658602
evaluate_num:36 	 evaluate_reward:260.0 	 evaluate_cost:137.09867473454707 	 evaluate_max_cost:12.421344524229358
evaluate_num:37 	 evaluate_reward:255.66666666666666 	 evaluate_cost:147.7297411932451 	 evaluate_max_cost:12.414850963751237
evaluate_num:38 	 evaluate_reward:230.33333333333334 	 evaluate_cost:161.28052837022992 	 evaluate_max_cost:12.41146958453588
evaluate_num:39 	 evaluate_reward:239.33333333333334 	 evaluate_cost:161.8676908619707 	 evaluate_max_cost:12.41789639486707
evaluate_num:40 	 evaluate_reward:227.33333333333334 	 evaluate_cost:160.48744493774328 	 evaluate_max_cost:12.415912892048734
evaluate_num:41 	 evaluate_reward:226.66666666666666 	 evaluate_cost:155.16859675970338 	 evaluate_max_cost:12.413131274224131
evaluate_num:42 	 evaluate_reward:241.0 	 evaluate_cost:156.46236458201983 	 evaluate_max_cost:12.417321815610427
evaluate_num:43 	 evaluate_reward:239.0 	 evaluate_cost:151.26267038353967 	 evaluate_max_cost:12.419518949472899
evaluate_num:44 	 evaluate_reward:228.0 	 evaluate_cost:155.69513497337468 	 evaluate_max_cost:12.41896402749256
evaluate_num:45 	 evaluate_reward:238.66666666666666 	 evaluate_cost:157.04620952192093 	 evaluate_max_cost:12.41017760820777
evaluate_num:46 	 evaluate_reward:250.0 	 evaluate_cost:147.53131067832211 	 evaluate_max_cost:12.417526012810434
evaluate_num:47 	 evaluate_reward:252.66666666666666 	 evaluate_cost:142.81139433925378 	 evaluate_max_cost:12.410669068698978
evaluate_num:48 	 evaluate_reward:245.66666666666666 	 evaluate_cost:140.30675869255256 	 evaluate_max_cost:12.418234483434173
evaluate_num:49 	 evaluate_reward:245.33333333333334 	 evaluate_cost:134.64531247981947 	 evaluate_max_cost:12.422775305344139
evaluate_num:50 	 evaluate_reward:227.33333333333334 	 evaluate_cost:133.6503952590387 	 evaluate_max_cost:12.413969350714407
